<?xml version="1.0" encoding="ISO-8859-1" ?>
<link_info>
   <banner>TI ARM Linker PC v20.2.7.LTS</banner>
   <copyright>Copyright (c) 1996-2018 Texas Instruments Incorporated</copyright>
   <link_time>0x6362c5f0</link_time>
   <link_errors>0x0</link_errors>
   <output_file>lab1_sawtooth.out</output_file>
   <entry_point>
      <name>_c_int00_noargs</name>
      <address>0x2759</address>
   </entry_point>
   <input_file_list>
      <input_file id="fl-2">
         <path>.\</path>
         <kind>object</kind>
         <file>main.obj</file>
         <name>main.obj</name>
      </input_file>
      <input_file id="fl-3">
         <path>.\</path>
         <kind>object</kind>
         <file>startup_msp432p401r_ccs.obj</file>
         <name>startup_msp432p401r_ccs.obj</name>
      </input_file>
      <input_file id="fl-4">
         <path>.\</path>
         <kind>object</kind>
         <file>system_msp432p401r.obj</file>
         <name>system_msp432p401r.obj</name>
      </input_file>
      <input_file id="fl-a">
         <kind>object</kind>
         <file>&lt;internal&gt;</file>
         <name>&lt;internal&gt;</name>
      </input_file>
      <input_file id="fl-c0">
         <path>C:\ti\ccs1210\ccs\tools\compiler\ti-cgt-arm_20.2.7.LTS\lib\</path>
         <kind>archive</kind>
         <file>rtsv7M4_T_le_v4SPD16_eabi.lib</file>
         <name>copy_zero_init.c.obj</name>
      </input_file>
      <input_file id="fl-c1">
         <path>C:\ti\ccs1210\ccs\tools\compiler\ti-cgt-arm_20.2.7.LTS\lib\</path>
         <kind>archive</kind>
         <file>rtsv7M4_T_le_v4SPD16_eabi.lib</file>
         <name>copy_decompress_none.c.obj</name>
      </input_file>
      <input_file id="fl-c2">
         <path>C:\ti\ccs1210\ccs\tools\compiler\ti-cgt-arm_20.2.7.LTS\lib\</path>
         <kind>archive</kind>
         <file>rtsv7M4_T_le_v4SPD16_eabi.lib</file>
         <name>copy_decompress_lzss.c.obj</name>
      </input_file>
      <input_file id="fl-c3">
         <path>C:\ti\ccs1210\ccs\tools\compiler\ti-cgt-arm_20.2.7.LTS\lib\</path>
         <kind>archive</kind>
         <file>rtsv7M4_T_le_v4SPD16_eabi.lib</file>
         <name>boot_cortex_m.c.obj</name>
      </input_file>
      <input_file id="fl-c4">
         <path>C:\ti\ccs1210\ccs\tools\compiler\ti-cgt-arm_20.2.7.LTS\lib\</path>
         <kind>archive</kind>
         <file>rtsv7M4_T_le_v4SPD16_eabi.lib</file>
         <name>memcpy_t2.asm.obj</name>
      </input_file>
      <input_file id="fl-c5">
         <path>C:\ti\ccs1210\ccs\tools\compiler\ti-cgt-arm_20.2.7.LTS\lib\</path>
         <kind>archive</kind>
         <file>rtsv7M4_T_le_v4SPD16_eabi.lib</file>
         <name>memset_t2.asm.obj</name>
      </input_file>
      <input_file id="fl-c6">
         <path>C:\ti\ccs1210\ccs\tools\compiler\ti-cgt-arm_20.2.7.LTS\lib\</path>
         <kind>archive</kind>
         <file>rtsv7M4_T_le_v4SPD16_eabi.lib</file>
         <name>autoinit.c.obj</name>
      </input_file>
      <input_file id="fl-c7">
         <path>C:\ti\ccs1210\ccs\tools\compiler\ti-cgt-arm_20.2.7.LTS\lib\</path>
         <kind>archive</kind>
         <file>rtsv7M4_T_le_v4SPD16_eabi.lib</file>
         <name>pre_init.c.obj</name>
      </input_file>
      <input_file id="fl-c8">
         <path>C:\ti\ccs1210\ccs\tools\compiler\ti-cgt-arm_20.2.7.LTS\lib\</path>
         <kind>archive</kind>
         <file>rtsv7M4_T_le_v4SPD16_eabi.lib</file>
         <name>cpy_tbl.c.obj</name>
      </input_file>
      <input_file id="fl-c9">
         <path>C:\ti\ccs1210\ccs\tools\compiler\ti-cgt-arm_20.2.7.LTS\lib\</path>
         <kind>archive</kind>
         <file>rtsv7M4_T_le_v4SPD16_eabi.lib</file>
         <name>exit.c.obj</name>
      </input_file>
      <input_file id="fl-ca">
         <path>C:\ti\ccs1210\ccs\tools\compiler\ti-cgt-arm_20.2.7.LTS\lib\</path>
         <kind>archive</kind>
         <file>rtsv7M4_T_le_v4SPD16_eabi.lib</file>
         <name>_lock.c.obj</name>
      </input_file>
      <input_file id="fl-cb">
         <path>C:\ti\ccs1210\ccs\tools\compiler\ti-cgt-arm_20.2.7.LTS\lib\</path>
         <kind>archive</kind>
         <file>rtsv7M4_T_le_v4SPD16_eabi.lib</file>
         <name>args_main.c.obj</name>
      </input_file>
      <input_file id="fl-cc">
         <path>C:\Users\Cristian\workspace_v12\xlaudio_lib\Debug\</path>
         <kind>archive</kind>
         <file>xlaudio_lib.lib</file>
         <name>xlaudio.obj</name>
      </input_file>
      <input_file id="fl-cd">
         <path>C:\Users\Cristian\workspace_v12\xlaudio_lib\Debug\</path>
         <kind>archive</kind>
         <file>xlaudio_lib.lib</file>
         <name>xlaudio_armdsp.obj</name>
      </input_file>
      <input_file id="fl-ce">
         <path>C:\Users\Cristian\workspace_v12\xlaudio_lib\Debug\</path>
         <kind>archive</kind>
         <file>xlaudio_lib.lib</file>
         <name>dac8311.obj</name>
      </input_file>
      <input_file id="fl-cf">
         <path>C:\ti\simplelink_msp432p4_sdk_3_40_01_02\source\ti\devices\msp432p4xx\driverlib\ccs\</path>
         <kind>archive</kind>
         <file>msp432p4xx_driverlib.lib</file>
         <name>adc14.o</name>
      </input_file>
      <input_file id="fl-d0">
         <path>C:\ti\simplelink_msp432p4_sdk_3_40_01_02\source\ti\devices\msp432p4xx\driverlib\ccs\</path>
         <kind>archive</kind>
         <file>msp432p4xx_driverlib.lib</file>
         <name>cs.o</name>
      </input_file>
      <input_file id="fl-d1">
         <path>C:\ti\simplelink_msp432p4_sdk_3_40_01_02\source\ti\devices\msp432p4xx\driverlib\ccs\</path>
         <kind>archive</kind>
         <file>msp432p4xx_driverlib.lib</file>
         <name>dma.o</name>
      </input_file>
      <input_file id="fl-d2">
         <path>C:\ti\simplelink_msp432p4_sdk_3_40_01_02\source\ti\devices\msp432p4xx\driverlib\ccs\</path>
         <kind>archive</kind>
         <file>msp432p4xx_driverlib.lib</file>
         <name>flash.o</name>
      </input_file>
      <input_file id="fl-d3">
         <path>C:\ti\simplelink_msp432p4_sdk_3_40_01_02\source\ti\devices\msp432p4xx\driverlib\ccs\</path>
         <kind>archive</kind>
         <file>msp432p4xx_driverlib.lib</file>
         <name>gpio.o</name>
      </input_file>
      <input_file id="fl-d4">
         <path>C:\ti\simplelink_msp432p4_sdk_3_40_01_02\source\ti\devices\msp432p4xx\driverlib\ccs\</path>
         <kind>archive</kind>
         <file>msp432p4xx_driverlib.lib</file>
         <name>interrupt.o</name>
      </input_file>
      <input_file id="fl-d5">
         <path>C:\ti\simplelink_msp432p4_sdk_3_40_01_02\source\ti\devices\msp432p4xx\driverlib\ccs\</path>
         <kind>archive</kind>
         <file>msp432p4xx_driverlib.lib</file>
         <name>pcm.o</name>
      </input_file>
      <input_file id="fl-d6">
         <path>C:\ti\simplelink_msp432p4_sdk_3_40_01_02\source\ti\devices\msp432p4xx\driverlib\ccs\</path>
         <kind>archive</kind>
         <file>msp432p4xx_driverlib.lib</file>
         <name>rtc_c.o</name>
      </input_file>
      <input_file id="fl-d7">
         <path>C:\ti\simplelink_msp432p4_sdk_3_40_01_02\source\ti\devices\msp432p4xx\driverlib\ccs\</path>
         <kind>archive</kind>
         <file>msp432p4xx_driverlib.lib</file>
         <name>spi.o</name>
      </input_file>
      <input_file id="fl-d8">
         <path>C:\ti\simplelink_msp432p4_sdk_3_40_01_02\source\ti\devices\msp432p4xx\driverlib\ccs\</path>
         <kind>archive</kind>
         <file>msp432p4xx_driverlib.lib</file>
         <name>sysctl.o</name>
      </input_file>
      <input_file id="fl-d9">
         <path>C:\ti\simplelink_msp432p4_sdk_3_40_01_02\source\ti\devices\msp432p4xx\driverlib\ccs\</path>
         <kind>archive</kind>
         <file>msp432p4xx_driverlib.lib</file>
         <name>sysctl_a.o</name>
      </input_file>
      <input_file id="fl-da">
         <path>C:\ti\simplelink_msp432p4_sdk_3_40_01_02\source\ti\devices\msp432p4xx\driverlib\ccs\</path>
         <kind>archive</kind>
         <file>msp432p4xx_driverlib.lib</file>
         <name>timer32.o</name>
      </input_file>
      <input_file id="fl-db">
         <path>C:\ti\simplelink_msp432p4_sdk_3_40_01_02\source\ti\devices\msp432p4xx\driverlib\ccs\</path>
         <kind>archive</kind>
         <file>msp432p4xx_driverlib.lib</file>
         <name>timer_a.o</name>
      </input_file>
      <input_file id="fl-dc">
         <path>C:\ti\simplelink_msp432p4_sdk_3_40_01_02\source\ti\devices\msp432p4xx\driverlib\ccs\</path>
         <kind>archive</kind>
         <file>msp432p4xx_driverlib.lib</file>
         <name>wdt_a.o</name>
      </input_file>
      <input_file id="fl-dd">
         <path>C:\ti\simplelink_msp432p4_sdk_3_40_01_02\source\ti\devices\msp432p4xx\driverlib\ccs\</path>
         <kind>archive</kind>
         <file>msp432p4xx_driverlib.lib</file>
         <name>cpu.o</name>
      </input_file>
      <input_file id="fl-de">
         <path>C:\ti\ccs1210\ccs\tools\compiler\ti-cgt-arm_20.2.7.LTS\lib\</path>
         <kind>archive</kind>
         <file>rtsv7M4_T_le_v4SPD16_eabi.lib</file>
         <name>qsort.c.obj</name>
      </input_file>
   </input_file_list>
   <object_component_list>
      <object_component id="oc-26">
         <name>.intvecs:retain</name>
         <load_address>0x0</load_address>
         <run_address>0x0</run_address>
         <size>0xe4</size>
         <input_file_ref idref="fl-3"/>
      </object_component>
      <object_component id="oc-6d">
         <name>.text</name>
         <load_address>0xe4</load_address>
         <run_address>0xe4</run_address>
         <size>0xa90</size>
         <input_file_ref idref="fl-cc"/>
      </object_component>
      <object_component id="oc-ab">
         <name>.text</name>
         <load_address>0xb74</load_address>
         <run_address>0xb74</run_address>
         <size>0x334</size>
         <input_file_ref idref="fl-4"/>
      </object_component>
      <object_component id="oc-16c">
         <name>.text:DMA_assignChannel</name>
         <load_address>0xea8</load_address>
         <run_address>0xea8</run_address>
         <size>0x210</size>
         <input_file_ref idref="fl-d1"/>
      </object_component>
      <object_component id="oc-220">
         <name>.text</name>
         <load_address>0x10b8</load_address>
         <run_address>0x10b8</run_address>
         <size>0x1ec</size>
         <input_file_ref idref="fl-cd"/>
      </object_component>
      <object_component id="oc-2aa">
         <name>.text:_getIndexForMemRegister</name>
         <load_address>0x12a4</load_address>
         <run_address>0x12a4</run_address>
         <size>0x160</size>
         <input_file_ref idref="fl-cf"/>
      </object_component>
      <object_component id="oc-419">
         <name>.text:__PCM_setPowerModeAdvanced</name>
         <load_address>0x1404</load_address>
         <run_address>0x1404</run_address>
         <size>0x15c</size>
         <input_file_ref idref="fl-d5"/>
      </object_component>
      <object_component id="oc-290">
         <name>.text:privateTimer_AProcessClockSourceDivider</name>
         <load_address>0x1560</load_address>
         <run_address>0x1560</run_address>
         <size>0x144</size>
         <input_file_ref idref="fl-db"/>
      </object_component>
      <object_component id="oc-e2">
         <name>.text:CS_initClockSignal</name>
         <load_address>0x16a4</load_address>
         <run_address>0x16a4</run_address>
         <size>0x130</size>
         <input_file_ref idref="fl-d0"/>
      </object_component>
      <object_component id="oc-284">
         <name>.text:__PCM_setCoreVoltageLevelAdvanced</name>
         <load_address>0x17d4</load_address>
         <run_address>0x17d4</run_address>
         <size>0x108</size>
         <input_file_ref idref="fl-d5"/>
      </object_component>
      <object_component id="oc-160">
         <name>.text:DMA_setChannelTransfer</name>
         <load_address>0x18dc</load_address>
         <run_address>0x18dc</run_address>
         <size>0xf0</size>
         <input_file_ref idref="fl-d1"/>
      </object_component>
      <object_component id="oc-178">
         <name>.text</name>
         <load_address>0x19cc</load_address>
         <run_address>0x19cc</run_address>
         <size>0xec</size>
         <input_file_ref idref="fl-ce"/>
      </object_component>
      <object_component id="oc-1e6">
         <name>.text:qsort</name>
         <load_address>0x1ab8</load_address>
         <run_address>0x1ab8</run_address>
         <size>0xba</size>
         <input_file_ref idref="fl-de"/>
      </object_component>
      <object_component id="oc-136">
         <name>.text:ADC14_configureConversionMemory</name>
         <load_address>0x1b74</load_address>
         <run_address>0x1b74</run_address>
         <size>0xb4</size>
         <input_file_ref idref="fl-cf"/>
      </object_component>
      <object_component id="oc-2cd">
         <name>.text:SPI_initMaster</name>
         <load_address>0x1c28</load_address>
         <run_address>0x1c28</run_address>
         <size>0xb0</size>
         <input_file_ref idref="fl-d7"/>
      </object_component>
      <object_component id="oc-37">
         <name>.text</name>
         <load_address>0x1cd8</load_address>
         <run_address>0x1cd8</run_address>
         <size>0x9c</size>
         <input_file_ref idref="fl-c4"/>
      </object_component>
      <object_component id="oc-b2">
         <name>.text:GPIO_setAsPeripheralModuleFunctionInputPin</name>
         <load_address>0x1d74</load_address>
         <run_address>0x1d74</run_address>
         <size>0x88</size>
         <input_file_ref idref="fl-d3"/>
      </object_component>
      <object_component id="oc-2c7">
         <name>.text:GPIO_setAsPeripheralModuleFunctionOutputPin</name>
         <load_address>0x1dfc</load_address>
         <run_address>0x1dfc</run_address>
         <size>0x88</size>
         <input_file_ref idref="fl-d3"/>
      </object_component>
      <object_component id="oc-17e">
         <name>.text:DMA_getChannelAttribute</name>
         <load_address>0x1e84</load_address>
         <run_address>0x1e84</run_address>
         <size>0x80</size>
         <input_file_ref idref="fl-d1"/>
      </object_component>
      <object_component id="oc-100">
         <name>.text:Interrupt_enableInterrupt</name>
         <load_address>0x1f04</load_address>
         <run_address>0x1f04</run_address>
         <size>0x80</size>
         <input_file_ref idref="fl-d4"/>
      </object_component>
      <object_component id="oc-8d">
         <name>.text</name>
         <load_address>0x1f84</load_address>
         <run_address>0x1f84</run_address>
         <size>0x7a</size>
         <input_file_ref idref="fl-c5"/>
      </object_component>
      <object_component id="oc-f4">
         <name>.text:Timer_A_generatePWM</name>
         <load_address>0x2000</load_address>
         <run_address>0x2000</run_address>
         <size>0x74</size>
         <input_file_ref idref="fl-db"/>
      </object_component>
      <object_component id="oc-1a9">
         <name>.text:Timer32_initModule</name>
         <load_address>0x2074</load_address>
         <run_address>0x2074</run_address>
         <size>0x68</size>
         <input_file_ref idref="fl-da"/>
      </object_component>
      <object_component id="oc-17">
         <name>.text:decompress:lzss:__TI_decompress_lzss</name>
         <load_address>0x20dc</load_address>
         <run_address>0x20dc</run_address>
         <size>0x68</size>
         <input_file_ref idref="fl-c2"/>
      </object_component>
      <object_component id="oc-154">
         <name>.text:DMA_disableChannelAttribute</name>
         <load_address>0x2144</load_address>
         <run_address>0x2144</run_address>
         <size>0x64</size>
         <input_file_ref idref="fl-d1"/>
      </object_component>
      <object_component id="oc-166">
         <name>.text:DMA_assignInterrupt</name>
         <load_address>0x21a8</load_address>
         <run_address>0x21a8</run_address>
         <size>0x60</size>
         <input_file_ref idref="fl-d1"/>
      </object_component>
      <object_component id="oc-99">
         <name>.text</name>
         <load_address>0x2208</load_address>
         <run_address>0x2208</run_address>
         <size>0x60</size>
         <input_file_ref idref="fl-2"/>
      </object_component>
      <object_component id="oc-389">
         <name>.text:PCM_getCoreVoltageLevel</name>
         <load_address>0x2268</load_address>
         <run_address>0x2268</run_address>
         <size>0x5e</size>
         <input_file_ref idref="fl-d5"/>
      </object_component>
      <object_component id="oc-383">
         <name>.text:PCM_getPowerMode</name>
         <load_address>0x22c6</load_address>
         <run_address>0x22c6</run_address>
         <size>0x5a</size>
         <input_file_ref idref="fl-d5"/>
      </object_component>
      <object_component id="oc-130">
         <name>.text:ADC14_configureSingleSampleMode</name>
         <load_address>0x2320</load_address>
         <run_address>0x2320</run_address>
         <size>0x58</size>
         <input_file_ref idref="fl-cf"/>
      </object_component>
      <object_component id="oc-e8">
         <name>.text:GPIO_setAsInputPinWithPullUpResistor</name>
         <load_address>0x2378</load_address>
         <run_address>0x2378</run_address>
         <size>0x58</size>
         <input_file_ref idref="fl-d3"/>
      </object_component>
      <object_component id="oc-11e">
         <name>.text:ADC14_initModule</name>
         <load_address>0x23d0</load_address>
         <run_address>0x23d0</run_address>
         <size>0x54</size>
         <input_file_ref idref="fl-cf"/>
      </object_component>
      <object_component id="oc-2be">
         <name>.text:DMA_enableInterrupt</name>
         <load_address>0x2424</load_address>
         <run_address>0x2424</run_address>
         <size>0x4c</size>
         <input_file_ref idref="fl-d1"/>
      </object_component>
      <object_component id="oc-c4">
         <name>.text:GPIO_setAsInputPin</name>
         <load_address>0x2470</load_address>
         <run_address>0x2470</run_address>
         <size>0x4c</size>
         <input_file_ref idref="fl-d3"/>
      </object_component>
      <object_component id="oc-12a">
         <name>.text:ADC14_setSampleHoldTrigger</name>
         <load_address>0x24bc</load_address>
         <run_address>0x24bc</run_address>
         <size>0x48</size>
         <input_file_ref idref="fl-cf"/>
      </object_component>
      <object_component id="oc-d6">
         <name>.text:FlashCtl_setWaitState</name>
         <load_address>0x2504</load_address>
         <run_address>0x2504</run_address>
         <size>0x48</size>
         <input_file_ref idref="fl-d2"/>
      </object_component>
      <object_component id="oc-23c">
         <name>.text:__TI_auto_init_nobinit_nopinit:__TI_auto_init_nobinit_nopinit</name>
         <load_address>0x254c</load_address>
         <run_address>0x254c</run_address>
         <size>0x44</size>
         <input_file_ref idref="fl-c6"/>
      </object_component>
      <object_component id="oc-b8">
         <name>.text:GPIO_setAsOutputPin</name>
         <load_address>0x2590</load_address>
         <run_address>0x2590</run_address>
         <size>0x40</size>
         <input_file_ref idref="fl-d3"/>
      </object_component>
      <object_component id="oc-3c5">
         <name>.text:is_A_Module</name>
         <load_address>0x25d0</load_address>
         <run_address>0x25d0</run_address>
         <size>0x40</size>
         <input_file_ref idref="fl-d7"/>
      </object_component>
      <object_component id="oc-15a">
         <name>.text:DMA_setChannelControl</name>
         <load_address>0x2610</load_address>
         <run_address>0x2610</run_address>
         <size>0x3c</size>
         <input_file_ref idref="fl-d1"/>
      </object_component>
      <object_component id="oc-191">
         <name>.text:ADC14_getEnabledInterruptStatus</name>
         <load_address>0x264c</load_address>
         <run_address>0x264c</run_address>
         <size>0x38</size>
         <input_file_ref idref="fl-cf"/>
      </object_component>
      <object_component id="oc-1f2">
         <name>.text:Timer32_startTimer</name>
         <load_address>0x2684</load_address>
         <run_address>0x2684</run_address>
         <size>0x38</size>
         <input_file_ref idref="fl-da"/>
      </object_component>
      <object_component id="oc-124">
         <name>.text:ADC14_enableSampleTimer</name>
         <load_address>0x26bc</load_address>
         <run_address>0x26bc</run_address>
         <size>0x34</size>
         <input_file_ref idref="fl-cf"/>
      </object_component>
      <object_component id="oc-dc">
         <name>.text:CS_setDCOCenteredFrequency</name>
         <load_address>0x26f0</load_address>
         <run_address>0x26f0</run_address>
         <size>0x34</size>
         <input_file_ref idref="fl-d0"/>
      </object_component>
      <object_component id="oc-1ec">
         <name>.text:Timer32_setCount</name>
         <load_address>0x2724</load_address>
         <run_address>0x2724</run_address>
         <size>0x34</size>
         <input_file_ref idref="fl-da"/>
      </object_component>
      <object_component id="oc-55">
         <name>.text:_c_int00_noargs:_c_int00_noargs</name>
         <load_address>0x2758</load_address>
         <run_address>0x2758</run_address>
         <size>0x34</size>
         <input_file_ref idref="fl-c3"/>
      </object_component>
      <object_component id="oc-197">
         <name>.text:ADC14_clearInterruptFlag</name>
         <load_address>0x278c</load_address>
         <run_address>0x278c</run_address>
         <size>0x30</size>
         <input_file_ref idref="fl-cf"/>
      </object_component>
      <object_component id="oc-142">
         <name>.text:ADC14_enableInterrupt</name>
         <load_address>0x27bc</load_address>
         <run_address>0x27bc</run_address>
         <size>0x30</size>
         <input_file_ref idref="fl-cf"/>
      </object_component>
      <object_component id="oc-ee">
         <name>.text:GPIO_getInputPinValue</name>
         <load_address>0x27ec</load_address>
         <run_address>0x27ec</run_address>
         <size>0x30</size>
         <input_file_ref idref="fl-d3"/>
      </object_component>
      <object_component id="oc-31c">
         <name>.text:ADC14_getInterruptStatus</name>
         <load_address>0x281c</load_address>
         <run_address>0x281c</run_address>
         <size>0x2c</size>
         <input_file_ref idref="fl-cf"/>
      </object_component>
      <object_component id="oc-1bc">
         <name>.text:ADC14_toggleConversionTrigger</name>
         <load_address>0x2848</load_address>
         <run_address>0x2848</run_address>
         <size>0x2c</size>
         <input_file_ref idref="fl-cf"/>
      </object_component>
      <object_component id="oc-172">
         <name>.text:Timer_A_clearCaptureCompareInterrupt</name>
         <load_address>0x2874</load_address>
         <run_address>0x2874</run_address>
         <size>0x2c</size>
         <input_file_ref idref="fl-db"/>
      </object_component>
      <object_component id="oc-fa">
         <name>.text:Timer_A_enableCaptureCompareInterrupt</name>
         <load_address>0x28a0</load_address>
         <run_address>0x28a0</run_address>
         <size>0x2c</size>
         <input_file_ref idref="fl-db"/>
      </object_component>
      <object_component id="oc-1b6">
         <name>.text:ADC14_enableConversion</name>
         <load_address>0x28cc</load_address>
         <run_address>0x28cc</run_address>
         <size>0x28</size>
         <input_file_ref idref="fl-cf"/>
      </object_component>
      <object_component id="oc-19d">
         <name>.text:ADC14_getResult</name>
         <load_address>0x28f4</load_address>
         <run_address>0x28f4</run_address>
         <size>0x28</size>
         <input_file_ref idref="fl-cf"/>
      </object_component>
      <object_component id="oc-ca">
         <name>.text:GPIO_setOutputHighOnPin</name>
         <load_address>0x291c</load_address>
         <run_address>0x291c</run_address>
         <size>0x28</size>
         <input_file_ref idref="fl-d3"/>
      </object_component>
      <object_component id="oc-be">
         <name>.text:GPIO_setOutputLowOnPin</name>
         <load_address>0x2944</load_address>
         <run_address>0x2944</run_address>
         <size>0x28</size>
         <input_file_ref idref="fl-d3"/>
      </object_component>
      <object_component id="oc-1ce">
         <name>.text:PCM_gotoLPM0</name>
         <load_address>0x296c</load_address>
         <run_address>0x296c</run_address>
         <size>0x28</size>
         <input_file_ref idref="fl-d5"/>
      </object_component>
      <object_component id="oc-226">
         <name>.text:WDT_A_holdTimer</name>
         <load_address>0x2994</load_address>
         <run_address>0x2994</run_address>
         <size>0x24</size>
         <input_file_ref idref="fl-dc"/>
      </object_component>
      <object_component id="oc-13c">
         <name>.text:ADC14_setResolution</name>
         <load_address>0x29b8</load_address>
         <run_address>0x29b8</run_address>
         <size>0x20</size>
         <input_file_ref idref="fl-cf"/>
      </object_component>
      <object_component id="oc-1d4">
         <name>.text:DMA_enableChannel</name>
         <load_address>0x29d8</load_address>
         <run_address>0x29d8</run_address>
         <size>0x1c</size>
         <input_file_ref idref="fl-d1"/>
      </object_component>
      <object_component id="oc-2d9">
         <name>.text:EUSCI_B_SPI_isBusy</name>
         <load_address>0x29f4</load_address>
         <run_address>0x29f4</run_address>
         <size>0x1c</size>
         <input_file_ref idref="fl-d7"/>
      </object_component>
      <object_component id="oc-2d3">
         <name>.text:SPI_enableModule</name>
         <load_address>0x2a10</load_address>
         <run_address>0x2a10</run_address>
         <size>0x1c</size>
         <input_file_ref idref="fl-d7"/>
      </object_component>
      <object_component id="oc-106">
         <name>.text:Timer_A_clearTimer</name>
         <load_address>0x2a2c</load_address>
         <run_address>0x2a2c</run_address>
         <size>0x18</size>
         <input_file_ref idref="fl-db"/>
      </object_component>
      <object_component id="oc-3cd">
         <name>.text:EUSCI_A_SPI_enable</name>
         <load_address>0x2a44</load_address>
         <run_address>0x2a44</run_address>
         <size>0x16</size>
         <input_file_ref idref="fl-d7"/>
      </object_component>
      <object_component id="oc-3d3">
         <name>.text:EUSCI_B_SPI_enable</name>
         <load_address>0x2a5a</load_address>
         <run_address>0x2a5a</run_address>
         <size>0x16</size>
         <input_file_ref idref="fl-d7"/>
      </object_component>
      <object_component id="oc-2df">
         <name>.text:EUSCI_B_SPI_transmitData</name>
         <load_address>0x2a70</load_address>
         <run_address>0x2a70</run_address>
         <size>0x16</size>
         <input_file_ref idref="fl-d7"/>
      </object_component>
      <object_component id="oc-10c">
         <name>.text:Timer_A_startCounter</name>
         <load_address>0x2a86</load_address>
         <run_address>0x2a86</run_address>
         <size>0x16</size>
         <input_file_ref idref="fl-db"/>
      </object_component>
      <object_component id="oc-14e">
         <name>.text:DMA_setControlBase</name>
         <load_address>0x2a9c</load_address>
         <run_address>0x2a9c</run_address>
         <size>0x14</size>
         <input_file_ref idref="fl-d1"/>
      </object_component>
      <object_component id="oc-38f">
         <name>.text:PCM_getPowerState</name>
         <load_address>0x2ab0</load_address>
         <run_address>0x2ab0</run_address>
         <size>0x14</size>
         <input_file_ref idref="fl-d5"/>
      </object_component>
      <object_component id="oc-1da">
         <name>.text:Timer32_haltTimer</name>
         <load_address>0x2ac4</load_address>
         <run_address>0x2ac4</run_address>
         <size>0x14</size>
         <input_file_ref idref="fl-da"/>
      </object_component>
      <object_component id="oc-112">
         <name>.text:Timer_A_stopTimer</name>
         <load_address>0x2ad8</load_address>
         <run_address>0x2ad8</run_address>
         <size>0x14</size>
         <input_file_ref idref="fl-db"/>
      </object_component>
      <object_component id="oc-1c2">
         <name>.text:ADC14_isBusy</name>
         <load_address>0x2aec</load_address>
         <run_address>0x2aec</run_address>
         <size>0x10</size>
         <input_file_ref idref="fl-cf"/>
      </object_component>
      <object_component id="oc-2a1">
         <name>.text:ADCIsConversionRunning</name>
         <load_address>0x2afc</load_address>
         <run_address>0x2afc</run_address>
         <size>0x10</size>
         <input_file_ref idref="fl-cf"/>
      </object_component>
      <object_component id="oc-1c8">
         <name>.text:Interrupt_enableMaster</name>
         <load_address>0x2b0c</load_address>
         <run_address>0x2b0c</run_address>
         <size>0x10</size>
         <input_file_ref idref="fl-d4"/>
      </object_component>
      <object_component id="oc-d0">
         <name>.text:PCM_setCoreVoltageLevel</name>
         <load_address>0x2b1c</load_address>
         <run_address>0x2b1c</run_address>
         <size>0x10</size>
         <input_file_ref idref="fl-d5"/>
      </object_component>
      <object_component id="oc-395">
         <name>.text:PCM_setPowerMode</name>
         <load_address>0x2b2c</load_address>
         <run_address>0x2b2c</run_address>
         <size>0x10</size>
         <input_file_ref idref="fl-d5"/>
      </object_component>
      <object_component id="oc-1e0">
         <name>.text:Timer32_getValue</name>
         <load_address>0x2b3c</load_address>
         <run_address>0x2b3c</run_address>
         <size>0xe</size>
         <input_file_ref idref="fl-da"/>
      </object_component>
      <object_component id="oc-1d">
         <name>.text:decompress:none:__TI_decompress_none</name>
         <load_address>0x2b4a</load_address>
         <run_address>0x2b4a</run_address>
         <size>0xe</size>
         <input_file_ref idref="fl-c1"/>
      </object_component>
      <object_component id="oc-67">
         <name>.text</name>
         <load_address>0x2b58</load_address>
         <run_address>0x2b58</run_address>
         <size>0xe</size>
         <input_file_ref idref="fl-3"/>
      </object_component>
      <object_component id="oc-118">
         <name>.text:ADC14_enableModule</name>
         <load_address>0x2b68</load_address>
         <run_address>0x2b68</run_address>
         <size>0xc</size>
         <input_file_ref idref="fl-cf"/>
      </object_component>
      <object_component id="oc-32f">
         <name>.text:CPU_cpsie</name>
         <load_address>0x2b74</load_address>
         <run_address>0x2b74</run_address>
         <size>0xc</size>
         <input_file_ref idref="fl-dd"/>
      </object_component>
      <object_component id="oc-184">
         <name>.text:DMA_clearErrorStatus</name>
         <load_address>0x2b80</load_address>
         <run_address>0x2b80</run_address>
         <size>0xc</size>
         <input_file_ref idref="fl-d1"/>
      </object_component>
      <object_component id="oc-148">
         <name>.text:DMA_enableModule</name>
         <load_address>0x2b8c</load_address>
         <run_address>0x2b8c</run_address>
         <size>0xc</size>
         <input_file_ref idref="fl-d1"/>
      </object_component>
      <object_component id="oc-49">
         <name>.text:decompress:ZI:__TI_zero_init</name>
         <load_address>0x2b98</load_address>
         <run_address>0x2b98</run_address>
         <size>0xc</size>
         <input_file_ref idref="fl-c0"/>
      </object_component>
      <object_component id="oc-336">
         <name>.text:CPU_wfi</name>
         <load_address>0x2ba4</load_address>
         <run_address>0x2ba4</run_address>
         <size>0x4</size>
         <input_file_ref idref="fl-dd"/>
      </object_component>
      <object_component id="oc-93">
         <name>.text:_system_pre_init</name>
         <load_address>0x2ba8</load_address>
         <run_address>0x2ba8</run_address>
         <size>0x4</size>
         <input_file_ref idref="fl-c7"/>
      </object_component>
      <object_component id="oc-230">
         <name>.text:abort:abort</name>
         <load_address>0x2bac</load_address>
         <run_address>0x2bac</run_address>
         <size>0x4</size>
         <input_file_ref idref="fl-c9"/>
      </object_component>
      <object_component id="oc-2b1">
         <name>.const:_ctlRegs</name>
         <load_address>0x2bb0</load_address>
         <run_address>0x2bb0</run_address>
         <size>0x80</size>
         <input_file_ref idref="fl-cf"/>
      </object_component>
      <object_component id="oc-272">
         <name>.const:GPIO_PORT_TO_BASE</name>
         <load_address>0x2c30</load_address>
         <run_address>0x2c30</run_address>
         <size>0x30</size>
         <input_file_ref idref="fl-d3"/>
      </object_component>
      <object_component id="oc-18a">
         <name>.const:$P$T0$1</name>
         <load_address>0x2c60</load_address>
         <run_address>0x2c60</run_address>
         <size>0x20</size>
         <input_file_ref idref="fl-cc"/>
      </object_component>
      <object_component id="oc-2e5">
         <name>.const:$P$T0$1</name>
         <load_address>0x2c80</load_address>
         <run_address>0x2c80</run_address>
         <size>0x1c</size>
         <input_file_ref idref="fl-ce"/>
      </object_component>
      <object_component id="oc-1a3">
         <name>.const:$P$T1$2</name>
         <load_address>0x2c9c</load_address>
         <run_address>0x2c9c</run_address>
         <size>0xa</size>
         <input_file_ref idref="fl-cc"/>
      </object_component>
      <object_component id="oc-299">
         <name>.const:g_pulEnRegs</name>
         <load_address>0x2ca8</load_address>
         <run_address>0x2ca8</run_address>
         <size>0x8</size>
         <input_file_ref idref="fl-d4"/>
      </object_component>
      <object_component id="oc-476">
         <name>.cinit..data.load</name>
         <load_address>0x2cb0</load_address>
         <run_address>0x2cb0</run_address>
         <size>0x16</size>
      </object_component>
      <object_component id="oc-474">
         <name>__TI_handler_table</name>
         <load_address>0x2cc8</load_address>
         <run_address>0x2cc8</run_address>
         <size>0xc</size>
      </object_component>
      <object_component id="oc-477">
         <name>.cinit..bss.load</name>
         <load_address>0x2cd8</load_address>
         <run_address>0x2cd8</run_address>
         <size>0x8</size>
      </object_component>
      <object_component id="oc-475">
         <name>__TI_cinit_table</name>
         <load_address>0x2ce0</load_address>
         <run_address>0x2ce0</run_address>
         <size>0x10</size>
      </object_component>
      <object_component id="oc-448">
         <name>.binit</name>
         <load_address>0x0</load_address>
         <run_address>0x0</run_address>
         <size>0x0</size>
      </object_component>
      <object_component id="oc-22c">
         <name>.data</name>
         <load_address>0x2000063c</load_address>
         <run_address>0x2000063c</run_address>
         <size>0x4</size>
         <input_file_ref idref="fl-2"/>
      </object_component>
      <object_component id="oc-26e">
         <name>.data</name>
         <load_address>0x20000640</load_address>
         <run_address>0x20000640</run_address>
         <size>0x4</size>
         <input_file_ref idref="fl-4"/>
      </object_component>
      <object_component id="oc-1a6">
         <name>.data</name>
         <load_address>0x20000620</load_address>
         <run_address>0x20000620</run_address>
         <size>0x1c</size>
         <input_file_ref idref="fl-cc"/>
      </object_component>
      <object_component id="oc-1b3">
         <name>.bss:dmaControlTable</name>
         <uninitialized>true</uninitialized>
         <run_address>0x20000000</run_address>
         <size>0x200</size>
         <input_file_ref idref="fl-cc"/>
      </object_component>
      <object_component id="oc-1f8">
         <name>.bss</name>
         <uninitialized>true</uninitialized>
         <run_address>0x20000618</run_address>
         <size>0x4</size>
         <input_file_ref idref="fl-cc"/>
      </object_component>
      <object_component id="oc-190">
         <name>.common:glbIO</name>
         <uninitialized>true</uninitialized>
         <run_address>0x2000061c</run_address>
         <size>0x1</size>
      </object_component>
      <object_component id="oc-1b1">
         <name>.common:glbPingADC</name>
         <uninitialized>true</uninitialized>
         <run_address>0x20000200</run_address>
         <size>0x100</size>
      </object_component>
      <object_component id="oc-1b2">
         <name>.common:glbPongADC</name>
         <uninitialized>true</uninitialized>
         <run_address>0x20000400</run_address>
         <size>0x100</size>
      </object_component>
      <object_component id="oc-1af">
         <name>.common:glbPingDAC</name>
         <uninitialized>true</uninitialized>
         <run_address>0x20000300</run_address>
         <size>0x100</size>
      </object_component>
      <object_component id="oc-1b0">
         <name>.common:glbPongDAC</name>
         <uninitialized>true</uninitialized>
         <run_address>0x20000500</run_address>
         <size>0x100</size>
      </object_component>
      <object_component id="oc-18d">
         <name>.common:glbPWMConfig</name>
         <uninitialized>true</uninitialized>
         <run_address>0x20000600</run_address>
         <size>0x18</size>
      </object_component>
      <object_component id="oc-29">
         <name>.stack</name>
         <uninitialized>true</uninitialized>
         <run_address>0x2000fe00</run_address>
         <size>0x4</size>
         <input_file_ref idref="fl-c3"/>
      </object_component>
      <object_component id="oc-479">
         <name>.stack</name>
         <uninitialized>true</uninitialized>
         <run_address>0x2000fe00</run_address>
         <size>0x0</size>
      </object_component>
      <object_component id="oc-349">
         <name>.debug_info</name>
         <load_address>0x0</load_address>
         <run_address>0x0</run_address>
         <size>0x6e8</size>
         <input_file_ref idref="fl-2"/>
      </object_component>
      <object_component id="oc-22d">
         <name>.debug_info</name>
         <load_address>0x6e8</load_address>
         <run_address>0x6e8</run_address>
         <size>0xcd</size>
         <input_file_ref idref="fl-2"/>
      </object_component>
      <object_component id="oc-9a">
         <name>.debug_info</name>
         <load_address>0x7b5</load_address>
         <run_address>0x7b5</run_address>
         <size>0x1bc</size>
         <input_file_ref idref="fl-2"/>
      </object_component>
      <object_component id="oc-1ff">
         <name>.debug_info</name>
         <load_address>0x971</load_address>
         <run_address>0x971</run_address>
         <size>0x105</size>
         <input_file_ref idref="fl-2"/>
      </object_component>
      <object_component id="oc-351">
         <name>.debug_info</name>
         <load_address>0xa76</load_address>
         <run_address>0xa76</run_address>
         <size>0x1ea6</size>
         <input_file_ref idref="fl-2"/>
      </object_component>
      <object_component id="oc-20b">
         <name>.debug_info</name>
         <load_address>0x291c</load_address>
         <run_address>0x291c</run_address>
         <size>0x26b</size>
         <input_file_ref idref="fl-2"/>
      </object_component>
      <object_component id="oc-3ec">
         <name>.debug_info</name>
         <load_address>0x2b87</load_address>
         <run_address>0x2b87</run_address>
         <size>0x1028</size>
         <input_file_ref idref="fl-2"/>
      </object_component>
      <object_component id="oc-3e7">
         <name>.debug_info</name>
         <load_address>0x3baf</load_address>
         <run_address>0x3baf</run_address>
         <size>0x37e2</size>
         <input_file_ref idref="fl-2"/>
      </object_component>
      <object_component id="oc-2fe">
         <name>.debug_info</name>
         <load_address>0x7391</load_address>
         <run_address>0x7391</run_address>
         <size>0x8a</size>
         <input_file_ref idref="fl-2"/>
      </object_component>
      <object_component id="oc-303">
         <name>.debug_info</name>
         <load_address>0x741b</load_address>
         <run_address>0x741b</run_address>
         <size>0x341</size>
         <input_file_ref idref="fl-2"/>
      </object_component>
      <object_component id="oc-32">
         <name>.debug_info</name>
         <load_address>0x775c</load_address>
         <run_address>0x775c</run_address>
         <size>0x84</size>
         <input_file_ref idref="fl-2"/>
      </object_component>
      <object_component id="oc-34a">
         <name>.debug_info</name>
         <load_address>0x77e0</load_address>
         <run_address>0x77e0</run_address>
         <size>0x2a4</size>
         <input_file_ref idref="fl-2"/>
      </object_component>
      <object_component id="oc-308">
         <name>.debug_info</name>
         <load_address>0x7a84</load_address>
         <run_address>0x7a84</run_address>
         <size>0xef</size>
         <input_file_ref idref="fl-2"/>
      </object_component>
      <object_component id="oc-204">
         <name>.debug_info</name>
         <load_address>0x7b73</load_address>
         <run_address>0x7b73</run_address>
         <size>0xbb</size>
         <input_file_ref idref="fl-2"/>
      </object_component>
      <object_component id="oc-217">
         <name>.debug_info</name>
         <load_address>0x7c2e</load_address>
         <run_address>0x7c2e</run_address>
         <size>0x2c</size>
         <input_file_ref idref="fl-2"/>
      </object_component>
      <object_component id="oc-2e9">
         <name>.debug_info</name>
         <load_address>0x7c5a</load_address>
         <run_address>0x7c5a</run_address>
         <size>0x131</size>
         <input_file_ref idref="fl-2"/>
      </object_component>
      <object_component id="oc-30d">
         <name>.debug_info</name>
         <load_address>0x7d8b</load_address>
         <run_address>0x7d8b</run_address>
         <size>0x35</size>
         <input_file_ref idref="fl-2"/>
      </object_component>
      <object_component id="oc-75">
         <name>.debug_info</name>
         <load_address>0x7dc0</load_address>
         <run_address>0x7dc0</run_address>
         <size>0x2ca</size>
         <input_file_ref idref="fl-3"/>
      </object_component>
      <object_component id="oc-27">
         <name>.debug_info</name>
         <load_address>0x808a</load_address>
         <run_address>0x808a</run_address>
         <size>0xf6</size>
         <input_file_ref idref="fl-3"/>
      </object_component>
      <object_component id="oc-68">
         <name>.debug_info</name>
         <load_address>0x8180</load_address>
         <run_address>0x8180</run_address>
         <size>0x1bd</size>
         <input_file_ref idref="fl-3"/>
      </object_component>
      <object_component id="oc-3df">
         <name>.debug_info</name>
         <load_address>0x833d</load_address>
         <run_address>0x833d</run_address>
         <size>0x538</size>
         <input_file_ref idref="fl-4"/>
      </object_component>
      <object_component id="oc-26f">
         <name>.debug_info</name>
         <load_address>0x8875</load_address>
         <run_address>0x8875</run_address>
         <size>0xef</size>
         <input_file_ref idref="fl-4"/>
      </object_component>
      <object_component id="oc-ae">
         <name>.debug_info</name>
         <load_address>0x8964</load_address>
         <run_address>0x8964</run_address>
         <size>0x261</size>
         <input_file_ref idref="fl-4"/>
      </object_component>
      <object_component id="oc-2f9">
         <name>.debug_info</name>
         <load_address>0x8bc5</load_address>
         <run_address>0x8bc5</run_address>
         <size>0x1055</size>
         <input_file_ref idref="fl-4"/>
      </object_component>
      <object_component id="oc-8c">
         <name>.debug_info</name>
         <load_address>0x9c1a</load_address>
         <run_address>0x9c1a</run_address>
         <size>0x2d4</size>
         <input_file_ref idref="fl-c0"/>
      </object_component>
      <object_component id="oc-4d">
         <name>.debug_info</name>
         <load_address>0x9eee</load_address>
         <run_address>0x9eee</run_address>
         <size>0x1b5</size>
         <input_file_ref idref="fl-c0"/>
      </object_component>
      <object_component id="oc-87">
         <name>.debug_info</name>
         <load_address>0xa0a3</load_address>
         <run_address>0xa0a3</run_address>
         <size>0x46</size>
         <input_file_ref idref="fl-c0"/>
      </object_component>
      <object_component id="oc-42">
         <name>.debug_info</name>
         <load_address>0xa0e9</load_address>
         <run_address>0xa0e9</run_address>
         <size>0x2a8</size>
         <input_file_ref idref="fl-c1"/>
      </object_component>
      <object_component id="oc-1e">
         <name>.debug_info</name>
         <load_address>0xa391</load_address>
         <run_address>0xa391</run_address>
         <size>0x1ea</size>
         <input_file_ref idref="fl-c1"/>
      </object_component>
      <object_component id="oc-3d">
         <name>.debug_info</name>
         <load_address>0xa57b</load_address>
         <run_address>0xa57b</run_address>
         <size>0x46</size>
         <input_file_ref idref="fl-c1"/>
      </object_component>
      <object_component id="oc-7f">
         <name>.debug_info</name>
         <load_address>0xa5c1</load_address>
         <run_address>0xa5c1</run_address>
         <size>0x2c</size>
         <input_file_ref idref="fl-c1"/>
      </object_component>
      <object_component id="oc-7d">
         <name>.debug_info</name>
         <load_address>0xa5ed</load_address>
         <run_address>0xa5ed</run_address>
         <size>0x29e</size>
         <input_file_ref idref="fl-c2"/>
      </object_component>
      <object_component id="oc-18">
         <name>.debug_info</name>
         <load_address>0xa88b</load_address>
         <run_address>0xa88b</run_address>
         <size>0x250</size>
         <input_file_ref idref="fl-c2"/>
      </object_component>
      <object_component id="oc-2d">
         <name>.debug_info</name>
         <load_address>0xaadb</load_address>
         <run_address>0xaadb</run_address>
         <size>0x60</size>
         <input_file_ref idref="fl-c2"/>
      </object_component>
      <object_component id="oc-210">
         <name>.debug_info</name>
         <load_address>0xab3b</load_address>
         <run_address>0xab3b</run_address>
         <size>0x46</size>
         <input_file_ref idref="fl-c2"/>
      </object_component>
      <object_component id="oc-78">
         <name>.debug_info</name>
         <load_address>0xab81</load_address>
         <run_address>0xab81</run_address>
         <size>0x39</size>
         <input_file_ref idref="fl-c2"/>
      </object_component>
      <object_component id="oc-2a">
         <name>.debug_info</name>
         <load_address>0xabba</load_address>
         <run_address>0xabba</run_address>
         <size>0x10b</size>
         <input_file_ref idref="fl-c3"/>
      </object_component>
      <object_component id="oc-59">
         <name>.debug_info</name>
         <load_address>0xacc5</load_address>
         <run_address>0xacc5</run_address>
         <size>0x1a9</size>
         <input_file_ref idref="fl-c3"/>
      </object_component>
      <object_component id="oc-3a">
         <name>.debug_info</name>
         <load_address>0xae6e</load_address>
         <run_address>0xae6e</run_address>
         <size>0x119</size>
         <input_file_ref idref="fl-c4"/>
      </object_component>
      <object_component id="oc-8e">
         <name>.debug_info</name>
         <load_address>0xaf87</load_address>
         <run_address>0xaf87</run_address>
         <size>0x147</size>
         <input_file_ref idref="fl-c5"/>
      </object_component>
      <object_component id="oc-364">
         <name>.debug_info</name>
         <load_address>0xb0ce</load_address>
         <run_address>0xb0ce</run_address>
         <size>0x4b3</size>
         <input_file_ref idref="fl-c6"/>
      </object_component>
      <object_component id="oc-23e">
         <name>.debug_info</name>
         <load_address>0xb581</load_address>
         <run_address>0xb581</run_address>
         <size>0x1a6</size>
         <input_file_ref idref="fl-c6"/>
      </object_component>
      <object_component id="oc-403">
         <name>.debug_info</name>
         <load_address>0xb727</load_address>
         <run_address>0xb727</run_address>
         <size>0x39</size>
         <input_file_ref idref="fl-c6"/>
      </object_component>
      <object_component id="oc-438">
         <name>.debug_info</name>
         <load_address>0xb760</load_address>
         <run_address>0xb760</run_address>
         <size>0x39</size>
         <input_file_ref idref="fl-c6"/>
      </object_component>
      <object_component id="oc-408">
         <name>.debug_info</name>
         <load_address>0xb799</load_address>
         <run_address>0xb799</run_address>
         <size>0x39</size>
         <input_file_ref idref="fl-c6"/>
      </object_component>
      <object_component id="oc-40d">
         <name>.debug_info</name>
         <load_address>0xb7d2</load_address>
         <run_address>0xb7d2</run_address>
         <size>0xcd</size>
         <input_file_ref idref="fl-c6"/>
      </object_component>
      <object_component id="oc-94">
         <name>.debug_info</name>
         <load_address>0xb89f</load_address>
         <run_address>0xb89f</run_address>
         <size>0x153</size>
         <input_file_ref idref="fl-c7"/>
      </object_component>
      <object_component id="oc-231">
         <name>.debug_info</name>
         <load_address>0xb9f2</load_address>
         <run_address>0xb9f2</run_address>
         <size>0x122</size>
         <input_file_ref idref="fl-c9"/>
      </object_component>
      <object_component id="oc-18e">
         <name>.debug_info</name>
         <load_address>0xbb14</load_address>
         <run_address>0xbb14</run_address>
         <size>0x1428</size>
         <input_file_ref idref="fl-cc"/>
      </object_component>
      <object_component id="oc-1a7">
         <name>.debug_info</name>
         <load_address>0xcf3c</load_address>
         <run_address>0xcf3c</run_address>
         <size>0x240</size>
         <input_file_ref idref="fl-cc"/>
      </object_component>
      <object_component id="oc-1b4">
         <name>.debug_info</name>
         <load_address>0xd17c</load_address>
         <run_address>0xd17c</run_address>
         <size>0xe2</size>
         <input_file_ref idref="fl-cc"/>
      </object_component>
      <object_component id="oc-18b">
         <name>.debug_info</name>
         <load_address>0xd25e</load_address>
         <run_address>0xd25e</run_address>
         <size>0xd1</size>
         <input_file_ref idref="fl-cc"/>
      </object_component>
      <object_component id="oc-1a4">
         <name>.debug_info</name>
         <load_address>0xd32f</load_address>
         <run_address>0xd32f</run_address>
         <size>0xd1</size>
         <input_file_ref idref="fl-cc"/>
      </object_component>
      <object_component id="oc-6e">
         <name>.debug_info</name>
         <load_address>0xd400</load_address>
         <run_address>0xd400</run_address>
         <size>0x280c</size>
         <input_file_ref idref="fl-cc"/>
      </object_component>
      <object_component id="oc-312">
         <name>.debug_info</name>
         <load_address>0xfc0c</load_address>
         <run_address>0xfc0c</run_address>
         <size>0x6d</size>
         <input_file_ref idref="fl-cc"/>
      </object_component>
      <object_component id="oc-2f4">
         <name>.debug_info</name>
         <load_address>0xfc79</load_address>
         <run_address>0xfc79</run_address>
         <size>0x37e2</size>
         <input_file_ref idref="fl-cc"/>
      </object_component>
      <object_component id="oc-317">
         <name>.debug_info</name>
         <load_address>0x1345b</load_address>
         <run_address>0x1345b</run_address>
         <size>0x103</size>
         <input_file_ref idref="fl-cc"/>
      </object_component>
      <object_component id="oc-1fa">
         <name>.debug_info</name>
         <load_address>0x1355e</load_address>
         <run_address>0x1355e</run_address>
         <size>0x8b</size>
         <input_file_ref idref="fl-cc"/>
      </object_component>
      <object_component id="oc-350">
         <name>.debug_info</name>
         <load_address>0x135e9</load_address>
         <run_address>0x135e9</run_address>
         <size>0x32c</size>
         <input_file_ref idref="fl-cd"/>
      </object_component>
      <object_component id="oc-222">
         <name>.debug_info</name>
         <load_address>0x13915</load_address>
         <run_address>0x13915</run_address>
         <size>0x921</size>
         <input_file_ref idref="fl-cd"/>
      </object_component>
      <object_component id="oc-3de">
         <name>.debug_info</name>
         <load_address>0x14236</load_address>
         <run_address>0x14236</run_address>
         <size>0x768</size>
         <input_file_ref idref="fl-ce"/>
      </object_component>
      <object_component id="oc-2e6">
         <name>.debug_info</name>
         <load_address>0x1499e</load_address>
         <run_address>0x1499e</run_address>
         <size>0xd1</size>
         <input_file_ref idref="fl-ce"/>
      </object_component>
      <object_component id="oc-17b">
         <name>.debug_info</name>
         <load_address>0x14a6f</load_address>
         <run_address>0x14a6f</run_address>
         <size>0x48f</size>
         <input_file_ref idref="fl-ce"/>
      </object_component>
      <object_component id="oc-42e">
         <name>.debug_info</name>
         <load_address>0x14efe</load_address>
         <run_address>0x14efe</run_address>
         <size>0x37e2</size>
         <input_file_ref idref="fl-ce"/>
      </object_component>
      <object_component id="oc-2b5">
         <name>.debug_info</name>
         <load_address>0x186e0</load_address>
         <run_address>0x186e0</run_address>
         <size>0x706</size>
         <input_file_ref idref="fl-cf"/>
      </object_component>
      <object_component id="oc-2b2">
         <name>.debug_info</name>
         <load_address>0x18de6</load_address>
         <run_address>0x18de6</run_address>
         <size>0x124</size>
         <input_file_ref idref="fl-cf"/>
      </object_component>
      <object_component id="oc-2ac">
         <name>.debug_info</name>
         <load_address>0x18f0a</load_address>
         <run_address>0x18f0a</run_address>
         <size>0x1d9</size>
         <input_file_ref idref="fl-cf"/>
      </object_component>
      <object_component id="oc-2a3">
         <name>.debug_info</name>
         <load_address>0x190e3</load_address>
         <run_address>0x190e3</run_address>
         <size>0x1b8</size>
         <input_file_ref idref="fl-cf"/>
      </object_component>
      <object_component id="oc-11a">
         <name>.debug_info</name>
         <load_address>0x1929b</load_address>
         <run_address>0x1929b</run_address>
         <size>0x1ad</size>
         <input_file_ref idref="fl-cf"/>
      </object_component>
      <object_component id="oc-126">
         <name>.debug_info</name>
         <load_address>0x19448</load_address>
         <run_address>0x19448</run_address>
         <size>0x233</size>
         <input_file_ref idref="fl-cf"/>
      </object_component>
      <object_component id="oc-120">
         <name>.debug_info</name>
         <load_address>0x1967b</load_address>
         <run_address>0x1967b</run_address>
         <size>0x2fa</size>
         <input_file_ref idref="fl-cf"/>
      </object_component>
      <object_component id="oc-13e">
         <name>.debug_info</name>
         <load_address>0x19975</load_address>
         <run_address>0x19975</run_address>
         <size>0x1ea</size>
         <input_file_ref idref="fl-cf"/>
      </object_component>
      <object_component id="oc-12c">
         <name>.debug_info</name>
         <load_address>0x19b5f</load_address>
         <run_address>0x19b5f</run_address>
         <size>0x24d</size>
         <input_file_ref idref="fl-cf"/>
      </object_component>
      <object_component id="oc-132">
         <name>.debug_info</name>
         <load_address>0x19dac</load_address>
         <run_address>0x19dac</run_address>
         <size>0x29b</size>
         <input_file_ref idref="fl-cf"/>
      </object_component>
      <object_component id="oc-1b8">
         <name>.debug_info</name>
         <load_address>0x1a047</load_address>
         <run_address>0x1a047</run_address>
         <size>0x1d9</size>
         <input_file_ref idref="fl-cf"/>
      </object_component>
      <object_component id="oc-1be">
         <name>.debug_info</name>
         <load_address>0x1a220</load_address>
         <run_address>0x1a220</run_address>
         <size>0x1ca</size>
         <input_file_ref idref="fl-cf"/>
      </object_component>
      <object_component id="oc-1c4">
         <name>.debug_info</name>
         <load_address>0x1a3ea</load_address>
         <run_address>0x1a3ea</run_address>
         <size>0x1a8</size>
         <input_file_ref idref="fl-cf"/>
      </object_component>
      <object_component id="oc-138">
         <name>.debug_info</name>
         <load_address>0x1a592</load_address>
         <run_address>0x1a592</run_address>
         <size>0x38b</size>
         <input_file_ref idref="fl-cf"/>
      </object_component>
      <object_component id="oc-19f">
         <name>.debug_info</name>
         <load_address>0x1a91d</load_address>
         <run_address>0x1a91d</run_address>
         <size>0x22f</size>
         <input_file_ref idref="fl-cf"/>
      </object_component>
      <object_component id="oc-144">
         <name>.debug_info</name>
         <load_address>0x1ab4c</load_address>
         <run_address>0x1ab4c</run_address>
         <size>0x1eb</size>
         <input_file_ref idref="fl-cf"/>
      </object_component>
      <object_component id="oc-31e">
         <name>.debug_info</name>
         <load_address>0x1ad37</load_address>
         <run_address>0x1ad37</run_address>
         <size>0x1d6</size>
         <input_file_ref idref="fl-cf"/>
      </object_component>
      <object_component id="oc-193">
         <name>.debug_info</name>
         <load_address>0x1af0d</load_address>
         <run_address>0x1af0d</run_address>
         <size>0x1ff</size>
         <input_file_ref idref="fl-cf"/>
      </object_component>
      <object_component id="oc-199">
         <name>.debug_info</name>
         <load_address>0x1b10c</load_address>
         <run_address>0x1b10c</run_address>
         <size>0x1f1</size>
         <input_file_ref idref="fl-cf"/>
      </object_component>
      <object_component id="oc-39f">
         <name>.debug_info</name>
         <load_address>0x1b2fd</load_address>
         <run_address>0x1b2fd</run_address>
         <size>0x431a</size>
         <input_file_ref idref="fl-cf"/>
      </object_component>
      <object_component id="oc-3ae">
         <name>.debug_info</name>
         <load_address>0x1f617</load_address>
         <run_address>0x1f617</run_address>
         <size>0x26b</size>
         <input_file_ref idref="fl-cf"/>
      </object_component>
      <object_component id="oc-3a4">
         <name>.debug_info</name>
         <load_address>0x1f882</load_address>
         <run_address>0x1f882</run_address>
         <size>0x1028</size>
         <input_file_ref idref="fl-cf"/>
      </object_component>
      <object_component id="oc-37e">
         <name>.debug_info</name>
         <load_address>0x208aa</load_address>
         <run_address>0x208aa</run_address>
         <size>0x297</size>
         <input_file_ref idref="fl-cf"/>
      </object_component>
      <object_component id="oc-276">
         <name>.debug_info</name>
         <load_address>0x20b41</load_address>
         <run_address>0x20b41</run_address>
         <size>0xef</size>
         <input_file_ref idref="fl-cf"/>
      </object_component>
      <object_component id="oc-27b">
         <name>.debug_info</name>
         <load_address>0x20c30</load_address>
         <run_address>0x20c30</run_address>
         <size>0xbb</size>
         <input_file_ref idref="fl-cf"/>
      </object_component>
      <object_component id="oc-e3">
         <name>.debug_info</name>
         <load_address>0x20ceb</load_address>
         <run_address>0x20ceb</run_address>
         <size>0x29d</size>
         <input_file_ref idref="fl-d0"/>
      </object_component>
      <object_component id="oc-de">
         <name>.debug_info</name>
         <load_address>0x20f88</load_address>
         <run_address>0x20f88</run_address>
         <size>0x1e5</size>
         <input_file_ref idref="fl-d0"/>
      </object_component>
      <object_component id="oc-2ba">
         <name>.debug_info</name>
         <load_address>0x2116d</load_address>
         <run_address>0x2116d</run_address>
         <size>0x6f0</size>
         <input_file_ref idref="fl-d1"/>
      </object_component>
      <object_component id="oc-14b">
         <name>.debug_info</name>
         <load_address>0x2185d</load_address>
         <run_address>0x2185d</run_address>
         <size>0x1a3</size>
         <input_file_ref idref="fl-d1"/>
      </object_component>
      <object_component id="oc-187">
         <name>.debug_info</name>
         <load_address>0x21a00</load_address>
         <run_address>0x21a00</run_address>
         <size>0x1ab</size>
         <input_file_ref idref="fl-d1"/>
      </object_component>
      <object_component id="oc-1d6">
         <name>.debug_info</name>
         <load_address>0x21bab</load_address>
         <run_address>0x21bab</run_address>
         <size>0x1e0</size>
         <input_file_ref idref="fl-d1"/>
      </object_component>
      <object_component id="oc-150">
         <name>.debug_info</name>
         <load_address>0x21d8b</load_address>
         <run_address>0x21d8b</run_address>
         <size>0x1ea</size>
         <input_file_ref idref="fl-d1"/>
      </object_component>
      <object_component id="oc-156">
         <name>.debug_info</name>
         <load_address>0x21f75</load_address>
         <run_address>0x21f75</run_address>
         <size>0x218</size>
         <input_file_ref idref="fl-d1"/>
      </object_component>
      <object_component id="oc-180">
         <name>.debug_info</name>
         <load_address>0x2218d</load_address>
         <run_address>0x2218d</run_address>
         <size>0x205</size>
         <input_file_ref idref="fl-d1"/>
      </object_component>
      <object_component id="oc-15c">
         <name>.debug_info</name>
         <load_address>0x22392</load_address>
         <run_address>0x22392</run_address>
         <size>0x24c</size>
         <input_file_ref idref="fl-d1"/>
      </object_component>
      <object_component id="oc-162">
         <name>.debug_info</name>
         <load_address>0x225de</load_address>
         <run_address>0x225de</run_address>
         <size>0x326</size>
         <input_file_ref idref="fl-d1"/>
      </object_component>
      <object_component id="oc-16e">
         <name>.debug_info</name>
         <load_address>0x22904</load_address>
         <run_address>0x22904</run_address>
         <size>0x1d7</size>
         <input_file_ref idref="fl-d1"/>
      </object_component>
      <object_component id="oc-168">
         <name>.debug_info</name>
         <load_address>0x22adb</load_address>
         <run_address>0x22adb</run_address>
         <size>0x244</size>
         <input_file_ref idref="fl-d1"/>
      </object_component>
      <object_component id="oc-2c0">
         <name>.debug_info</name>
         <load_address>0x22d1f</load_address>
         <run_address>0x22d1f</run_address>
         <size>0x1fb</size>
         <input_file_ref idref="fl-d1"/>
      </object_component>
      <object_component id="oc-3be">
         <name>.debug_info</name>
         <load_address>0x22f1a</load_address>
         <run_address>0x22f1a</run_address>
         <size>0x8a</size>
         <input_file_ref idref="fl-d1"/>
      </object_component>
      <object_component id="oc-d7">
         <name>.debug_info</name>
         <load_address>0x22fa4</load_address>
         <run_address>0x22fa4</run_address>
         <size>0x224</size>
         <input_file_ref idref="fl-d2"/>
      </object_component>
      <object_component id="oc-37d">
         <name>.debug_info</name>
         <load_address>0x231c8</load_address>
         <run_address>0x231c8</run_address>
         <size>0x701</size>
         <input_file_ref idref="fl-d3"/>
      </object_component>
      <object_component id="oc-273">
         <name>.debug_info</name>
         <load_address>0x238c9</load_address>
         <run_address>0x238c9</run_address>
         <size>0x135</size>
         <input_file_ref idref="fl-d3"/>
      </object_component>
      <object_component id="oc-b9">
         <name>.debug_info</name>
         <load_address>0x239fe</load_address>
         <run_address>0x239fe</run_address>
         <size>0x252</size>
         <input_file_ref idref="fl-d3"/>
      </object_component>
      <object_component id="oc-c5">
         <name>.debug_info</name>
         <load_address>0x23c50</load_address>
         <run_address>0x23c50</run_address>
         <size>0x250</size>
         <input_file_ref idref="fl-d3"/>
      </object_component>
      <object_component id="oc-2c8">
         <name>.debug_info</name>
         <load_address>0x23ea0</load_address>
         <run_address>0x23ea0</run_address>
         <size>0x2a5</size>
         <input_file_ref idref="fl-d3"/>
      </object_component>
      <object_component id="oc-b4">
         <name>.debug_info</name>
         <load_address>0x24145</load_address>
         <run_address>0x24145</run_address>
         <size>0x2a3</size>
         <input_file_ref idref="fl-d3"/>
      </object_component>
      <object_component id="oc-cd">
         <name>.debug_info</name>
         <load_address>0x243e8</load_address>
         <run_address>0x243e8</run_address>
         <size>0x25a</size>
         <input_file_ref idref="fl-d3"/>
      </object_component>
      <object_component id="oc-c0">
         <name>.debug_info</name>
         <load_address>0x24642</load_address>
         <run_address>0x24642</run_address>
         <size>0x258</size>
         <input_file_ref idref="fl-d3"/>
      </object_component>
      <object_component id="oc-ea">
         <name>.debug_info</name>
         <load_address>0x2489a</load_address>
         <run_address>0x2489a</run_address>
         <size>0x274</size>
         <input_file_ref idref="fl-d3"/>
      </object_component>
      <object_component id="oc-f0">
         <name>.debug_info</name>
         <load_address>0x24b0e</load_address>
         <run_address>0x24b0e</run_address>
         <size>0x27e</size>
         <input_file_ref idref="fl-d3"/>
      </object_component>
      <object_component id="oc-3b5">
         <name>.debug_info</name>
         <load_address>0x24d8c</load_address>
         <run_address>0x24d8c</run_address>
         <size>0x68f</size>
         <input_file_ref idref="fl-d4"/>
      </object_component>
      <object_component id="oc-29a">
         <name>.debug_info</name>
         <load_address>0x2541b</load_address>
         <run_address>0x2541b</run_address>
         <size>0x12e</size>
         <input_file_ref idref="fl-d4"/>
      </object_component>
      <object_component id="oc-1cb">
         <name>.debug_info</name>
         <load_address>0x25549</load_address>
         <run_address>0x25549</run_address>
         <size>0x1d5</size>
         <input_file_ref idref="fl-d4"/>
      </object_component>
      <object_component id="oc-103">
         <name>.debug_info</name>
         <load_address>0x2571e</load_address>
         <run_address>0x2571e</run_address>
         <size>0x219</size>
         <input_file_ref idref="fl-d4"/>
      </object_component>
      <object_component id="oc-285">
         <name>.debug_info</name>
         <load_address>0x25937</load_address>
         <run_address>0x25937</run_address>
         <size>0x3a5</size>
         <input_file_ref idref="fl-d5"/>
      </object_component>
      <object_component id="oc-d1">
         <name>.debug_info</name>
         <load_address>0x25cdc</load_address>
         <run_address>0x25cdc</run_address>
         <size>0x220</size>
         <input_file_ref idref="fl-d5"/>
      </object_component>
      <object_component id="oc-384">
         <name>.debug_info</name>
         <load_address>0x25efc</load_address>
         <run_address>0x25efc</run_address>
         <size>0x1eb</size>
         <input_file_ref idref="fl-d5"/>
      </object_component>
      <object_component id="oc-38b">
         <name>.debug_info</name>
         <load_address>0x260e7</load_address>
         <run_address>0x260e7</run_address>
         <size>0x1f9</size>
         <input_file_ref idref="fl-d5"/>
      </object_component>
      <object_component id="oc-41a">
         <name>.debug_info</name>
         <load_address>0x262e0</load_address>
         <run_address>0x262e0</run_address>
         <size>0x346</size>
         <input_file_ref idref="fl-d5"/>
      </object_component>
      <object_component id="oc-396">
         <name>.debug_info</name>
         <load_address>0x26626</load_address>
         <run_address>0x26626</run_address>
         <size>0x202</size>
         <input_file_ref idref="fl-d5"/>
      </object_component>
      <object_component id="oc-1cf">
         <name>.debug_info</name>
         <load_address>0x26828</load_address>
         <run_address>0x26828</run_address>
         <size>0x1b0</size>
         <input_file_ref idref="fl-d5"/>
      </object_component>
      <object_component id="oc-390">
         <name>.debug_info</name>
         <load_address>0x269d8</load_address>
         <run_address>0x269d8</run_address>
         <size>0x1ac</size>
         <input_file_ref idref="fl-d5"/>
      </object_component>
      <object_component id="oc-3cc">
         <name>.debug_info</name>
         <load_address>0x26b84</load_address>
         <run_address>0x26b84</run_address>
         <size>0x6f5</size>
         <input_file_ref idref="fl-d7"/>
      </object_component>
      <object_component id="oc-3c6">
         <name>.debug_info</name>
         <load_address>0x27279</load_address>
         <run_address>0x27279</run_address>
         <size>0x1c7</size>
         <input_file_ref idref="fl-d7"/>
      </object_component>
      <object_component id="oc-2ce">
         <name>.debug_info</name>
         <load_address>0x27440</load_address>
         <run_address>0x27440</run_address>
         <size>0x22b</size>
         <input_file_ref idref="fl-d7"/>
      </object_component>
      <object_component id="oc-2d4">
         <name>.debug_info</name>
         <load_address>0x2766b</load_address>
         <run_address>0x2766b</run_address>
         <size>0x235</size>
         <input_file_ref idref="fl-d7"/>
      </object_component>
      <object_component id="oc-2e0">
         <name>.debug_info</name>
         <load_address>0x278a0</load_address>
         <run_address>0x278a0</run_address>
         <size>0x238</size>
         <input_file_ref idref="fl-d7"/>
      </object_component>
      <object_component id="oc-3d5">
         <name>.debug_info</name>
         <load_address>0x27ad8</load_address>
         <run_address>0x27ad8</run_address>
         <size>0x1e9</size>
         <input_file_ref idref="fl-d7"/>
      </object_component>
      <object_component id="oc-2da">
         <name>.debug_info</name>
         <load_address>0x27cc1</load_address>
         <run_address>0x27cc1</run_address>
         <size>0x1ed</size>
         <input_file_ref idref="fl-d7"/>
      </object_component>
      <object_component id="oc-3ce">
         <name>.debug_info</name>
         <load_address>0x27eae</load_address>
         <run_address>0x27eae</run_address>
         <size>0x1e9</size>
         <input_file_ref idref="fl-d7"/>
      </object_component>
      <object_component id="oc-425">
         <name>.debug_info</name>
         <load_address>0x28097</load_address>
         <run_address>0x28097</run_address>
         <size>0x131</size>
         <input_file_ref idref="fl-d7"/>
      </object_component>
      <object_component id="oc-1aa">
         <name>.debug_info</name>
         <load_address>0x281c8</load_address>
         <run_address>0x281c8</run_address>
         <size>0x26f</size>
         <input_file_ref idref="fl-da"/>
      </object_component>
      <object_component id="oc-1ed">
         <name>.debug_info</name>
         <load_address>0x28437</load_address>
         <run_address>0x28437</run_address>
         <size>0x1fd</size>
         <input_file_ref idref="fl-da"/>
      </object_component>
      <object_component id="oc-1e1">
         <name>.debug_info</name>
         <load_address>0x28634</load_address>
         <run_address>0x28634</run_address>
         <size>0x1da</size>
         <input_file_ref idref="fl-da"/>
      </object_component>
      <object_component id="oc-1f3">
         <name>.debug_info</name>
         <load_address>0x2880e</load_address>
         <run_address>0x2880e</run_address>
         <size>0x209</size>
         <input_file_ref idref="fl-da"/>
      </object_component>
      <object_component id="oc-1db">
         <name>.debug_info</name>
         <load_address>0x28a17</load_address>
         <run_address>0x28a17</run_address>
         <size>0x1d8</size>
         <input_file_ref idref="fl-da"/>
      </object_component>
      <object_component id="oc-297">
         <name>.debug_info</name>
         <load_address>0x28bef</load_address>
         <run_address>0x28bef</run_address>
         <size>0x725</size>
         <input_file_ref idref="fl-db"/>
      </object_component>
      <object_component id="oc-291">
         <name>.debug_info</name>
         <load_address>0x29314</load_address>
         <run_address>0x29314</run_address>
         <size>0x25e</size>
         <input_file_ref idref="fl-db"/>
      </object_component>
      <object_component id="oc-10d">
         <name>.debug_info</name>
         <load_address>0x29572</load_address>
         <run_address>0x29572</run_address>
         <size>0x215</size>
         <input_file_ref idref="fl-db"/>
      </object_component>
      <object_component id="oc-107">
         <name>.debug_info</name>
         <load_address>0x29787</load_address>
         <run_address>0x29787</run_address>
         <size>0x1dd</size>
         <input_file_ref idref="fl-db"/>
      </object_component>
      <object_component id="oc-f5">
         <name>.debug_info</name>
         <load_address>0x29964</load_address>
         <run_address>0x29964</run_address>
         <size>0x248</size>
         <input_file_ref idref="fl-db"/>
      </object_component>
      <object_component id="oc-113">
         <name>.debug_info</name>
         <load_address>0x29bac</load_address>
         <run_address>0x29bac</run_address>
         <size>0x1db</size>
         <input_file_ref idref="fl-db"/>
      </object_component>
      <object_component id="oc-173">
         <name>.debug_info</name>
         <load_address>0x29d87</load_address>
         <run_address>0x29d87</run_address>
         <size>0x27c</size>
         <input_file_ref idref="fl-db"/>
      </object_component>
      <object_component id="oc-fb">
         <name>.debug_info</name>
         <load_address>0x2a003</load_address>
         <run_address>0x2a003</run_address>
         <size>0x27e</size>
         <input_file_ref idref="fl-db"/>
      </object_component>
      <object_component id="oc-3a9">
         <name>.debug_info</name>
         <load_address>0x2a281</load_address>
         <run_address>0x2a281</run_address>
         <size>0x341</size>
         <input_file_ref idref="fl-db"/>
      </object_component>
      <object_component id="oc-227">
         <name>.debug_info</name>
         <load_address>0x2a5c2</load_address>
         <run_address>0x2a5c2</run_address>
         <size>0x1c9</size>
         <input_file_ref idref="fl-dc"/>
      </object_component>
      <object_component id="oc-330">
         <name>.debug_info</name>
         <load_address>0x2a78b</load_address>
         <run_address>0x2a78b</run_address>
         <size>0x19a</size>
         <input_file_ref idref="fl-dd"/>
      </object_component>
      <object_component id="oc-337">
         <name>.debug_info</name>
         <load_address>0x2a925</load_address>
         <run_address>0x2a925</run_address>
         <size>0x194</size>
         <input_file_ref idref="fl-dd"/>
      </object_component>
      <object_component id="oc-341">
         <name>.debug_info</name>
         <load_address>0x2aab9</load_address>
         <run_address>0x2aab9</run_address>
         <size>0x2ba</size>
         <input_file_ref idref="fl-de"/>
      </object_component>
      <object_component id="oc-1e8">
         <name>.debug_info</name>
         <load_address>0x2ad73</load_address>
         <run_address>0x2ad73</run_address>
         <size>0x26f</size>
         <input_file_ref idref="fl-de"/>
      </object_component>
      <object_component id="oc-342">
         <name>.debug_info</name>
[...]
      </symbol>
      <symbol id="sm-315">
         <name>xlaudio_q15_to_dac14_vec</name>
         <value>0x114f</value>
         <object_component_ref idref="oc-220"/>
      </symbol>
      <symbol id="sm-316">
         <name>xlaudio_q31_to_dac14_vec</name>
         <value>0x1181</value>
         <object_component_ref idref="oc-220"/>
      </symbol>
      <symbol id="sm-317">
         <name>xlaudio_adc14_to_q15_vec</name>
         <value>0x10b9</value>
         <object_component_ref idref="oc-220"/>
      </symbol>
      <symbol id="sm-318">
         <name>xlaudio_f32_to_dac14_vec</name>
         <value>0x11b3</value>
         <object_component_ref idref="oc-220"/>
      </symbol>
      <symbol id="sm-319">
         <name>xlaudio_adc14_to_f32_vec</name>
         <value>0x111d</value>
         <object_component_ref idref="oc-220"/>
      </symbol>
      <symbol id="sm-31a">
         <name>xlaudio_adc14_to_q31</name>
         <value>0x11ff</value>
         <object_component_ref idref="oc-220"/>
      </symbol>
      <symbol id="sm-31b">
         <name>xlaudio_adc14_to_q15</name>
         <value>0x11e9</value>
         <object_component_ref idref="oc-220"/>
      </symbol>
      <symbol id="sm-31c">
         <name>xlaudio_q15_to_dac14</name>
         <value>0x123d</value>
         <object_component_ref idref="oc-220"/>
      </symbol>
      <symbol id="sm-31d">
         <name>xlaudio_q31_to_dac14</name>
         <value>0x1257</value>
         <object_component_ref idref="oc-220"/>
      </symbol>
      <symbol id="sm-31e">
         <name>xlaudio_adc14_to_f32</name>
         <value>0x1215</value>
         <object_component_ref idref="oc-220"/>
      </symbol>
      <symbol id="sm-31f">
         <name>xlaudio_f32_to_dac14</name>
         <value>0x1271</value>
         <object_component_ref idref="oc-220"/>
      </symbol>
      <symbol id="sm-344">
         <name>DAC8311_updateDacOut</name>
         <value>0x1a65</value>
         <object_component_ref idref="oc-178"/>
      </symbol>
      <symbol id="sm-345">
         <name>DAC8311_init</name>
         <value>0x19cd</value>
         <object_component_ref idref="oc-178"/>
      </symbol>
      <symbol id="sm-346">
         <name>DAC8311_setLowPowerMode</name>
         <value>0x1a81</value>
         <object_component_ref idref="oc-178"/>
      </symbol>
      <symbol id="sm-46f">
         <name>ADC14_configureSingleSampleMode</name>
         <value>0x2321</value>
         <object_component_ref idref="oc-130"/>
      </symbol>
      <symbol id="sm-470">
         <name>ADC14_enableInterrupt</name>
         <value>0x27bd</value>
         <object_component_ref idref="oc-142"/>
      </symbol>
      <symbol id="sm-471">
         <name>ADC14_getInterruptStatus</name>
         <value>0x281d</value>
         <object_component_ref idref="oc-31c"/>
      </symbol>
      <symbol id="sm-472">
         <name>ADC14_enableSampleTimer</name>
         <value>0x26bd</value>
         <object_component_ref idref="oc-124"/>
      </symbol>
      <symbol id="sm-473">
         <name>ADC14_enableConversion</name>
         <value>0x28cd</value>
         <object_component_ref idref="oc-1b6"/>
      </symbol>
      <symbol id="sm-474">
         <name>ADC14_setResolution</name>
         <value>0x29b9</value>
         <object_component_ref idref="oc-13c"/>
      </symbol>
      <symbol id="sm-475">
         <name>ADC14_toggleConversionTrigger</name>
         <value>0x2849</value>
         <object_component_ref idref="oc-1bc"/>
      </symbol>
      <symbol id="sm-476">
         <name>ADC14_isBusy</name>
         <value>0x2aed</value>
         <object_component_ref idref="oc-1c2"/>
      </symbol>
      <symbol id="sm-477">
         <name>ADC14_getEnabledInterruptStatus</name>
         <value>0x264d</value>
         <object_component_ref idref="oc-191"/>
      </symbol>
      <symbol id="sm-478">
         <name>ADC14_initModule</name>
         <value>0x23d1</value>
         <object_component_ref idref="oc-11e"/>
      </symbol>
      <symbol id="sm-479">
         <name>ADC14_setSampleHoldTrigger</name>
         <value>0x24bd</value>
         <object_component_ref idref="oc-12a"/>
      </symbol>
      <symbol id="sm-47a">
         <name>ADC14_clearInterruptFlag</name>
         <value>0x278d</value>
         <object_component_ref idref="oc-197"/>
      </symbol>
      <symbol id="sm-47b">
         <name>ADC14_configureConversionMemory</name>
         <value>0x1b75</value>
         <object_component_ref idref="oc-136"/>
      </symbol>
      <symbol id="sm-47c">
         <name>ADC14_enableModule</name>
         <value>0x2b69</value>
         <object_component_ref idref="oc-118"/>
      </symbol>
      <symbol id="sm-47d">
         <name>ADC14_getResult</name>
         <value>0x28f5</value>
         <object_component_ref idref="oc-19d"/>
      </symbol>
      <symbol id="sm-4ac">
         <name>CS_setDCOCenteredFrequency</name>
         <value>0x26f1</value>
         <object_component_ref idref="oc-dc"/>
      </symbol>
      <symbol id="sm-4ad">
         <name>CS_initClockSignal</name>
         <value>0x16a5</value>
         <object_component_ref idref="oc-e2"/>
      </symbol>
      <symbol id="sm-576">
         <name>DMA_assignInterrupt</name>
         <value>0x21a9</value>
         <object_component_ref idref="oc-166"/>
      </symbol>
      <symbol id="sm-577">
         <name>DMA_getChannelAttribute</name>
         <value>0x1e85</value>
         <object_component_ref idref="oc-17e"/>
      </symbol>
      <symbol id="sm-578">
         <name>DMA_enableModule</name>
         <value>0x2b8d</value>
         <object_component_ref idref="oc-148"/>
      </symbol>
      <symbol id="sm-579">
         <name>DMA_enableInterrupt</name>
         <value>0x2425</value>
         <object_component_ref idref="oc-2be"/>
      </symbol>
      <symbol id="sm-57a">
         <name>DMA_setChannelTransfer</name>
         <value>0x18dd</value>
         <object_component_ref idref="oc-160"/>
      </symbol>
      <symbol id="sm-57b">
         <name>DMA_setChannelControl</name>
         <value>0x2611</value>
         <object_component_ref idref="oc-15a"/>
      </symbol>
      <symbol id="sm-57c">
         <name>DMA_setControlBase</name>
         <value>0x2a9d</value>
         <object_component_ref idref="oc-14e"/>
      </symbol>
      <symbol id="sm-57d">
         <name>DMA_enableChannel</name>
         <value>0x29d9</value>
         <object_component_ref idref="oc-1d4"/>
      </symbol>
      <symbol id="sm-57e">
         <name>DMA_disableChannelAttribute</name>
         <value>0x2145</value>
         <object_component_ref idref="oc-154"/>
      </symbol>
      <symbol id="sm-57f">
         <name>DMA_assignChannel</name>
         <value>0xea9</value>
         <object_component_ref idref="oc-16c"/>
      </symbol>
      <symbol id="sm-580">
         <name>DMA_clearErrorStatus</name>
         <value>0x2b81</value>
         <object_component_ref idref="oc-184"/>
      </symbol>
      <symbol id="sm-58f">
         <name>FlashCtl_setWaitState</name>
         <value>0x2505</value>
         <object_component_ref idref="oc-d6"/>
      </symbol>
      <symbol id="sm-5f7">
         <name>GPIO_setAsInputPin</name>
         <value>0x2471</value>
         <object_component_ref idref="oc-c4"/>
      </symbol>
      <symbol id="sm-5f8">
         <name>GPIO_setOutputHighOnPin</name>
         <value>0x291d</value>
         <object_component_ref idref="oc-ca"/>
      </symbol>
      <symbol id="sm-5f9">
         <name>GPIO_setAsInputPinWithPullUpResistor</name>
         <value>0x2379</value>
         <object_component_ref idref="oc-e8"/>
      </symbol>
      <symbol id="sm-5fa">
         <name>GPIO_setAsOutputPin</name>
         <value>0x2591</value>
         <object_component_ref idref="oc-b8"/>
      </symbol>
      <symbol id="sm-5fb">
         <name>GPIO_setOutputLowOnPin</name>
         <value>0x2945</value>
         <object_component_ref idref="oc-be"/>
      </symbol>
      <symbol id="sm-5fc">
         <name>GPIO_setAsPeripheralModuleFunctionOutputPin</name>
         <value>0x1dfd</value>
         <object_component_ref idref="oc-2c7"/>
      </symbol>
      <symbol id="sm-5fd">
         <name>GPIO_getInputPinValue</name>
         <value>0x27ed</value>
         <object_component_ref idref="oc-ee"/>
      </symbol>
      <symbol id="sm-5fe">
         <name>GPIO_setAsPeripheralModuleFunctionInputPin</name>
         <value>0x1d75</value>
         <object_component_ref idref="oc-b2"/>
      </symbol>
      <symbol id="sm-624">
         <name>Interrupt_enableMaster</name>
         <value>0x2b0d</value>
         <object_component_ref idref="oc-1c8"/>
      </symbol>
      <symbol id="sm-625">
         <name>Interrupt_enableInterrupt</name>
         <value>0x1f05</value>
         <object_component_ref idref="oc-100"/>
      </symbol>
      <symbol id="sm-6b0">
         <name>PCM_setCoreVoltageLevel</name>
         <value>0x2b1d</value>
         <object_component_ref idref="oc-d0"/>
      </symbol>
      <symbol id="sm-6b1">
         <name>PCM_getCoreVoltageLevel</name>
         <value>0x2269</value>
         <object_component_ref idref="oc-389"/>
      </symbol>
      <symbol id="sm-6b2">
         <name>PCM_getPowerMode</name>
         <value>0x22c7</value>
         <object_component_ref idref="oc-383"/>
      </symbol>
      <symbol id="sm-6b3">
         <name>PCM_getPowerState</name>
         <value>0x2ab1</value>
         <object_component_ref idref="oc-38f"/>
      </symbol>
      <symbol id="sm-6b4">
         <name>PCM_gotoLPM0</name>
         <value>0x296d</value>
         <object_component_ref idref="oc-1ce"/>
      </symbol>
      <symbol id="sm-6b5">
         <name>PCM_setPowerMode</name>
         <value>0x2b2d</value>
         <object_component_ref idref="oc-395"/>
      </symbol>
      <symbol id="sm-708">
         <name>EUSCI_B_SPI_isBusy</name>
         <value>0x29f5</value>
         <object_component_ref idref="oc-2d9"/>
      </symbol>
      <symbol id="sm-709">
         <name>EUSCI_B_SPI_enable</name>
         <value>0x2a5b</value>
         <object_component_ref idref="oc-3d3"/>
      </symbol>
      <symbol id="sm-70a">
         <name>SPI_enableModule</name>
         <value>0x2a11</value>
         <object_component_ref idref="oc-2d3"/>
      </symbol>
      <symbol id="sm-70b">
         <name>EUSCI_B_SPI_transmitData</name>
         <value>0x2a71</value>
         <object_component_ref idref="oc-2df"/>
      </symbol>
      <symbol id="sm-70c">
         <name>EUSCI_A_SPI_enable</name>
         <value>0x2a45</value>
         <object_component_ref idref="oc-3cd"/>
      </symbol>
      <symbol id="sm-70d">
         <name>SPI_initMaster</name>
         <value>0x1c29</value>
         <object_component_ref idref="oc-2cd"/>
      </symbol>
      <symbol id="sm-748">
         <name>Timer32_startTimer</name>
         <value>0x2685</value>
         <object_component_ref idref="oc-1f2"/>
      </symbol>
      <symbol id="sm-749">
         <name>Timer32_setCount</name>
         <value>0x2725</value>
         <object_component_ref idref="oc-1ec"/>
      </symbol>
      <symbol id="sm-74a">
         <name>Timer32_getValue</name>
         <value>0x2b3d</value>
         <object_component_ref idref="oc-1e0"/>
      </symbol>
      <symbol id="sm-74b">
         <name>Timer32_haltTimer</name>
         <value>0x2ac5</value>
         <object_component_ref idref="oc-1da"/>
      </symbol>
      <symbol id="sm-74c">
         <name>Timer32_initModule</name>
         <value>0x2075</value>
         <object_component_ref idref="oc-1a9"/>
      </symbol>
      <symbol id="sm-7a5">
         <name>Timer_A_enableCaptureCompareInterrupt</name>
         <value>0x28a1</value>
         <object_component_ref idref="oc-fa"/>
      </symbol>
      <symbol id="sm-7a6">
         <name>Timer_A_clearCaptureCompareInterrupt</name>
         <value>0x2875</value>
         <object_component_ref idref="oc-172"/>
      </symbol>
      <symbol id="sm-7a7">
         <name>Timer_A_generatePWM</name>
         <value>0x2001</value>
         <object_component_ref idref="oc-f4"/>
      </symbol>
      <symbol id="sm-7a8">
         <name>Timer_A_startCounter</name>
         <value>0x2a87</value>
         <object_component_ref idref="oc-10c"/>
      </symbol>
      <symbol id="sm-7a9">
         <name>Timer_A_stopTimer</name>
         <value>0x2ad9</value>
         <object_component_ref idref="oc-112"/>
      </symbol>
      <symbol id="sm-7aa">
         <name>Timer_A_clearTimer</name>
         <value>0x2a2d</value>
         <object_component_ref idref="oc-106"/>
      </symbol>
      <symbol id="sm-7b6">
         <name>WDT_A_holdTimer</name>
         <value>0x2995</value>
         <object_component_ref idref="oc-226"/>
      </symbol>
      <symbol id="sm-7c8">
         <name>CPU_wfi</name>
         <value>0x2ba5</value>
         <object_component_ref idref="oc-336"/>
      </symbol>
      <symbol id="sm-7c9">
         <name>CPU_cpsie</name>
         <value>0x2b75</value>
         <object_component_ref idref="oc-32f"/>
      </symbol>
      <symbol id="sm-7ea">
         <name>qsort</name>
         <value>0x1ab9</value>
         <object_component_ref idref="oc-1e6"/>
      </symbol>
      <symbol id="sm-7eb">
         <name>__TI_static_base__</name>
         <value>0x0</value>
      </symbol>
      <symbol id="sm-7ee">
         <name>__mpu_init</name>
         <value>0x0</value>
      </symbol>
      <symbol id="sm-7ef">
         <name>_system_post_cinit</name>
         <value>0x0</value>
      </symbol>
      <symbol id="sm-7f0">
         <name>NMI_Handler</name>
         <value>0x2b65</value>
      </symbol>
      <symbol id="sm-7f1">
         <name>HardFault_Handler</name>
         <value>0x2b65</value>
      </symbol>
      <symbol id="sm-7f2">
         <name>MemManage_Handler</name>
         <value>0x2b65</value>
      </symbol>
      <symbol id="sm-7f3">
         <name>BusFault_Handler</name>
         <value>0x2b65</value>
      </symbol>
      <symbol id="sm-7f4">
         <name>UsageFault_Handler</name>
         <value>0x2b65</value>
      </symbol>
      <symbol id="sm-7f5">
         <name>SVC_Handler</name>
         <value>0x2b65</value>
      </symbol>
      <symbol id="sm-7f6">
         <name>DebugMon_Handler</name>
         <value>0x2b65</value>
      </symbol>
      <symbol id="sm-7f7">
         <name>PendSV_Handler</name>
         <value>0x2b65</value>
      </symbol>
      <symbol id="sm-7f8">
         <name>SysTick_Handler</name>
         <value>0x2b65</value>
      </symbol>
      <symbol id="sm-7f9">
         <name>PSS_IRQHandler</name>
         <value>0x2b65</value>
      </symbol>
      <symbol id="sm-7fa">
         <name>CS_IRQHandler</name>
         <value>0x2b65</value>
      </symbol>
      <symbol id="sm-7fb">
         <name>PCM_IRQHandler</name>
         <value>0x2b65</value>
      </symbol>
      <symbol id="sm-7fc">
         <name>WDT_A_IRQHandler</name>
         <value>0x2b65</value>
      </symbol>
      <symbol id="sm-7fd">
         <name>FPU_IRQHandler</name>
         <value>0x2b65</value>
      </symbol>
      <symbol id="sm-7fe">
         <name>FLCTL_IRQHandler</name>
         <value>0x2b65</value>
      </symbol>
      <symbol id="sm-7ff">
         <name>COMP_E0_IRQHandler</name>
         <value>0x2b65</value>
      </symbol>
      <symbol id="sm-800">
         <name>COMP_E1_IRQHandler</name>
         <value>0x2b65</value>
      </symbol>
      <symbol id="sm-801">
         <name>TA0_0_IRQHandler</name>
         <value>0x2b65</value>
      </symbol>
      <symbol id="sm-802">
         <name>TA0_N_IRQHandler</name>
         <value>0x5a9</value>
      </symbol>
      <symbol id="sm-803">
         <name>TA1_0_IRQHandler</name>
         <value>0x2b65</value>
      </symbol>
      <symbol id="sm-804">
         <name>TA1_N_IRQHandler</name>
         <value>0x2b65</value>
      </symbol>
      <symbol id="sm-805">
         <name>TA2_0_IRQHandler</name>
         <value>0x2b65</value>
      </symbol>
      <symbol id="sm-806">
         <name>TA2_N_IRQHandler</name>
         <value>0x2b65</value>
      </symbol>
      <symbol id="sm-807">
         <name>TA3_0_IRQHandler</name>
         <value>0x2b65</value>
      </symbol>
      <symbol id="sm-808">
         <name>TA3_N_IRQHandler</name>
         <value>0x2b65</value>
      </symbol>
      <symbol id="sm-809">
         <name>EUSCIA0_IRQHandler</name>
         <value>0x2b65</value>
      </symbol>
      <symbol id="sm-80a">
         <name>EUSCIA1_IRQHandler</name>
         <value>0x2b65</value>
      </symbol>
      <symbol id="sm-80b">
         <name>EUSCIA2_IRQHandler</name>
         <value>0x2b65</value>
      </symbol>
      <symbol id="sm-80c">
         <name>EUSCIA3_IRQHandler</name>
         <value>0x2b65</value>
      </symbol>
      <symbol id="sm-80d">
         <name>EUSCIB0_IRQHandler</name>
         <value>0x2b65</value>
      </symbol>
      <symbol id="sm-80e">
         <name>EUSCIB1_IRQHandler</name>
         <value>0x2b65</value>
      </symbol>
      <symbol id="sm-80f">
         <name>EUSCIB2_IRQHandler</name>
         <value>0x2b65</value>
      </symbol>
      <symbol id="sm-810">
         <name>EUSCIB3_IRQHandler</name>
         <value>0x2b65</value>
      </symbol>
      <symbol id="sm-811">
         <name>ADC14_IRQHandler</name>
         <value>0x6a9</value>
      </symbol>
      <symbol id="sm-812">
         <name>T32_INT1_IRQHandler</name>
         <value>0x2b65</value>
      </symbol>
      <symbol id="sm-813">
         <name>T32_INT2_IRQHandler</name>
         <value>0x2b65</value>
      </symbol>
      <symbol id="sm-814">
         <name>T32_INTC_IRQHandler</name>
         <value>0x2b65</value>
      </symbol>
      <symbol id="sm-815">
         <name>AES256_IRQHandler</name>
         <value>0x2b65</value>
      </symbol>
      <symbol id="sm-816">
         <name>RTC_C_IRQHandler</name>
         <value>0x2b65</value>
      </symbol>
      <symbol id="sm-817">
         <name>DMA_ERR_IRQHandler</name>
         <value>0x671</value>
      </symbol>
      <symbol id="sm-818">
         <name>DMA_INT3_IRQHandler</name>
         <value>0x2b65</value>
      </symbol>
      <symbol id="sm-819">
         <name>DMA_INT2_IRQHandler</name>
         <value>0x2b65</value>
      </symbol>
      <symbol id="sm-81a">
         <name>DMA_INT1_IRQHandler</name>
         <value>0x61d</value>
      </symbol>
      <symbol id="sm-81b">
         <name>DMA_INT0_IRQHandler</name>
         <value>0x2b65</value>
      </symbol>
      <symbol id="sm-81c">
         <name>PORT1_IRQHandler</name>
         <value>0x2b65</value>
      </symbol>
      <symbol id="sm-81d">
         <name>PORT2_IRQHandler</name>
         <value>0x2b65</value>
      </symbol>
      <symbol id="sm-81e">
         <name>PORT3_IRQHandler</name>
         <value>0x2b65</value>
      </symbol>
      <symbol id="sm-81f">
         <name>PORT4_IRQHandler</name>
         <value>0x2b65</value>
      </symbol>
      <symbol id="sm-820">
         <name>PORT5_IRQHandler</name>
         <value>0x2b65</value>
      </symbol>
      <symbol id="sm-821">
         <name>PORT6_IRQHandler</name>
         <value>0x2b65</value>
      </symbol>
   </symbol_table>
   <title>Link successful</title>
</link_info>
