******************************************************************************
                  TI ARM Linker PC v20.2.7                     
******************************************************************************
>> Linked Wed Nov  2 15:33:04 2022

OUTPUT FILE NAME:   <lab1_sawtooth.out>
ENTRY POINT SYMBOL: "_c_int00_noargs"  address: 00002759


MEMORY CONFIGURATION

         name            origin    length      used     unused   attr    fill
----------------------  --------  ---------  --------  --------  ----  --------
  MAIN                  00000000   00040000  00002cf0  0003d310  R  X
  INFO                  00200000   00004000  00000000  00004000  R  X
  SRAM_CODE             01000000   00010000  00000841  0000f7bf  RW X
  SRAM_DATA             20000000   00010000  00000841  0000f7bf  RW  


SEGMENT ALLOCATION MAP

run origin  load origin   length   init length attrs members
----------  ----------- ---------- ----------- ----- -------
00000000    00000000    00002cf0   00002cf0    r-x
  00000000    00000000    000000e4   000000e4    r-- .intvecs
  000000e4    000000e4    00002acc   00002acc    r-x .text
  00002bb0    00002bb0    00000100   00000100    r-- .const
  00002cb0    00002cb0    00000040   00000040    r-- .cinit
20000000    20000000    00000644   00000000    rw-
  20000000    20000000    0000061d   00000000    rw- .bss
  20000620    20000620    00000024   00000000    rw- .data
2000fe00    2000fe00    00000200   00000000    rw-
  2000fe00    2000fe00    00000200   00000000    rw- .stack


SECTION ALLOCATION MAP

 output                                  attributes/
section   page    origin      length       input sections
--------  ----  ----------  ----------   ----------------
.intvecs   0    00000000    000000e4     
                  00000000    000000e4     startup_msp432p401r_ccs.obj (.intvecs:retain)

.text      0    000000e4    00002acc     
                  000000e4    00000a90     xlaudio_lib.lib : xlaudio.obj (.text)
                  00000b74    00000334     system_msp432p401r.obj (.text)
                  00000ea8    00000210     msp432p4xx_driverlib.lib : dma.o (.text:DMA_assignChannel)
                  000010b8    000001ec     xlaudio_lib.lib : xlaudio_armdsp.obj (.text)
                  000012a4    00000160     msp432p4xx_driverlib.lib : adc14.o (.text:_getIndexForMemRegister)
                  00001404    0000015c                              : pcm.o (.text:__PCM_setPowerModeAdvanced)
                  00001560    00000144                              : timer_a.o (.text:privateTimer_AProcessClockSourceDivider)
                  000016a4    00000130                              : cs.o (.text:CS_initClockSignal)
                  000017d4    00000108                              : pcm.o (.text:__PCM_setCoreVoltageLevelAdvanced)
                  000018dc    000000f0                              : dma.o (.text:DMA_setChannelTransfer)
                  000019cc    000000ec     xlaudio_lib.lib : dac8311.obj (.text)
                  00001ab8    000000ba     rtsv7M4_T_le_v4SPD16_eabi.lib : qsort.c.obj (.text:qsort)
                  00001b72    00000002     --HOLE-- [fill = 0]
                  00001b74    000000b4     msp432p4xx_driverlib.lib : adc14.o (.text:ADC14_configureConversionMemory)
                  00001c28    000000b0                              : spi.o (.text:SPI_initMaster)
                  00001cd8    0000009c     rtsv7M4_T_le_v4SPD16_eabi.lib : memcpy_t2.asm.obj (.text)
                  00001d74    00000088     msp432p4xx_driverlib.lib : gpio.o (.text:GPIO_setAsPeripheralModuleFunctionInputPin)
                  00001dfc    00000088                              : gpio.o (.text:GPIO_setAsPeripheralModuleFunctionOutputPin)
                  00001e84    00000080                              : dma.o (.text:DMA_getChannelAttribute)
                  00001f04    00000080                              : interrupt.o (.text:Interrupt_enableInterrupt)
                  00001f84    0000007a     rtsv7M4_T_le_v4SPD16_eabi.lib : memset_t2.asm.obj (.text)
                  00001ffe    00000002     --HOLE-- [fill = 0]
                  00002000    00000074     msp432p4xx_driverlib.lib : timer_a.o (.text:Timer_A_generatePWM)
                  00002074    00000068                              : timer32.o (.text:Timer32_initModule)
                  000020dc    00000068     rtsv7M4_T_le_v4SPD16_eabi.lib : copy_decompress_lzss.c.obj (.text:decompress:lzss:__TI_decompress_lzss)
                  00002144    00000064     msp432p4xx_driverlib.lib : dma.o (.text:DMA_disableChannelAttribute)
                  000021a8    00000060                              : dma.o (.text:DMA_assignInterrupt)
                  00002208    00000060     main.obj (.text)
                  00002268    0000005e     msp432p4xx_driverlib.lib : pcm.o (.text:PCM_getCoreVoltageLevel)
                  000022c6    0000005a                              : pcm.o (.text:PCM_getPowerMode)
                  00002320    00000058                              : adc14.o (.text:ADC14_configureSingleSampleMode)
                  00002378    00000058                              : gpio.o (.text:GPIO_setAsInputPinWithPullUpResistor)
                  000023d0    00000054                              : adc14.o (.text:ADC14_initModule)
                  00002424    0000004c                              : dma.o (.text:DMA_enableInterrupt)
                  00002470    0000004c                              : gpio.o (.text:GPIO_setAsInputPin)
                  000024bc    00000048                              : adc14.o (.text:ADC14_setSampleHoldTrigger)
                  00002504    00000048                              : flash.o (.text:FlashCtl_setWaitState)
                  0000254c    00000044     rtsv7M4_T_le_v4SPD16_eabi.lib : autoinit.c.obj (.text:__TI_auto_init_nobinit_nopinit:__TI_auto_init_nobinit_nopinit)
                  00002590    00000040     msp432p4xx_driverlib.lib : gpio.o (.text:GPIO_setAsOutputPin)
                  000025d0    00000040                              : spi.o (.text:is_A_Module)
                  00002610    0000003c                              : dma.o (.text:DMA_setChannelControl)
                  0000264c    00000038                              : adc14.o (.text:ADC14_getEnabledInterruptStatus)
                  00002684    00000038                              : timer32.o (.text:Timer32_startTimer)
                  000026bc    00000034                              : adc14.o (.text:ADC14_enableSampleTimer)
                  000026f0    00000034                              : cs.o (.text:CS_setDCOCenteredFrequency)
                  00002724    00000034                              : timer32.o (.text:Timer32_setCount)
                  00002758    00000034     rtsv7M4_T_le_v4SPD16_eabi.lib : boot_cortex_m.c.obj (.text:_c_int00_noargs:_c_int00_noargs)
                  0000278c    00000030     msp432p4xx_driverlib.lib : adc14.o (.text:ADC14_clearInterruptFlag)
                  000027bc    00000030                              : adc14.o (.text:ADC14_enableInterrupt)
                  000027ec    00000030                              : gpio.o (.text:GPIO_getInputPinValue)
                  0000281c    0000002c                              : adc14.o (.text:ADC14_getInterruptStatus)
                  00002848    0000002c                              : adc14.o (.text:ADC14_toggleConversionTrigger)
                  00002874    0000002c                              : timer_a.o (.text:Timer_A_clearCaptureCompareInterrupt)
                  000028a0    0000002c                              : timer_a.o (.text:Timer_A_enableCaptureCompareInterrupt)
                  000028cc    00000028                              : adc14.o (.text:ADC14_enableConversion)
                  000028f4    00000028                              : adc14.o (.text:ADC14_getResult)
                  0000291c    00000028                              : gpio.o (.text:GPIO_setOutputHighOnPin)
                  00002944    00000028                              : gpio.o (.text:GPIO_setOutputLowOnPin)
                  0000296c    00000028                              : pcm.o (.text:PCM_gotoLPM0)
                  00002994    00000024                              : wdt_a.o (.text:WDT_A_holdTimer)
                  000029b8    00000020                              : adc14.o (.text:ADC14_setResolution)
                  000029d8    0000001c                              : dma.o (.text:DMA_enableChannel)
                  000029f4    0000001c                              : spi.o (.text:EUSCI_B_SPI_isBusy)
                  00002a10    0000001c                              : spi.o (.text:SPI_enableModule)
                  00002a2c    00000018                              : timer_a.o (.text:Timer_A_clearTimer)
                  00002a44    00000016                              : spi.o (.text:EUSCI_A_SPI_enable)
                  00002a5a    00000016                              : spi.o (.text:EUSCI_B_SPI_enable)
                  00002a70    00000016                              : spi.o (.text:EUSCI_B_SPI_transmitData)
                  00002a86    00000016                              : timer_a.o (.text:Timer_A_startCounter)
                  00002a9c    00000014                              : dma.o (.text:DMA_setControlBase)
                  00002ab0    00000014                              : pcm.o (.text:PCM_getPowerState)
                  00002ac4    00000014                              : timer32.o (.text:Timer32_haltTimer)
                  00002ad8    00000014                              : timer_a.o (.text:Timer_A_stopTimer)
                  00002aec    00000010                              : adc14.o (.text:ADC14_isBusy)
                  00002afc    00000010                              : adc14.o (.text:ADCIsConversionRunning)
                  00002b0c    00000010                              : interrupt.o (.text:Interrupt_enableMaster)
                  00002b1c    00000010                              : pcm.o (.text:PCM_setCoreVoltageLevel)
                  00002b2c    00000010                              : pcm.o (.text:PCM_setPowerMode)
                  00002b3c    0000000e                              : timer32.o (.text:Timer32_getValue)
                  00002b4a    0000000e     rtsv7M4_T_le_v4SPD16_eabi.lib : copy_decompress_none.c.obj (.text:decompress:none:__TI_decompress_none)
                  00002b58    0000000e     startup_msp432p401r_ccs.obj (.text)
                  00002b66    00000002     --HOLE-- [fill = 0]
                  00002b68    0000000c     msp432p4xx_driverlib.lib : adc14.o (.text:ADC14_enableModule)
                  00002b74    0000000c                              : cpu.o (.text:CPU_cpsie)
                  00002b80    0000000c                              : dma.o (.text:DMA_clearErrorStatus)
                  00002b8c    0000000c                              : dma.o (.text:DMA_enableModule)
                  00002b98    0000000c     rtsv7M4_T_le_v4SPD16_eabi.lib : copy_zero_init.c.obj (.text:decompress:ZI:__TI_zero_init)
                  00002ba4    00000004     msp432p4xx_driverlib.lib : cpu.o (.text:CPU_wfi)
                  00002ba8    00000004     rtsv7M4_T_le_v4SPD16_eabi.lib : pre_init.c.obj (.text:_system_pre_init)
                  00002bac    00000004                                   : exit.c.obj (.text:abort:abort)

.const     0    00002bb0    00000100     
                  00002bb0    00000080     msp432p4xx_driverlib.lib : adc14.o (.const:_ctlRegs)
                  00002c30    00000030                              : gpio.o (.const:GPIO_PORT_TO_BASE)
                  00002c60    00000020     xlaudio_lib.lib : xlaudio.obj (.const:$P$T0$1)
                  00002c80    0000001c                     : dac8311.obj (.const:$P$T0$1)
                  00002c9c    0000000a                     : xlaudio.obj (.const:$P$T1$2)
                  00002ca6    00000002     --HOLE-- [fill = 0]
                  00002ca8    00000008     msp432p4xx_driverlib.lib : interrupt.o (.const:g_pulEnRegs)

.cinit     0    00002cb0    00000040     
                  00002cb0    00000016     (.cinit..data.load) [load image, compression = lzss]
                  00002cc6    00000002     --HOLE-- [fill = 0]
                  00002cc8    0000000c     (__TI_handler_table)
                  00002cd4    00000004     --HOLE-- [fill = 0]
                  00002cd8    00000008     (.cinit..bss.load) [load image, compression = zero_init]
                  00002ce0    00000010     (__TI_cinit_table)

.init_array 
*          0    00000000    00000000     UNINITIALIZED

.binit     0    00000000    00000000     

.bss       0    20000000    0000061d     UNINITIALIZED
                  20000000    00000200     xlaudio_lib.lib : xlaudio.obj (.bss:dmaControlTable)
                  20000200    00000100     (.common:glbPingADC)
                  20000300    00000100     (.common:glbPingDAC)
                  20000400    00000100     (.common:glbPongADC)
                  20000500    00000100     (.common:glbPongDAC)
                  20000600    00000018     (.common:glbPWMConfig)
                  20000618    00000004                     : xlaudio.obj (.bss)
                  2000061c    00000001     (.common:glbIO)

.data      0    20000620    00000024     UNINITIALIZED
                  20000620    0000001c     xlaudio_lib.lib : xlaudio.obj (.data)
                  2000063c    00000004     main.obj (.data)
                  20000640    00000004     system_msp432p401r.obj (.data)

.stack     0    2000fe00    00000200     UNINITIALIZED
                  2000fe00    00000004     rtsv7M4_T_le_v4SPD16_eabi.lib : boot_cortex_m.c.obj (.stack)
                  2000fe04    000001fc     --HOLE--

__llvm_prf_cnts 
*          0    20000000    00000000     UNINITIALIZED

MODULE SUMMARY

       Module                        code    ro data   rw data
       ------                        ----    -------   -------
    .\
       system_msp432p401r.obj        820     0         8      
       startup_msp432p401r_ccs.obj   14      228       0      
       main.obj                      96      0         8      
    +--+-----------------------------+-------+---------+---------+
       Total:                        930     228       16     
                                                              
    C:/Users/Cristian/workspace_v12/xlaudio_lib/Debug/xlaudio_lib.lib
       xlaudio.obj                   2704    42        3186   
       xlaudio_armdsp.obj            492     0         0      
       dac8311.obj                   236     28        0      
    +--+-----------------------------+-------+---------+---------+
       Total:                        3432    70        3186   
                                                              
    C:/ti/simplelink_msp432p4_sdk_3_40_01_02/source/ti/devices/msp432p4xx/driverlib/ccs/msp432p4xx_driverlib.lib
       adc14.o                       1224    128       0      
       dma.o                         1300    0         0      
       pcm.o                         888     0         0      
       gpio.o                        628     48        0      
       timer_a.o                     594     0         0      
       spi.o                         362     0         0      
       cs.o                          356     0         0      
       timer32.o                     246     0         0      
       interrupt.o                   144     8         0      
       flash.o                       72      0         0      
       wdt_a.o                       36      0         0      
       cpu.o                         16      0         0      
    +--+-----------------------------+-------+---------+---------+
       Total:                        5866    184       0      
                                                              
    C:\ti\ccs1210\ccs\tools\compiler\ti-cgt-arm_20.2.7.LTS\lib\rtsv7M4_T_le_v4SPD16_eabi.lib
       qsort.c.obj                   186     0         0      
       memcpy_t2.asm.obj             156     0         0      
       memset_t2.asm.obj             122     0         0      
       copy_decompress_lzss.c.obj    104     0         0      
       autoinit.c.obj                68      0         0      
       boot_cortex_m.c.obj           52      0         0      
       copy_decompress_none.c.obj    14      0         0      
       copy_zero_init.c.obj          12      0         0      
       exit.c.obj                    4       0         0      
       pre_init.c.obj                4       0         0      
    +--+-----------------------------+-------+---------+---------+
       Total:                        722     0         0      
                                                              
       Stack:                        0       0         1024   
       Linker Generated:             0       58        0      
    +--+-----------------------------+-------+---------+---------+
       Grand Total:                  10950   540       4226   


LINKER GENERATED COPY TABLES

__TI_cinit_table @ 00002ce0 records: 2, size/record: 8, table size: 16
	.data: load addr=00002cb0, load size=00000016 bytes, run addr=20000620, run size=00000024 bytes, compression=lzss
	.bss: load addr=00002cd8, load size=00000008 bytes, run addr=20000000, run size=0000061d bytes, compression=zero_init


LINKER GENERATED HANDLER TABLE

__TI_handler_table @ 00002cc8 records: 3, size/record: 4, table size: 12
	index: 0, handler: __TI_decompress_lzss
	index: 1, handler: __TI_decompress_none
	index: 2, handler: __TI_zero_init


GLOBAL SYMBOLS: SORTED ALPHABETICALLY BY Name 

address   name                                       
-------   ----                                       
000006a9  ADC14_IRQHandler                           
000006a9  ADC14_IRQHandler                           
0000278d  ADC14_clearInterruptFlag                   
00001b75  ADC14_configureConversionMemory            
00002321  ADC14_configureSingleSampleMode            
000028cd  ADC14_enableConversion                     
000027bd  ADC14_enableInterrupt                      
00002b69  ADC14_enableModule                         
000026bd  ADC14_enableSampleTimer                    
0000264d  ADC14_getEnabledInterruptStatus            
0000281d  ADC14_getInterruptStatus                   
000028f5  ADC14_getResult                            
000023d1  ADC14_initModule                           
00002aed  ADC14_isBusy                               
000029b9  ADC14_setResolution                        
000024bd  ADC14_setSampleHoldTrigger                 
00002849  ADC14_toggleConversionTrigger              
00002b65  AES256_IRQHandler                          
00002b65  BusFault_Handler                           
00002bad  C$$EXIT                                    
00002b65  COMP_E0_IRQHandler                         
00002b65  COMP_E1_IRQHandler                         
00002b75  CPU_cpsie                                  
00002ba5  CPU_wfi                                    
00002b65  CS_IRQHandler                              
000016a5  CS_initClockSignal                         
000026f1  CS_setDCOCenteredFrequency                 
000019cd  DAC8311_init                               
00001a81  DAC8311_setLowPowerMode                    
00001a65  DAC8311_updateDacOut                       
00000671  DMA_ERR_IRQHandler                         
00000671  DMA_ERR_IRQHandler                         
00002b65  DMA_INT0_IRQHandler                        
0000061d  DMA_INT1_IRQHandler                        
0000061d  DMA_INT1_IRQHandler                        
00002b65  DMA_INT2_IRQHandler                        
00002b65  DMA_INT3_IRQHandler                        
00000ea9  DMA_assignChannel                          
000021a9  DMA_assignInterrupt                        
00002b81  DMA_clearErrorStatus                       
00002145  DMA_disableChannelAttribute                
000029d9  DMA_enableChannel                          
00002425  DMA_enableInterrupt                        
00002b8d  DMA_enableModule                           
00001e85  DMA_getChannelAttribute                    
00002611  DMA_setChannelControl                      
000018dd  DMA_setChannelTransfer                     
00002a9d  DMA_setControlBase                         
00002b65  DebugMon_Handler                           
00002b65  Default_Handler                            
00002b65  EUSCIA0_IRQHandler                         
00002b65  EUSCIA1_IRQHandler                         
00002b65  EUSCIA2_IRQHandler                         
00002b65  EUSCIA3_IRQHandler                         
00002b65  EUSCIB0_IRQHandler                         
00002b65  EUSCIB1_IRQHandler                         
00002b65  EUSCIB2_IRQHandler                         
00002b65  EUSCIB3_IRQHandler                         
00002a45  EUSCI_A_SPI_enable                         
00002a5b  EUSCI_B_SPI_enable                         
000029f5  EUSCI_B_SPI_isBusy                         
00002a71  EUSCI_B_SPI_transmitData                   
00002b65  FLCTL_IRQHandler                           
00002b65  FPU_IRQHandler                             
00002505  FlashCtl_setWaitState                      
000027ed  GPIO_getInputPinValue                      
00002471  GPIO_setAsInputPin                         
00002379  GPIO_setAsInputPinWithPullUpResistor       
00002591  GPIO_setAsOutputPin                        
00001d75  GPIO_setAsPeripheralModuleFunctionInputPin 
00001dfd  GPIO_setAsPeripheralModuleFunctionOutputPin
0000291d  GPIO_setOutputHighOnPin                    
00002945  GPIO_setOutputLowOnPin                     
00002b65  HardFault_Handler                          
00001f05  Interrupt_enableInterrupt                  
00002b0d  Interrupt_enableMaster                     
00002b65  MemManage_Handler                          
00002b65  NMI_Handler                                
00002b65  PCM_IRQHandler                             
00002269  PCM_getCoreVoltageLevel                    
000022c7  PCM_getPowerMode                           
00002ab1  PCM_getPowerState                          
0000296d  PCM_gotoLPM0                               
00002b1d  PCM_setCoreVoltageLevel                    
00002b2d  PCM_setPowerMode                           
00002b65  PORT1_IRQHandler                           
00002b65  PORT2_IRQHandler                           
00002b65  PORT3_IRQHandler                           
00002b65  PORT4_IRQHandler                           
00002b65  PORT5_IRQHandler                           
00002b65  PORT6_IRQHandler                           
00002b65  PSS_IRQHandler                             
00002b65  PendSV_Handler                             
00002b65  RTC_C_IRQHandler                           
00002b59  Reset_Handler                              
00002a11  SPI_enableModule                           
00001c29  SPI_initMaster                             
00002b65  SVC_Handler                                
00002b65  SysTick_Handler                            
20000640  SystemCoreClock                            
00000b75  SystemCoreClockUpdate                      
00000ded  SystemInit                                 
00002b65  T32_INT1_IRQHandler                        
00002b65  T32_INT2_IRQHandler                        
00002b65  T32_INTC_IRQHandler                        
00002b65  TA0_0_IRQHandler                           
000005a9  TA0_N_IRQHandler                           
000005a9  TA0_N_IRQHandler                           
00002b65  TA1_0_IRQHandler                           
00002b65  TA1_N_IRQHandler                           
00002b65  TA2_0_IRQHandler                           
00002b65  TA2_N_IRQHandler                           
00002b65  TA3_0_IRQHandler                           
00002b65  TA3_N_IRQHandler                           
00002b3d  Timer32_getValue                           
00002ac5  Timer32_haltTimer                          
00002075  Timer32_initModule                         
00002725  Timer32_setCount                           
00002685  Timer32_startTimer                         
00002875  Timer_A_clearCaptureCompareInterrupt       
00002a2d  Timer_A_clearTimer                         
000028a1  Timer_A_enableCaptureCompareInterrupt      
00002001  Timer_A_generatePWM                        
00002a87  Timer_A_startCounter                       
00002ad9  Timer_A_stopTimer                          
00002b65  UsageFault_Handler                         
4000480c  WDTCTL_SYM                                 
00002b65  WDT_A_IRQHandler                           
00002995  WDT_A_holdTimer                            
20010000  __STACK_END                                
00000200  __STACK_SIZE                               
00002ce0  __TI_CINIT_Base                            
00002cf0  __TI_CINIT_Limit                           
00002cc8  __TI_Handler_Table_Base                    
00002cd4  __TI_Handler_Table_Limit                   
0000254d  __TI_auto_init_nobinit_nopinit             
000020dd  __TI_decompress_lzss                       
00002b4b  __TI_decompress_none                       
ffffffff  __TI_pprof_out_hndl                        
ffffffff  __TI_prof_data_size                        
ffffffff  __TI_prof_data_start                       
00000000  __TI_static_base__                         
00002b99  __TI_zero_init                             
00001f85  __aeabi_memclr                             
00001f85  __aeabi_memclr4                            
00001f85  __aeabi_memclr8                            
00001cd9  __aeabi_memcpy                             
00001cd9  __aeabi_memcpy4                            
00001cd9  __aeabi_memcpy8                            
00001f87  __aeabi_memset                             
00001f87  __aeabi_memset4                            
00001f87  __aeabi_memset8                            
ffffffff  __binit__                                  
ffffffff  __c_args__                                 
UNDEFED   __mpu_init                                 
2000fe00  __stack                                    
20000000  __start___llvm_prf_cnts                    
20000000  __stop___llvm_prf_cnts                     
00002759  _c_int00_noargs                            
UNDEFED   _system_post_cinit                         
00002ba9  _system_pre_init                           
00002bad  abort                                      
ffffffff  binit                                      
00000341  blockingerror                              
00000239  colorledinit                               
000009c9  comp_uint32                                
000003f3  configureBuffer                            
00000381  configureSampleclock                       
000001b5  debugpininit                               
000001f5  dutypinhigh                                
000001e1  dutypininit                                
00000201  dutypinlow                                 
0000020d  errorledinit                               
20000623  glbADCPPRead                               
20000622  glbADCPPWrite                              
20000628  glbActiveDACBuf                            
20000620  glbBUFLEN                                  
20000634  glbBufferCallback                          
2000062c  glbDACBufIndex                             
20000625  glbDACPPRead                               
20000624  glbDACPPWrite                              
2000061c  glbIO                                      
20000600  glbPWMConfig                               
20000200  glbPingADC                                 
20000300  glbPingDAC                                 
20000400  glbPongADC                                 
20000500  glbPongDAC                                 
20000630  glbSampleCallback                          
0000048b  initADC                                    
0000014b  initAmp                                    
0000015f  initClock                                  
000000e5  initMic                                    
000002dd  initPushButton                             
00000127  initSwitch                                 
00000719  initTimer32                                
00000000  interruptVectors                           
2000063c  level                                      
00002245  main                                       
000009df  median                                     
00001cd9  memcpy                                     
00001f8d  memset                                     
0000013f  micOff                                     
00000133  micOn                                      
000009a5  perfLap                                    
00002209  processSample                              
00001ab9  qsort                                      
00000469  startSampleClock                           
00000997  stopPerf                                   
0000047f  stopSampleClock                            
00000765  xlaudio__init_poll                         
00001215  xlaudio_adc14_to_f32                       
0000111d  xlaudio_adc14_to_f32_vec                   
000011e9  xlaudio_adc14_to_q15                       
000010b9  xlaudio_adc14_to_q15_vec                   
000011ff  xlaudio_adc14_to_q31                       
000010eb  xlaudio_adc14_to_q31_vec                   
000002a5  xlaudio_colorledblue                       
00000289  xlaudio_colorledgreen                      
000002c1  xlaudio_colorledoff                        
0000026d  xlaudio_colorledred                        
000001c9  xlaudio_debugpinhigh                       
000001d5  xlaudio_debugpinlow                        
000009f9  xlaudio_delay                              
0000022d  xlaudio_errorledoff                        
00000221  xlaudio_errorledon                         
00001271  xlaudio_f32_to_dac14                       
000011b3  xlaudio_f32_to_dac14_vec                   
00000745  xlaudio_init                               
00000825  xlaudio_init_dma                           
000007b9  xlaudio_init_intr                          
00000ab5  xlaudio_measurePerfBuffer                  
00000a35  xlaudio_measurePerfSample                  
000002f1  xlaudio_pushButtonLeftDown                 
00000305  xlaudio_pushButtonLeftUp                   
00000319  xlaudio_pushButtonRightDown                
0000032d  xlaudio_pushButtonRightUp                  
0000123d  xlaudio_q15_to_dac14                       
0000114f  xlaudio_q15_to_dac14_vec                   
00001257  xlaudio_q31_to_dac14                       
00001181  xlaudio_q31_to_dac14_vec                   
000008a9  xlaudio_run                                


GLOBAL SYMBOLS: SORTED BY Symbol Address 

address   name                                       
-------   ----                                       
00000000  __TI_static_base__                         
00000000  interruptVectors                           
000000e5  initMic                                    
00000127  initSwitch                                 
00000133  micOn                                      
0000013f  micOff                                     
0000014b  initAmp                                    
0000015f  initClock                                  
000001b5  debugpininit                               
000001c9  xlaudio_debugpinhigh                       
000001d5  xlaudio_debugpinlow                        
000001e1  dutypininit                                
000001f5  dutypinhigh                                
00000200  __STACK_SIZE                               
00000201  dutypinlow                                 
0000020d  errorledinit                               
00000221  xlaudio_errorledon                         
0000022d  xlaudio_errorledoff                        
00000239  colorledinit                               
0000026d  xlaudio_colorledred                        
00000289  xlaudio_colorledgreen                      
000002a5  xlaudio_colorledblue                       
000002c1  xlaudio_colorledoff                        
000002dd  initPushButton                             
000002f1  xlaudio_pushButtonLeftDown                 
00000305  xlaudio_pushButtonLeftUp                   
00000319  xlaudio_pushButtonRightDown                
0000032d  xlaudio_pushButtonRightUp                  
00000341  blockingerror                              
00000381  configureSampleclock                       
000003f3  configureBuffer                            
00000469  startSampleClock                           
0000047f  stopSampleClock                            
0000048b  initADC                                    
000005a9  TA0_N_IRQHandler                           
000005a9  TA0_N_IRQHandler                           
0000061d  DMA_INT1_IRQHandler                        
0000061d  DMA_INT1_IRQHandler                        
00000671  DMA_ERR_IRQHandler                         
00000671  DMA_ERR_IRQHandler                         
000006a9  ADC14_IRQHandler                           
000006a9  ADC14_IRQHandler                           
00000719  initTimer32                                
00000745  xlaudio_init                               
00000765  xlaudio__init_poll                         
000007b9  xlaudio_init_intr                          
00000825  xlaudio_init_dma                           
000008a9  xlaudio_run                                
00000997  stopPerf                                   
000009a5  perfLap                                    
000009c9  comp_uint32                                
000009df  median                                     
000009f9  xlaudio_delay                              
00000a35  xlaudio_measurePerfSample                  
00000ab5  xlaudio_measurePerfBuffer                  
00000b75  SystemCoreClockUpdate                      
00000ded  SystemInit                                 
00000ea9  DMA_assignChannel                          
000010b9  xlaudio_adc14_to_q15_vec                   
000010eb  xlaudio_adc14_to_q31_vec                   
0000111d  xlaudio_adc14_to_f32_vec                   
0000114f  xlaudio_q15_to_dac14_vec                   
00001181  xlaudio_q31_to_dac14_vec                   
000011b3  xlaudio_f32_to_dac14_vec                   
000011e9  xlaudio_adc14_to_q15                       
000011ff  xlaudio_adc14_to_q31                       
00001215  xlaudio_adc14_to_f32                       
0000123d  xlaudio_q15_to_dac14                       
00001257  xlaudio_q31_to_dac14                       
00001271  xlaudio_f32_to_dac14                       
000016a5  CS_initClockSignal                         
000018dd  DMA_setChannelTransfer                     
000019cd  DAC8311_init                               
00001a65  DAC8311_updateDacOut                       
00001a81  DAC8311_setLowPowerMode                    
00001ab9  qsort                                      
00001b75  ADC14_configureConversionMemory            
00001c29  SPI_initMaster                             
00001cd9  __aeabi_memcpy                             
00001cd9  __aeabi_memcpy4                            
00001cd9  __aeabi_memcpy8                            
00001cd9  memcpy                                     
00001d75  GPIO_setAsPeripheralModuleFunctionInputPin 
00001dfd  GPIO_setAsPeripheralModuleFunctionOutputPin
00001e85  DMA_getChannelAttribute                    
00001f05  Interrupt_enableInterrupt                  
00001f85  __aeabi_memclr                             
00001f85  __aeabi_memclr4                            
00001f85  __aeabi_memclr8                            
00001f87  __aeabi_memset                             
00001f87  __aeabi_memset4                            
00001f87  __aeabi_memset8                            
00001f8d  memset                                     
00002001  Timer_A_generatePWM                        
00002075  Timer32_initModule                         
000020dd  __TI_decompress_lzss                       
00002145  DMA_disableChannelAttribute                
000021a9  DMA_assignInterrupt                        
00002209  processSample                              
00002245  main                                       
00002269  PCM_getCoreVoltageLevel                    
000022c7  PCM_getPowerMode                           
00002321  ADC14_configureSingleSampleMode            
00002379  GPIO_setAsInputPinWithPullUpResistor       
000023d1  ADC14_initModule                           
00002425  DMA_enableInterrupt                        
00002471  GPIO_setAsInputPin                         
000024bd  ADC14_setSampleHoldTrigger                 
00002505  FlashCtl_setWaitState                      
0000254d  __TI_auto_init_nobinit_nopinit             
00002591  GPIO_setAsOutputPin                        
00002611  DMA_setChannelControl                      
0000264d  ADC14_getEnabledInterruptStatus            
00002685  Timer32_startTimer                         
000026bd  ADC14_enableSampleTimer                    
000026f1  CS_setDCOCenteredFrequency                 
00002725  Timer32_setCount                           
00002759  _c_int00_noargs                            
0000278d  ADC14_clearInterruptFlag                   
000027bd  ADC14_enableInterrupt                      
000027ed  GPIO_getInputPinValue                      
0000281d  ADC14_getInterruptStatus                   
00002849  ADC14_toggleConversionTrigger              
00002875  Timer_A_clearCaptureCompareInterrupt       
000028a1  Timer_A_enableCaptureCompareInterrupt      
000028cd  ADC14_enableConversion                     
000028f5  ADC14_getResult                            
0000291d  GPIO_setOutputHighOnPin                    
00002945  GPIO_setOutputLowOnPin                     
0000296d  PCM_gotoLPM0                               
00002995  WDT_A_holdTimer                            
000029b9  ADC14_setResolution                        
000029d9  DMA_enableChannel                          
000029f5  EUSCI_B_SPI_isBusy                         
00002a11  SPI_enableModule                           
00002a2d  Timer_A_clearTimer                         
00002a45  EUSCI_A_SPI_enable                         
00002a5b  EUSCI_B_SPI_enable                         
00002a71  EUSCI_B_SPI_transmitData                   
00002a87  Timer_A_startCounter                       
00002a9d  DMA_setControlBase                         
00002ab1  PCM_getPowerState                          
00002ac5  Timer32_haltTimer                          
00002ad9  Timer_A_stopTimer                          
00002aed  ADC14_isBusy                               
00002b0d  Interrupt_enableMaster                     
00002b1d  PCM_setCoreVoltageLevel                    
00002b2d  PCM_setPowerMode                           
00002b3d  Timer32_getValue                           
00002b4b  __TI_decompress_none                       
00002b59  Reset_Handler                              
00002b65  AES256_IRQHandler                          
00002b65  BusFault_Handler                           
00002b65  COMP_E0_IRQHandler                         
00002b65  COMP_E1_IRQHandler                         
00002b65  CS_IRQHandler                              
00002b65  DMA_INT0_IRQHandler                        
00002b65  DMA_INT2_IRQHandler                        
00002b65  DMA_INT3_IRQHandler                        
00002b65  DebugMon_Handler                           
00002b65  Default_Handler                            
00002b65  EUSCIA0_IRQHandler                         
00002b65  EUSCIA1_IRQHandler                         
00002b65  EUSCIA2_IRQHandler                         
00002b65  EUSCIA3_IRQHandler                         
00002b65  EUSCIB0_IRQHandler                         
00002b65  EUSCIB1_IRQHandler                         
00002b65  EUSCIB2_IRQHandler                         
00002b65  EUSCIB3_IRQHandler                         
00002b65  FLCTL_IRQHandler                           
00002b65  FPU_IRQHandler                             
00002b65  HardFault_Handler                          
00002b65  MemManage_Handler                          
00002b65  NMI_Handler                                
00002b65  PCM_IRQHandler                             
00002b65  PORT1_IRQHandler                           
00002b65  PORT2_IRQHandler                           
00002b65  PORT3_IRQHandler                           
00002b65  PORT4_IRQHandler                           
00002b65  PORT5_IRQHandler                           
00002b65  PORT6_IRQHandler                           
00002b65  PSS_IRQHandler                             
00002b65  PendSV_Handler                             
00002b65  RTC_C_IRQHandler                           
00002b65  SVC_Handler                                
00002b65  SysTick_Handler                            
00002b65  T32_INT1_IRQHandler                        
00002b65  T32_INT2_IRQHandler                        
00002b65  T32_INTC_IRQHandler                        
00002b65  TA0_0_IRQHandler                           
00002b65  TA1_0_IRQHandler                           
00002b65  TA1_N_IRQHandler                           
00002b65  TA2_0_IRQHandler                           
00002b65  TA2_N_IRQHandler                           
00002b65  TA3_0_IRQHandler                           
00002b65  TA3_N_IRQHandler                           
00002b65  UsageFault_Handler                         
00002b65  WDT_A_IRQHandler                           
00002b69  ADC14_enableModule                         
00002b75  CPU_cpsie                                  
00002b81  DMA_clearErrorStatus                       
00002b8d  DMA_enableModule                           
00002b99  __TI_zero_init                             
00002ba5  CPU_wfi                                    
00002ba9  _system_pre_init                           
00002bad  C$$EXIT                                    
00002bad  abort                                      
00002cc8  __TI_Handler_Table_Base                    
00002cd4  __TI_Handler_Table_Limit                   
00002ce0  __TI_CINIT_Base                            
00002cf0  __TI_CINIT_Limit                           
20000000  __start___llvm_prf_cnts                    
20000000  __stop___llvm_prf_cnts                     
20000200  glbPingADC                                 
20000300  glbPingDAC                                 
20000400  glbPongADC                                 
20000500  glbPongDAC                                 
20000600  glbPWMConfig                               
2000061c  glbIO                                      
20000620  glbBUFLEN                                  
20000622  glbADCPPWrite                              
20000623  glbADCPPRead                               
20000624  glbDACPPWrite                              
20000625  glbDACPPRead                               
20000628  glbActiveDACBuf                            
2000062c  glbDACBufIndex                             
20000630  glbSampleCallback                          
20000634  glbBufferCallback                          
2000063c  level                                      
20000640  SystemCoreClock                            
2000fe00  __stack                                    
20010000  __STACK_END                                
4000480c  WDTCTL_SYM                                 
ffffffff  __TI_pprof_out_hndl                        
ffffffff  __TI_prof_data_size                        
ffffffff  __TI_prof_data_start                       
ffffffff  __binit__                                  
ffffffff  __c_args__                                 
ffffffff  binit                                      
UNDEFED   __mpu_init                                 
UNDEFED   _system_post_cinit                         

[241 symbols]
