<?xml version="1.0" encoding="ISO-8859-1" ?>
<link_info>
   <banner>TI ARM Linker PC v20.2.7.LTS</banner>
   <copyright>Copyright (c) 1996-2018 Texas Instruments Incorporated</copyright>
   <link_time>0x63633333</link_time>
   <link_errors>0x0</link_errors>
   <output_file>lab1_voicerecorder.out</output_file>
   <entry_point>
      <name>_c_int00_noargs</name>
      <address>0x2a4d</address>
   </entry_point>
   <input_file_list>
      <input_file id="fl-2">
         <path>.\</path>
         <kind>object</kind>
         <file>main.obj</file>
         <name>main.obj</name>
      </input_file>
      <input_file id="fl-3">
         <path>.\</path>
         <kind>object</kind>
         <file>startup_msp432p401r_ccs.obj</file>
         <name>startup_msp432p401r_ccs.obj</name>
      </input_file>
      <input_file id="fl-4">
         <path>.\</path>
         <kind>object</kind>
         <file>system_msp432p401r.obj</file>
         <name>system_msp432p401r.obj</name>
      </input_file>
      <input_file id="fl-a">
         <kind>object</kind>
         <file>&lt;internal&gt;</file>
         <name>&lt;internal&gt;</name>
      </input_file>
      <input_file id="fl-c0">
         <path>C:\ti\ccs1210\ccs\tools\compiler\ti-cgt-arm_20.2.7.LTS\lib\</path>
         <kind>archive</kind>
         <file>rtsv7M4_T_le_v4SPD16_eabi.lib</file>
         <name>fd_mul_t2.asm.obj</name>
      </input_file>
      <input_file id="fl-c1">
         <path>C:\ti\ccs1210\ccs\tools\compiler\ti-cgt-arm_20.2.7.LTS\lib\</path>
         <kind>archive</kind>
         <file>rtsv7M4_T_le_v4SPD16_eabi.lib</file>
         <name>fd_toi_t2.asm.obj</name>
      </input_file>
      <input_file id="fl-c2">
         <path>C:\ti\ccs1210\ccs\tools\compiler\ti-cgt-arm_20.2.7.LTS\lib\</path>
         <kind>archive</kind>
         <file>rtsv7M4_T_le_v4SPD16_eabi.lib</file>
         <name>i_tofd_t2.asm.obj</name>
      </input_file>
      <input_file id="fl-c3">
         <path>C:\ti\ccs1210\ccs\tools\compiler\ti-cgt-arm_20.2.7.LTS\lib\</path>
         <kind>archive</kind>
         <file>rtsv7M4_T_le_v4SPD16_eabi.lib</file>
         <name>copy_zero_init.c.obj</name>
      </input_file>
      <input_file id="fl-c4">
         <path>C:\ti\ccs1210\ccs\tools\compiler\ti-cgt-arm_20.2.7.LTS\lib\</path>
         <kind>archive</kind>
         <file>rtsv7M4_T_le_v4SPD16_eabi.lib</file>
         <name>copy_decompress_none.c.obj</name>
      </input_file>
      <input_file id="fl-c5">
         <path>C:\ti\ccs1210\ccs\tools\compiler\ti-cgt-arm_20.2.7.LTS\lib\</path>
         <kind>archive</kind>
         <file>rtsv7M4_T_le_v4SPD16_eabi.lib</file>
         <name>copy_decompress_lzss.c.obj</name>
      </input_file>
      <input_file id="fl-c6">
         <path>C:\ti\ccs1210\ccs\tools\compiler\ti-cgt-arm_20.2.7.LTS\lib\</path>
         <kind>archive</kind>
         <file>rtsv7M4_T_le_v4SPD16_eabi.lib</file>
         <name>boot_cortex_m.c.obj</name>
      </input_file>
      <input_file id="fl-c7">
         <path>C:\ti\ccs1210\ccs\tools\compiler\ti-cgt-arm_20.2.7.LTS\lib\</path>
         <kind>archive</kind>
         <file>rtsv7M4_T_le_v4SPD16_eabi.lib</file>
         <name>memcpy_t2.asm.obj</name>
      </input_file>
      <input_file id="fl-c8">
         <path>C:\ti\ccs1210\ccs\tools\compiler\ti-cgt-arm_20.2.7.LTS\lib\</path>
         <kind>archive</kind>
         <file>rtsv7M4_T_le_v4SPD16_eabi.lib</file>
         <name>memset_t2.asm.obj</name>
      </input_file>
      <input_file id="fl-c9">
         <path>C:\ti\ccs1210\ccs\tools\compiler\ti-cgt-arm_20.2.7.LTS\lib\</path>
         <kind>archive</kind>
         <file>rtsv7M4_T_le_v4SPD16_eabi.lib</file>
         <name>autoinit.c.obj</name>
      </input_file>
      <input_file id="fl-ca">
         <path>C:\ti\ccs1210\ccs\tools\compiler\ti-cgt-arm_20.2.7.LTS\lib\</path>
         <kind>archive</kind>
         <file>rtsv7M4_T_le_v4SPD16_eabi.lib</file>
         <name>pre_init.c.obj</name>
      </input_file>
      <input_file id="fl-cb">
         <path>C:\ti\ccs1210\ccs\tools\compiler\ti-cgt-arm_20.2.7.LTS\lib\</path>
         <kind>archive</kind>
         <file>rtsv7M4_T_le_v4SPD16_eabi.lib</file>
         <name>cpy_tbl.c.obj</name>
      </input_file>
      <input_file id="fl-cc">
         <path>C:\ti\ccs1210\ccs\tools\compiler\ti-cgt-arm_20.2.7.LTS\lib\</path>
         <kind>archive</kind>
         <file>rtsv7M4_T_le_v4SPD16_eabi.lib</file>
         <name>exit.c.obj</name>
      </input_file>
      <input_file id="fl-cd">
         <path>C:\ti\ccs1210\ccs\tools\compiler\ti-cgt-arm_20.2.7.LTS\lib\</path>
         <kind>archive</kind>
         <file>rtsv7M4_T_le_v4SPD16_eabi.lib</file>
         <name>_lock.c.obj</name>
      </input_file>
      <input_file id="fl-ce">
         <path>C:\ti\ccs1210\ccs\tools\compiler\ti-cgt-arm_20.2.7.LTS\lib\</path>
         <kind>archive</kind>
         <file>rtsv7M4_T_le_v4SPD16_eabi.lib</file>
         <name>args_main.c.obj</name>
      </input_file>
      <input_file id="fl-cf">
         <path>C:\Users\Cristian\workspace_v12\xlaudio_lib\Debug\</path>
         <kind>archive</kind>
         <file>xlaudio_lib.lib</file>
         <name>xlaudio.obj</name>
      </input_file>
      <input_file id="fl-d0">
         <path>C:\Users\Cristian\workspace_v12\xlaudio_lib\Debug\</path>
         <kind>archive</kind>
         <file>xlaudio_lib.lib</file>
         <name>xlaudio_armdsp.obj</name>
      </input_file>
      <input_file id="fl-d1">
         <path>C:\Users\Cristian\workspace_v12\xlaudio_lib\Debug\</path>
         <kind>archive</kind>
         <file>xlaudio_lib.lib</file>
         <name>dac8311.obj</name>
      </input_file>
      <input_file id="fl-d2">
         <path>C:\ti\simplelink_msp432p4_sdk_3_40_01_02\source\ti\devices\msp432p4xx\driverlib\ccs\</path>
         <kind>archive</kind>
         <file>msp432p4xx_driverlib.lib</file>
         <name>adc14.o</name>
      </input_file>
      <input_file id="fl-d3">
         <path>C:\ti\simplelink_msp432p4_sdk_3_40_01_02\source\ti\devices\msp432p4xx\driverlib\ccs\</path>
         <kind>archive</kind>
         <file>msp432p4xx_driverlib.lib</file>
         <name>cs.o</name>
      </input_file>
      <input_file id="fl-d4">
         <path>C:\ti\simplelink_msp432p4_sdk_3_40_01_02\source\ti\devices\msp432p4xx\driverlib\ccs\</path>
         <kind>archive</kind>
         <file>msp432p4xx_driverlib.lib</file>
         <name>dma.o</name>
      </input_file>
      <input_file id="fl-d5">
         <path>C:\ti\simplelink_msp432p4_sdk_3_40_01_02\source\ti\devices\msp432p4xx\driverlib\ccs\</path>
         <kind>archive</kind>
         <file>msp432p4xx_driverlib.lib</file>
         <name>flash.o</name>
      </input_file>
      <input_file id="fl-d6">
         <path>C:\ti\simplelink_msp432p4_sdk_3_40_01_02\source\ti\devices\msp432p4xx\driverlib\ccs\</path>
         <kind>archive</kind>
         <file>msp432p4xx_driverlib.lib</file>
         <name>gpio.o</name>
      </input_file>
      <input_file id="fl-d7">
         <path>C:\ti\simplelink_msp432p4_sdk_3_40_01_02\source\ti\devices\msp432p4xx\driverlib\ccs\</path>
         <kind>archive</kind>
         <file>msp432p4xx_driverlib.lib</file>
         <name>interrupt.o</name>
      </input_file>
      <input_file id="fl-d8">
         <path>C:\ti\simplelink_msp432p4_sdk_3_40_01_02\source\ti\devices\msp432p4xx\driverlib\ccs\</path>
         <kind>archive</kind>
         <file>msp432p4xx_driverlib.lib</file>
         <name>pcm.o</name>
      </input_file>
      <input_file id="fl-d9">
         <path>C:\ti\simplelink_msp432p4_sdk_3_40_01_02\source\ti\devices\msp432p4xx\driverlib\ccs\</path>
         <kind>archive</kind>
         <file>msp432p4xx_driverlib.lib</file>
         <name>rtc_c.o</name>
      </input_file>
      <input_file id="fl-da">
         <path>C:\ti\simplelink_msp432p4_sdk_3_40_01_02\source\ti\devices\msp432p4xx\driverlib\ccs\</path>
         <kind>archive</kind>
         <file>msp432p4xx_driverlib.lib</file>
         <name>spi.o</name>
      </input_file>
      <input_file id="fl-db">
         <path>C:\ti\simplelink_msp432p4_sdk_3_40_01_02\source\ti\devices\msp432p4xx\driverlib\ccs\</path>
         <kind>archive</kind>
         <file>msp432p4xx_driverlib.lib</file>
         <name>sysctl.o</name>
      </input_file>
      <input_file id="fl-dc">
         <path>C:\ti\simplelink_msp432p4_sdk_3_40_01_02\source\ti\devices\msp432p4xx\driverlib\ccs\</path>
         <kind>archive</kind>
         <file>msp432p4xx_driverlib.lib</file>
         <name>sysctl_a.o</name>
      </input_file>
      <input_file id="fl-dd">
         <path>C:\ti\simplelink_msp432p4_sdk_3_40_01_02\source\ti\devices\msp432p4xx\driverlib\ccs\</path>
         <kind>archive</kind>
         <file>msp432p4xx_driverlib.lib</file>
         <name>timer32.o</name>
      </input_file>
      <input_file id="fl-de">
         <path>C:\ti\simplelink_msp432p4_sdk_3_40_01_02\source\ti\devices\msp432p4xx\driverlib\ccs\</path>
         <kind>archive</kind>
         <file>msp432p4xx_driverlib.lib</file>
         <name>timer_a.o</name>
      </input_file>
      <input_file id="fl-df">
         <path>C:\ti\simplelink_msp432p4_sdk_3_40_01_02\source\ti\devices\msp432p4xx\driverlib\ccs\</path>
         <kind>archive</kind>
         <file>msp432p4xx_driverlib.lib</file>
         <name>wdt_a.o</name>
      </input_file>
      <input_file id="fl-e0">
         <path>C:\ti\simplelink_msp432p4_sdk_3_40_01_02\source\ti\devices\msp432p4xx\driverlib\ccs\</path>
         <kind>archive</kind>
         <file>msp432p4xx_driverlib.lib</file>
         <name>cpu.o</name>
      </input_file>
      <input_file id="fl-e1">
         <path>C:\ti\ccs1210\ccs\tools\compiler\ti-cgt-arm_20.2.7.LTS\lib\</path>
         <kind>archive</kind>
         <file>rtsv7M4_T_le_v4SPD16_eabi.lib</file>
         <name>qsort.c.obj</name>
      </input_file>
   </input_file_list>
   <object_component_list>
      <object_component id="oc-26">
         <name>.intvecs:retain</name>
         <load_address>0x0</load_address>
         <run_address>0x0</run_address>
         <size>0xe4</size>
         <input_file_ref idref="fl-3"/>
      </object_component>
      <object_component id="oc-6d">
         <name>.text</name>
         <load_address>0xe4</load_address>
         <run_address>0xe4</run_address>
         <size>0xa90</size>
         <input_file_ref idref="fl-cf"/>
      </object_component>
      <object_component id="oc-ab">
         <name>.text</name>
         <load_address>0xb74</load_address>
         <run_address>0xb74</run_address>
         <size>0x334</size>
         <input_file_ref idref="fl-4"/>
      </object_component>
      <object_component id="oc-16c">
         <name>.text:DMA_assignChannel</name>
         <load_address>0xea8</load_address>
         <run_address>0xea8</run_address>
         <size>0x210</size>
         <input_file_ref idref="fl-d4"/>
      </object_component>
      <object_component id="oc-99">
         <name>.text</name>
         <load_address>0x10b8</load_address>
         <run_address>0x10b8</run_address>
         <size>0x210</size>
         <input_file_ref idref="fl-2"/>
      </object_component>
      <object_component id="oc-220">
         <name>.text</name>
         <load_address>0x12c8</load_address>
         <run_address>0x12c8</run_address>
         <size>0x1ec</size>
         <input_file_ref idref="fl-d0"/>
      </object_component>
      <object_component id="oc-2c1">
         <name>.text:_getIndexForMemRegister</name>
         <load_address>0x14b4</load_address>
         <run_address>0x14b4</run_address>
         <size>0x160</size>
         <input_file_ref idref="fl-d2"/>
      </object_component>
      <object_component id="oc-42c">
         <name>.text:__PCM_setPowerModeAdvanced</name>
         <load_address>0x1614</load_address>
         <run_address>0x1614</run_address>
         <size>0x15c</size>
         <input_file_ref idref="fl-d8"/>
      </object_component>
      <object_component id="oc-2a7">
         <name>.text:privateTimer_AProcessClockSourceDivider</name>
         <load_address>0x1770</load_address>
         <run_address>0x1770</run_address>
         <size>0x144</size>
         <input_file_ref idref="fl-de"/>
      </object_component>
      <object_component id="oc-e2">
         <name>.text:CS_initClockSignal</name>
         <load_address>0x18b4</load_address>
         <run_address>0x18b4</run_address>
         <size>0x130</size>
         <input_file_ref idref="fl-d3"/>
      </object_component>
      <object_component id="oc-29b">
         <name>.text:__PCM_setCoreVoltageLevelAdvanced</name>
         <load_address>0x19e4</load_address>
         <run_address>0x19e4</run_address>
         <size>0x108</size>
         <input_file_ref idref="fl-d8"/>
      </object_component>
      <object_component id="oc-22b">
         <name>.text</name>
         <load_address>0x1aec</load_address>
         <run_address>0x1aec</run_address>
         <size>0xfc</size>
         <input_file_ref idref="fl-c0"/>
      </object_component>
      <object_component id="oc-160">
         <name>.text:DMA_setChannelTransfer</name>
         <load_address>0x1be8</load_address>
         <run_address>0x1be8</run_address>
         <size>0xf0</size>
         <input_file_ref idref="fl-d4"/>
      </object_component>
      <object_component id="oc-178">
         <name>.text</name>
         <load_address>0x1cd8</load_address>
         <run_address>0x1cd8</run_address>
         <size>0xec</size>
         <input_file_ref idref="fl-d1"/>
      </object_component>
      <object_component id="oc-1e6">
         <name>.text:qsort</name>
         <load_address>0x1dc4</load_address>
         <run_address>0x1dc4</run_address>
         <size>0xba</size>
         <input_file_ref idref="fl-e1"/>
      </object_component>
      <object_component id="oc-136">
         <name>.text:ADC14_configureConversionMemory</name>
         <load_address>0x1e80</load_address>
         <run_address>0x1e80</run_address>
         <size>0xb4</size>
         <input_file_ref idref="fl-d2"/>
      </object_component>
      <object_component id="oc-2e4">
         <name>.text:SPI_initMaster</name>
         <load_address>0x1f34</load_address>
         <run_address>0x1f34</run_address>
         <size>0xb0</size>
         <input_file_ref idref="fl-da"/>
      </object_component>
      <object_component id="oc-37">
         <name>.text</name>
         <load_address>0x1fe4</load_address>
         <run_address>0x1fe4</run_address>
         <size>0x9c</size>
         <input_file_ref idref="fl-c7"/>
      </object_component>
      <object_component id="oc-b2">
         <name>.text:GPIO_setAsPeripheralModuleFunctionInputPin</name>
         <load_address>0x2080</load_address>
         <run_address>0x2080</run_address>
         <size>0x88</size>
         <input_file_ref idref="fl-d6"/>
      </object_component>
      <object_component id="oc-2de">
         <name>.text:GPIO_setAsPeripheralModuleFunctionOutputPin</name>
         <load_address>0x2108</load_address>
         <run_address>0x2108</run_address>
         <size>0x88</size>
         <input_file_ref idref="fl-d6"/>
      </object_component>
      <object_component id="oc-17e">
         <name>.text:DMA_getChannelAttribute</name>
         <load_address>0x2190</load_address>
         <run_address>0x2190</run_address>
         <size>0x80</size>
         <input_file_ref idref="fl-d4"/>
      </object_component>
      <object_component id="oc-100">
         <name>.text:Interrupt_enableInterrupt</name>
         <load_address>0x2210</load_address>
         <run_address>0x2210</run_address>
         <size>0x80</size>
         <input_file_ref idref="fl-d7"/>
      </object_component>
      <object_component id="oc-8d">
         <name>.text</name>
         <load_address>0x2290</load_address>
         <run_address>0x2290</run_address>
         <size>0x7a</size>
         <input_file_ref idref="fl-c8"/>
      </object_component>
      <object_component id="oc-f4">
         <name>.text:Timer_A_generatePWM</name>
         <load_address>0x230c</load_address>
         <run_address>0x230c</run_address>
         <size>0x74</size>
         <input_file_ref idref="fl-de"/>
      </object_component>
      <object_component id="oc-1a9">
         <name>.text:Timer32_initModule</name>
         <load_address>0x2380</load_address>
         <run_address>0x2380</run_address>
         <size>0x68</size>
         <input_file_ref idref="fl-dd"/>
      </object_component>
      <object_component id="oc-17">
         <name>.text:decompress:lzss:__TI_decompress_lzss</name>
         <load_address>0x23e8</load_address>
         <run_address>0x23e8</run_address>
         <size>0x68</size>
         <input_file_ref idref="fl-c5"/>
      </object_component>
      <object_component id="oc-154">
         <name>.text:DMA_disableChannelAttribute</name>
         <load_address>0x2450</load_address>
         <run_address>0x2450</run_address>
         <size>0x64</size>
         <input_file_ref idref="fl-d4"/>
      </object_component>
      <object_component id="oc-166">
         <name>.text:DMA_assignInterrupt</name>
         <load_address>0x24b4</load_address>
         <run_address>0x24b4</run_address>
         <size>0x60</size>
         <input_file_ref idref="fl-d4"/>
      </object_component>
      <object_component id="oc-3a9">
         <name>.text:PCM_getCoreVoltageLevel</name>
         <load_address>0x2514</load_address>
         <run_address>0x2514</run_address>
         <size>0x5e</size>
         <input_file_ref idref="fl-d8"/>
      </object_component>
      <object_component id="oc-3a3">
         <name>.text:PCM_getPowerMode</name>
         <load_address>0x2572</load_address>
         <run_address>0x2572</run_address>
         <size>0x5a</size>
         <input_file_ref idref="fl-d8"/>
      </object_component>
      <object_component id="oc-130">
         <name>.text:ADC14_configureSingleSampleMode</name>
         <load_address>0x25cc</load_address>
         <run_address>0x25cc</run_address>
         <size>0x58</size>
         <input_file_ref idref="fl-d2"/>
      </object_component>
      <object_component id="oc-e8">
         <name>.text:GPIO_setAsInputPinWithPullUpResistor</name>
         <load_address>0x2624</load_address>
         <run_address>0x2624</run_address>
         <size>0x58</size>
         <input_file_ref idref="fl-d6"/>
      </object_component>
      <object_component id="oc-11e">
         <name>.text:ADC14_initModule</name>
         <load_address>0x267c</load_address>
         <run_address>0x267c</run_address>
         <size>0x54</size>
         <input_file_ref idref="fl-d2"/>
      </object_component>
      <object_component id="oc-2d5">
         <name>.text:DMA_enableInterrupt</name>
         <load_address>0x26d0</load_address>
         <run_address>0x26d0</run_address>
         <size>0x4c</size>
         <input_file_ref idref="fl-d4"/>
      </object_component>
      <object_component id="oc-c4">
         <name>.text:GPIO_setAsInputPin</name>
         <load_address>0x271c</load_address>
         <run_address>0x271c</run_address>
         <size>0x4c</size>
         <input_file_ref idref="fl-d6"/>
      </object_component>
      <object_component id="oc-12a">
         <name>.text:ADC14_setSampleHoldTrigger</name>
         <load_address>0x2768</load_address>
         <run_address>0x2768</run_address>
         <size>0x48</size>
         <input_file_ref idref="fl-d2"/>
      </object_component>
      <object_component id="oc-d6">
         <name>.text:FlashCtl_setWaitState</name>
         <load_address>0x27b0</load_address>
         <run_address>0x27b0</run_address>
         <size>0x48</size>
         <input_file_ref idref="fl-d5"/>
      </object_component>
      <object_component id="oc-230">
         <name>.text</name>
         <load_address>0x27f8</load_address>
         <run_address>0x27f8</run_address>
         <size>0x48</size>
         <input_file_ref idref="fl-c1"/>
      </object_component>
      <object_component id="oc-253">
         <name>.text:__TI_auto_init_nobinit_nopinit:__TI_auto_init_nobinit_nopinit</name>
         <load_address>0x2840</load_address>
         <run_address>0x2840</run_address>
         <size>0x44</size>
         <input_file_ref idref="fl-c9"/>
      </object_component>
      <object_component id="oc-b8">
         <name>.text:GPIO_setAsOutputPin</name>
         <load_address>0x2884</load_address>
         <run_address>0x2884</run_address>
         <size>0x40</size>
         <input_file_ref idref="fl-d6"/>
      </object_component>
      <object_component id="oc-3e5">
         <name>.text:is_A_Module</name>
         <load_address>0x28c4</load_address>
         <run_address>0x28c4</run_address>
         <size>0x40</size>
         <input_file_ref idref="fl-da"/>
      </object_component>
      <object_component id="oc-15a">
         <name>.text:DMA_setChannelControl</name>
         <load_address>0x2904</load_address>
         <run_address>0x2904</run_address>
         <size>0x3c</size>
         <input_file_ref idref="fl-d4"/>
      </object_component>
      <object_component id="oc-191">
         <name>.text:ADC14_getEnabledInterruptStatus</name>
         <load_address>0x2940</load_address>
         <run_address>0x2940</run_address>
         <size>0x38</size>
         <input_file_ref idref="fl-d2"/>
      </object_component>
      <object_component id="oc-1f2">
         <name>.text:Timer32_startTimer</name>
         <load_address>0x2978</load_address>
         <run_address>0x2978</run_address>
         <size>0x38</size>
         <input_file_ref idref="fl-dd"/>
      </object_component>
      <object_component id="oc-124">
         <name>.text:ADC14_enableSampleTimer</name>
         <load_address>0x29b0</load_address>
         <run_address>0x29b0</run_address>
         <size>0x34</size>
         <input_file_ref idref="fl-d2"/>
      </object_component>
      <object_component id="oc-dc">
         <name>.text:CS_setDCOCenteredFrequency</name>
         <load_address>0x29e4</load_address>
         <run_address>0x29e4</run_address>
         <size>0x34</size>
         <input_file_ref idref="fl-d3"/>
      </object_component>
      <object_component id="oc-1ec">
         <name>.text:Timer32_setCount</name>
         <load_address>0x2a18</load_address>
         <run_address>0x2a18</run_address>
         <size>0x34</size>
         <input_file_ref idref="fl-dd"/>
      </object_component>
      <object_component id="oc-55">
         <name>.text:_c_int00_noargs:_c_int00_noargs</name>
         <load_address>0x2a4c</load_address>
         <run_address>0x2a4c</run_address>
         <size>0x34</size>
         <input_file_ref idref="fl-c6"/>
      </object_component>
      <object_component id="oc-197">
         <name>.text:ADC14_clearInterruptFlag</name>
         <load_address>0x2a80</load_address>
         <run_address>0x2a80</run_address>
         <size>0x30</size>
         <input_file_ref idref="fl-d2"/>
      </object_component>
      <object_component id="oc-142">
         <name>.text:ADC14_enableInterrupt</name>
         <load_address>0x2ab0</load_address>
         <run_address>0x2ab0</run_address>
         <size>0x30</size>
         <input_file_ref idref="fl-d2"/>
      </object_component>
      <object_component id="oc-ee">
         <name>.text:GPIO_getInputPinValue</name>
         <load_address>0x2ae0</load_address>
         <run_address>0x2ae0</run_address>
         <size>0x30</size>
         <input_file_ref idref="fl-d6"/>
      </object_component>
      <object_component id="oc-226">
         <name>.text</name>
         <load_address>0x2b10</load_address>
         <run_address>0x2b10</run_address>
         <size>0x2e</size>
         <input_file_ref idref="fl-c2"/>
      </object_component>
      <object_component id="oc-333">
         <name>.text:ADC14_getInterruptStatus</name>
         <load_address>0x2b40</load_address>
         <run_address>0x2b40</run_address>
         <size>0x2c</size>
         <input_file_ref idref="fl-d2"/>
      </object_component>
      <object_component id="oc-1bc">
         <name>.text:ADC14_toggleConversionTrigger</name>
         <load_address>0x2b6c</load_address>
         <run_address>0x2b6c</run_address>
         <size>0x2c</size>
         <input_file_ref idref="fl-d2"/>
      </object_component>
      <object_component id="oc-172">
         <name>.text:Timer_A_clearCaptureCompareInterrupt</name>
         <load_address>0x2b98</load_address>
         <run_address>0x2b98</run_address>
         <size>0x2c</size>
         <input_file_ref idref="fl-de"/>
      </object_component>
      <object_component id="oc-fa">
         <name>.text:Timer_A_enableCaptureCompareInterrupt</name>
         <load_address>0x2bc4</load_address>
         <run_address>0x2bc4</run_address>
         <size>0x2c</size>
         <input_file_ref idref="fl-de"/>
      </object_component>
      <object_component id="oc-1b6">
         <name>.text:ADC14_enableConversion</name>
         <load_address>0x2bf0</load_address>
         <run_address>0x2bf0</run_address>
         <size>0x28</size>
         <input_file_ref idref="fl-d2"/>
      </object_component>
      <object_component id="oc-19d">
         <name>.text:ADC14_getResult</name>
         <load_address>0x2c18</load_address>
         <run_address>0x2c18</run_address>
         <size>0x28</size>
         <input_file_ref idref="fl-d2"/>
      </object_component>
      <object_component id="oc-ca">
         <name>.text:GPIO_setOutputHighOnPin</name>
         <load_address>0x2c40</load_address>
         <run_address>0x2c40</run_address>
         <size>0x28</size>
         <input_file_ref idref="fl-d6"/>
      </object_component>
      <object_component id="oc-be">
         <name>.text:GPIO_setOutputLowOnPin</name>
         <load_address>0x2c68</load_address>
         <run_address>0x2c68</run_address>
         <size>0x28</size>
         <input_file_ref idref="fl-d6"/>
      </object_component>
      <object_component id="oc-1ce">
         <name>.text:PCM_gotoLPM0</name>
         <load_address>0x2c90</load_address>
         <run_address>0x2c90</run_address>
         <size>0x28</size>
         <input_file_ref idref="fl-d8"/>
      </object_component>
      <object_component id="oc-235">
         <name>.text:WDT_A_holdTimer</name>
         <load_address>0x2cb8</load_address>
         <run_address>0x2cb8</run_address>
         <size>0x24</size>
         <input_file_ref idref="fl-df"/>
      </object_component>
      <object_component id="oc-13c">
         <name>.text:ADC14_setResolution</name>
         <load_address>0x2cdc</load_address>
         <run_address>0x2cdc</run_address>
         <size>0x20</size>
         <input_file_ref idref="fl-d2"/>
      </object_component>
      <object_component id="oc-1d4">
         <name>.text:DMA_enableChannel</name>
         <load_address>0x2cfc</load_address>
         <run_address>0x2cfc</run_address>
         <size>0x1c</size>
         <input_file_ref idref="fl-d4"/>
      </object_component>
      <object_component id="oc-2f0">
         <name>.text:EUSCI_B_SPI_isBusy</name>
         <load_address>0x2d18</load_address>
         <run_address>0x2d18</run_address>
         <size>0x1c</size>
         <input_file_ref idref="fl-da"/>
      </object_component>
      <object_component id="oc-2ea">
         <name>.text:SPI_enableModule</name>
         <load_address>0x2d34</load_address>
         <run_address>0x2d34</run_address>
         <size>0x1c</size>
         <input_file_ref idref="fl-da"/>
      </object_component>
      <object_component id="oc-106">
         <name>.text:Timer_A_clearTimer</name>
         <load_address>0x2d50</load_address>
         <run_address>0x2d50</run_address>
         <size>0x18</size>
         <input_file_ref idref="fl-de"/>
      </object_component>
      <object_component id="oc-3ed">
         <name>.text:EUSCI_A_SPI_enable</name>
         <load_address>0x2d68</load_address>
         <run_address>0x2d68</run_address>
         <size>0x16</size>
         <input_file_ref idref="fl-da"/>
      </object_component>
      <object_component id="oc-3f3">
         <name>.text:EUSCI_B_SPI_enable</name>
         <load_address>0x2d7e</load_address>
         <run_address>0x2d7e</run_address>
         <size>0x16</size>
         <input_file_ref idref="fl-da"/>
      </object_component>
      <object_component id="oc-2f6">
         <name>.text:EUSCI_B_SPI_transmitData</name>
         <load_address>0x2d94</load_address>
         <run_address>0x2d94</run_address>
         <size>0x16</size>
         <input_file_ref idref="fl-da"/>
      </object_component>
      <object_component id="oc-10c">
         <name>.text:Timer_A_startCounter</name>
         <load_address>0x2daa</load_address>
         <run_address>0x2daa</run_address>
         <size>0x16</size>
         <input_file_ref idref="fl-de"/>
      </object_component>
      <object_component id="oc-14e">
         <name>.text:DMA_setControlBase</name>
         <load_address>0x2dc0</load_address>
         <run_address>0x2dc0</run_address>
         <size>0x14</size>
         <input_file_ref idref="fl-d4"/>
      </object_component>
      <object_component id="oc-3af">
         <name>.text:PCM_getPowerState</name>
         <load_address>0x2dd4</load_address>
         <run_address>0x2dd4</run_address>
         <size>0x14</size>
         <input_file_ref idref="fl-d8"/>
      </object_component>
      <object_component id="oc-1da">
         <name>.text:Timer32_haltTimer</name>
         <load_address>0x2de8</load_address>
         <run_address>0x2de8</run_address>
         <size>0x14</size>
         <input_file_ref idref="fl-dd"/>
      </object_component>
      <object_component id="oc-112">
         <name>.text:Timer_A_stopTimer</name>
         <load_address>0x2dfc</load_address>
         <run_address>0x2dfc</run_address>
         <size>0x14</size>
         <input_file_ref idref="fl-de"/>
      </object_component>
      <object_component id="oc-1c2">
         <name>.text:ADC14_isBusy</name>
         <load_address>0x2e10</load_address>
         <run_address>0x2e10</run_address>
         <size>0x10</size>
         <input_file_ref idref="fl-d2"/>
      </object_component>
      <object_component id="oc-2b8">
         <name>.text:ADCIsConversionRunning</name>
         <load_address>0x2e20</load_address>
         <run_address>0x2e20</run_address>
         <size>0x10</size>
         <input_file_ref idref="fl-d2"/>
      </object_component>
      <object_component id="oc-1c8">
         <name>.text:Interrupt_enableMaster</name>
         <load_address>0x2e30</load_address>
         <run_address>0x2e30</run_address>
         <size>0x10</size>
         <input_file_ref idref="fl-d7"/>
      </object_component>
      <object_component id="oc-d0">
         <name>.text:PCM_setCoreVoltageLevel</name>
         <load_address>0x2e40</load_address>
         <run_address>0x2e40</run_address>
         <size>0x10</size>
         <input_file_ref idref="fl-d8"/>
      </object_component>
      <object_component id="oc-3b5">
         <name>.text:PCM_setPowerMode</name>
         <load_address>0x2e50</load_address>
         <run_address>0x2e50</run_address>
         <size>0x10</size>
         <input_file_ref idref="fl-d8"/>
      </object_component>
      <object_component id="oc-1e0">
         <name>.text:Timer32_getValue</name>
         <load_address>0x2e60</load_address>
         <run_address>0x2e60</run_address>
         <size>0xe</size>
         <input_file_ref idref="fl-dd"/>
      </object_component>
      <object_component id="oc-1d">
         <name>.text:decompress:none:__TI_decompress_none</name>
         <load_address>0x2e6e</load_address>
         <run_address>0x2e6e</run_address>
         <size>0xe</size>
         <input_file_ref idref="fl-c4"/>
      </object_component>
      <object_component id="oc-67">
         <name>.text</name>
         <load_address>0x2e7c</load_address>
         <run_address>0x2e7c</run_address>
         <size>0xe</size>
         <input_file_ref idref="fl-3"/>
      </object_component>
      <object_component id="oc-118">
         <name>.text:ADC14_enableModule</name>
         <load_address>0x2e8c</load_address>
         <run_address>0x2e8c</run_address>
         <size>0xc</size>
         <input_file_ref idref="fl-d2"/>
      </object_component>
      <object_component id="oc-346">
         <name>.text:CPU_cpsie</name>
         <load_address>0x2e98</load_address>
         <run_address>0x2e98</run_address>
         <size>0xc</size>
         <input_file_ref idref="fl-e0"/>
      </object_component>
      <object_component id="oc-184">
         <name>.text:DMA_clearErrorStatus</name>
         <load_address>0x2ea4</load_address>
         <run_address>0x2ea4</run_address>
         <size>0xc</size>
         <input_file_ref idref="fl-d4"/>
      </object_component>
      <object_component id="oc-148">
         <name>.text:DMA_enableModule</name>
         <load_address>0x2eb0</load_address>
         <run_address>0x2eb0</run_address>
         <size>0xc</size>
         <input_file_ref idref="fl-d4"/>
      </object_component>
      <object_component id="oc-49">
         <name>.text:decompress:ZI:__TI_zero_init</name>
         <load_address>0x2ebc</load_address>
         <run_address>0x2ebc</run_address>
         <size>0xc</size>
         <input_file_ref idref="fl-c3"/>
      </object_component>
      <object_component id="oc-34d">
         <name>.text:CPU_wfi</name>
         <load_address>0x2ec8</load_address>
         <run_address>0x2ec8</run_address>
         <size>0x4</size>
         <input_file_ref idref="fl-e0"/>
      </object_component>
      <object_component id="oc-93">
         <name>.text:_system_pre_init</name>
         <load_address>0x2ecc</load_address>
         <run_address>0x2ecc</run_address>
         <size>0x4</size>
         <input_file_ref idref="fl-ca"/>
      </object_component>
      <object_component id="oc-247">
         <name>.text:abort:abort</name>
         <load_address>0x2ed0</load_address>
         <run_address>0x2ed0</run_address>
         <size>0x4</size>
         <input_file_ref idref="fl-cc"/>
      </object_component>
      <object_component id="oc-2c8">
         <name>.const:_ctlRegs</name>
         <load_address>0x2ed4</load_address>
         <run_address>0x2ed4</run_address>
         <size>0x80</size>
         <input_file_ref idref="fl-d2"/>
      </object_component>
      <object_component id="oc-289">
         <name>.const:GPIO_PORT_TO_BASE</name>
         <load_address>0x2f54</load_address>
         <run_address>0x2f54</run_address>
         <size>0x30</size>
         <input_file_ref idref="fl-d6"/>
      </object_component>
      <object_component id="oc-18a">
         <name>.const:$P$T0$1</name>
         <load_address>0x2f84</load_address>
         <run_address>0x2f84</run_address>
         <size>0x20</size>
         <input_file_ref idref="fl-cf"/>
      </object_component>
      <object_component id="oc-2fc">
         <name>.const:$P$T0$1</name>
         <load_address>0x2fa4</load_address>
         <run_address>0x2fa4</run_address>
         <size>0x1c</size>
         <input_file_ref idref="fl-d1"/>
      </object_component>
      <object_component id="oc-1a3">
         <name>.const:$P$T1$2</name>
         <load_address>0x2fc0</load_address>
         <run_address>0x2fc0</run_address>
         <size>0xa</size>
         <input_file_ref idref="fl-cf"/>
      </object_component>
      <object_component id="oc-2b0">
         <name>.const:g_pulEnRegs</name>
         <load_address>0x2fcc</load_address>
         <run_address>0x2fcc</run_address>
         <size>0x8</size>
         <input_file_ref idref="fl-d7"/>
      </object_component>
      <object_component id="oc-487">
         <name>.cinit..data.load</name>
         <load_address>0x2fd8</load_address>
         <run_address>0x2fd8</run_address>
         <size>0x1b</size>
      </object_component>
      <object_component id="oc-485">
         <name>__TI_handler_table</name>
         <load_address>0x2ff4</load_address>
         <run_address>0x2ff4</run_address>
         <size>0xc</size>
      </object_component>
      <object_component id="oc-488">
         <name>.cinit..bss.load</name>
         <load_address>0x3000</load_address>
         <run_address>0x3000</run_address>
         <size>0x8</size>
      </object_component>
      <object_component id="oc-486">
         <name>__TI_cinit_table</name>
         <load_address>0x3008</load_address>
         <run_address>0x3008</run_address>
         <size>0x10</size>
      </object_component>
      <object_component id="oc-459">
         <name>.binit</name>
         <load_address>0x0</load_address>
         <run_address>0x0</run_address>
         <size>0x0</size>
      </object_component>
      <object_component id="oc-23b">
         <name>.data</name>
         <load_address>0x2000463c</load_address>
         <run_address>0x2000463c</run_address>
         <size>0xe</size>
         <input_file_ref idref="fl-2"/>
      </object_component>
      <object_component id="oc-285">
         <name>.data</name>
         <load_address>0x2000464c</load_address>
         <run_address>0x2000464c</run_address>
         <size>0x4</size>
         <input_file_ref idref="fl-4"/>
      </object_component>
      <object_component id="oc-1a6">
         <name>.data</name>
         <load_address>0x20004620</load_address>
         <run_address>0x20004620</run_address>
         <size>0x1c</size>
         <input_file_ref idref="fl-cf"/>
      </object_component>
      <object_component id="oc-1b3">
         <name>.bss:dmaControlTable</name>
         <uninitialized>true</uninitialized>
         <run_address>0x20004000</run_address>
         <size>0x200</size>
         <input_file_ref idref="fl-cf"/>
      </object_component>
      <object_component id="oc-1f8">
         <name>.bss</name>
         <uninitialized>true</uninitialized>
         <run_address>0x20004618</run_address>
         <size>0x4</size>
         <input_file_ref idref="fl-cf"/>
      </object_component>
      <object_component id="oc-23e">
         <name>.common:buffer</name>
         <uninitialized>true</uninitialized>
         <run_address>0x20000000</run_address>
         <size>0x4000</size>
      </object_component>
      <object_component id="oc-190">
         <name>.common:glbIO</name>
         <uninitialized>true</uninitialized>
         <run_address>0x2000461c</run_address>
         <size>0x1</size>
      </object_component>
      <object_component id="oc-1b1">
         <name>.common:glbPingADC</name>
         <uninitialized>true</uninitialized>
         <run_address>0x20004200</run_address>
         <size>0x100</size>
      </object_component>
      <object_component id="oc-1b2">
         <name>.common:glbPongADC</name>
         <uninitialized>true</uninitialized>
         <run_address>0x20004400</run_address>
         <size>0x100</size>
      </object_component>
      <object_component id="oc-1af">
         <name>.common:glbPingDAC</name>
         <uninitialized>true</uninitialized>
         <run_address>0x20004300</run_address>
         <size>0x100</size>
      </object_component>
      <object_component id="oc-1b0">
         <name>.common:glbPongDAC</name>
         <uninitialized>true</uninitialized>
         <run_address>0x20004500</run_address>
         <size>0x100</size>
      </object_component>
      <object_component id="oc-18d">
         <name>.common:glbPWMConfig</name>
         <uninitialized>true</uninitialized>
         <run_address>0x20004600</run_address>
         <size>0x18</size>
      </object_component>
      <object_component id="oc-29">
         <name>.stack</name>
         <uninitialized>true</uninitialized>
         <run_address>0x2000fe00</run_address>
         <size>0x4</size>
         <input_file_ref idref="fl-c6"/>
      </object_component>
      <object_component id="oc-48a">
         <name>.stack</name>
         <uninitialized>true</uninitialized>
         <run_address>0x2000fe00</run_address>
         <size>0x0</size>
      </object_component>
      <object_component id="oc-23f">
         <name>.debug_info</name>
         <load_address>0x0</load_address>
         <run_address>0x0</run_address>
         <size>0x936</size>
         <input_file_ref idref="fl-2"/>
      </object_component>
      <object_component id="oc-23c">
         <name>.debug_info</name>
         <load_address>0x936</load_address>
         <run_address>0x936</run_address>
         <size>0x158</size>
         <input_file_ref idref="fl-2"/>
      </object_component>
      <object_component id="oc-9a">
         <name>.debug_info</name>
         <load_address>0xa8e</load_address>
         <run_address>0xa8e</run_address>
         <size>0x44f</size>
         <input_file_ref idref="fl-2"/>
      </object_component>
      <object_component id="oc-1ff">
         <name>.debug_info</name>
         <load_address>0xedd</load_address>
         <run_address>0xedd</run_address>
         <size>0x105</size>
         <input_file_ref idref="fl-2"/>
      </object_component>
      <object_component id="oc-242">
         <name>.debug_info</name>
         <load_address>0xfe2</load_address>
         <run_address>0xfe2</run_address>
         <size>0x63</size>
         <input_file_ref idref="fl-2"/>
      </object_component>
      <object_component id="oc-367">
         <name>.debug_info</name>
         <load_address>0x1045</load_address>
         <run_address>0x1045</run_address>
         <size>0x1ea6</size>
         <input_file_ref idref="fl-2"/>
      </object_component>
      <object_component id="oc-20b">
         <name>.debug_info</name>
         <load_address>0x2eeb</load_address>
         <run_address>0x2eeb</run_address>
         <size>0x26b</size>
         <input_file_ref idref="fl-2"/>
      </object_component>
      <object_component id="oc-310">
         <name>.debug_info</name>
         <load_address>0x3156</load_address>
         <run_address>0x3156</run_address>
         <size>0x1055</size>
         <input_file_ref idref="fl-2"/>
      </object_component>
      <object_component id="oc-374">
         <name>.debug_info</name>
         <load_address>0x41ab</load_address>
         <run_address>0x41ab</run_address>
         <size>0x37e2</size>
         <input_file_ref idref="fl-2"/>
      </object_component>
      <object_component id="oc-315">
         <name>.debug_info</name>
         <load_address>0x798d</load_address>
         <run_address>0x798d</run_address>
         <size>0x8a</size>
         <input_file_ref idref="fl-2"/>
      </object_component>
      <object_component id="oc-31a">
         <name>.debug_info</name>
         <load_address>0x7a17</load_address>
         <run_address>0x7a17</run_address>
         <size>0x341</size>
         <input_file_ref idref="fl-2"/>
      </object_component>
      <object_component id="oc-32">
         <name>.debug_info</name>
         <load_address>0x7d58</load_address>
         <run_address>0x7d58</run_address>
         <size>0x84</size>
         <input_file_ref idref="fl-2"/>
      </object_component>
      <object_component id="oc-360">
         <name>.debug_info</name>
         <load_address>0x7ddc</load_address>
         <run_address>0x7ddc</run_address>
         <size>0x2a4</size>
         <input_file_ref idref="fl-2"/>
      </object_component>
      <object_component id="oc-31f">
         <name>.debug_info</name>
         <load_address>0x8080</load_address>
         <run_address>0x8080</run_address>
         <size>0xef</size>
         <input_file_ref idref="fl-2"/>
      </object_component>
      <object_component id="oc-204">
         <name>.debug_info</name>
         <load_address>0x816f</load_address>
         <run_address>0x816f</run_address>
         <size>0xbb</size>
         <input_file_ref idref="fl-2"/>
      </object_component>
      <object_component id="oc-217">
         <name>.debug_info</name>
         <load_address>0x822a</load_address>
         <run_address>0x822a</run_address>
         <size>0x2c</size>
         <input_file_ref idref="fl-2"/>
      </object_component>
      <object_component id="oc-300">
         <name>.debug_info</name>
         <load_address>0x8256</load_address>
         <run_address>0x8256</run_address>
         <size>0x131</size>
         <input_file_ref idref="fl-2"/>
      </object_component>
      <object_component id="oc-324">
         <name>.debug_info</name>
         <load_address>0x8387</load_address>
         <run_address>0x8387</run_address>
         <size>0x35</size>
         <input_file_ref idref="fl-2"/>
      </object_component>
      <object_component id="oc-75">
         <name>.debug_info</name>
         <load_address>0x83bc</load_address>
         <run_address>0x83bc</run_address>
         <size>0x2cf</size>
         <input_file_ref idref="fl-3"/>
      </object_component>
      <object_component id="oc-27">
         <name>.debug_info</name>
         <load_address>0x868b</load_address>
         <run_address>0x868b</run_address>
         <size>0xfb</size>
         <input_file_ref idref="fl-3"/>
      </object_component>
      <object_component id="oc-68">
         <name>.debug_info</name>
         <load_address>0x8786</load_address>
         <run_address>0x8786</run_address>
         <size>0x1c2</size>
         <input_file_ref idref="fl-3"/>
      </object_component>
      <object_component id="oc-286">
         <name>.debug_info</name>
         <load_address>0x8948</load_address>
         <run_address>0x8948</run_address>
         <size>0xf4</size>
         <input_file_ref idref="fl-4"/>
      </object_component>
      <object_component id="oc-ac">
         <name>.debug_info</name>
         <load_address>0x8a3c</load_address>
         <run_address>0x8a3c</run_address>
         <size>0x266</size>
         <input_file_ref idref="fl-4"/>
      </object_component>
      <object_component id="oc-22c">
         <name>.debug_info</name>
         <load_address>0x8ca2</load_address>
         <run_address>0x8ca2</run_address>
         <size>0x13a</size>
         <input_file_ref idref="fl-c0"/>
      </object_component>
      <object_component id="oc-231">
         <name>.debug_info</name>
         <load_address>0x8ddc</load_address>
         <run_address>0x8ddc</run_address>
         <size>0x12e</size>
         <input_file_ref idref="fl-c1"/>
      </object_component>
      <object_component id="oc-227">
         <name>.debug_info</name>
         <load_address>0x8f0a</load_address>
         <run_address>0x8f0a</run_address>
         <size>0x12c</size>
         <input_file_ref idref="fl-c2"/>
      </object_component>
      <object_component id="oc-8c">
         <name>.debug_info</name>
         <load_address>0x9036</load_address>
         <run_address>0x9036</run_address>
         <size>0x2d4</size>
         <input_file_ref idref="fl-c3"/>
      </object_component>
      <object_component id="oc-4c">
         <name>.debug_info</name>
         <load_address>0x930a</load_address>
         <run_address>0x930a</run_address>
         <size>0x1b5</size>
         <input_file_ref idref="fl-c3"/>
      </object_component>
      <object_component id="oc-87">
         <name>.debug_info</name>
         <load_address>0x94bf</load_address>
         <run_address>0x94bf</run_address>
         <size>0x46</size>
         <input_file_ref idref="fl-c3"/>
      </object_component>
      <object_component id="oc-42">
         <name>.debug_info</name>
         <load_address>0x9505</load_address>
         <run_address>0x9505</run_address>
         <size>0x2a8</size>
         <input_file_ref idref="fl-c4"/>
      </object_component>
      <object_component id="oc-1e">
         <name>.debug_info</name>
         <load_address>0x97ad</load_address>
         <run_address>0x97ad</run_address>
         <size>0x1ea</size>
         <input_file_ref idref="fl-c4"/>
      </object_component>
      <object_component id="oc-3d">
         <name>.debug_info</name>
         <load_address>0x9997</load_address>
         <run_address>0x9997</run_address>
         <size>0x46</size>
         <input_file_ref idref="fl-c4"/>
      </object_component>
      <object_component id="oc-7f">
         <name>.debug_info</name>
         <load_address>0x99dd</load_address>
         <run_address>0x99dd</run_address>
         <size>0x2c</size>
         <input_file_ref idref="fl-c4"/>
      </object_component>
      <object_component id="oc-7d">
         <name>.debug_info</name>
         <load_address>0x9a09</load_address>
         <run_address>0x9a09</run_address>
         <size>0x29e</size>
         <input_file_ref idref="fl-c5"/>
      </object_component>
      <object_component id="oc-1a">
         <name>.debug_info</name>
         <load_address>0x9ca7</load_address>
         <run_address>0x9ca7</run_address>
         <size>0x250</size>
         <input_file_ref idref="fl-c5"/>
      </object_component>
      <object_component id="oc-2d">
         <name>.debug_info</name>
         <load_address>0x9ef7</load_address>
         <run_address>0x9ef7</run_address>
         <size>0x60</size>
         <input_file_ref idref="fl-c5"/>
      </object_component>
      <object_component id="oc-210">
         <name>.debug_info</name>
         <load_address>0x9f57</load_address>
         <run_address>0x9f57</run_address>
         <size>0x46</size>
         <input_file_ref idref="fl-c5"/>
      </object_component>
      <object_component id="oc-78">
         <name>.debug_info</name>
         <load_address>0x9f9d</load_address>
         <run_address>0x9f9d</run_address>
         <size>0x39</size>
         <input_file_ref idref="fl-c5"/>
      </object_component>
      <object_component id="oc-2a">
         <name>.debug_info</name>
         <load_address>0x9fd6</load_address>
         <run_address>0x9fd6</run_address>
         <size>0x10b</size>
         <input_file_ref idref="fl-c6"/>
      </object_component>
      <object_component id="oc-59">
         <name>.debug_info</name>
         <load_address>0xa0e1</load_address>
         <run_address>0xa0e1</run_address>
         <size>0x1a9</size>
         <input_file_ref idref="fl-c6"/>
      </object_component>
      <object_component id="oc-3a">
         <name>.debug_info</name>
         <load_address>0xa28a</load_address>
         <run_address>0xa28a</run_address>
         <size>0x119</size>
         <input_file_ref idref="fl-c7"/>
      </object_component>
      <object_component id="oc-8f">
         <name>.debug_info</name>
         <load_address>0xa3a3</load_address>
         <run_address>0xa3a3</run_address>
         <size>0x147</size>
         <input_file_ref idref="fl-c8"/>
      </object_component>
      <object_component id="oc-384">
         <name>.debug_info</name>
         <load_address>0xa4ea</load_address>
         <run_address>0xa4ea</run_address>
         <size>0x4b3</size>
         <input_file_ref idref="fl-c9"/>
      </object_component>
      <object_component id="oc-255">
         <name>.debug_info</name>
         <load_address>0xa99d</load_address>
         <run_address>0xa99d</run_address>
         <size>0x1a6</size>
         <input_file_ref idref="fl-c9"/>
      </object_component>
      <object_component id="oc-416">
         <name>.debug_info</name>
         <load_address>0xab43</load_address>
         <run_address>0xab43</run_address>
         <size>0x39</size>
         <input_file_ref idref="fl-c9"/>
      </object_component>
      <object_component id="oc-449">
         <name>.debug_info</name>
         <load_address>0xab7c</load_address>
         <run_address>0xab7c</run_address>
         <size>0x39</size>
         <input_file_ref idref="fl-c9"/>
      </object_component>
      <object_component id="oc-41b">
         <name>.debug_info</name>
         <load_address>0xabb5</load_address>
         <run_address>0xabb5</run_address>
         <size>0x39</size>
         <input_file_ref idref="fl-c9"/>
      </object_component>
      <object_component id="oc-420">
         <name>.debug_info</name>
         <load_address>0xabee</load_address>
         <run_address>0xabee</run_address>
         <size>0xcd</size>
         <input_file_ref idref="fl-c9"/>
      </object_component>
      <object_component id="oc-96">
         <name>.debug_info</name>
         <load_address>0xacbb</load_address>
         <run_address>0xacbb</run_address>
         <size>0x153</size>
         <input_file_ref idref="fl-ca"/>
      </object_component>
      <object_component id="oc-248">
         <name>.debug_info</name>
         <load_address>0xae0e</load_address>
         <run_address>0xae0e</run_address>
         <size>0x122</size>
         <input_file_ref idref="fl-cc"/>
      </object_component>
      <object_component id="oc-18e">
         <name>.debug_info</name>
         <load_address>0xaf30</load_address>
         <run_address>0xaf30</run_address>
         <size>0x1428</size>
         <input_file_ref idref="fl-cf"/>
      </object_component>
      <object_component id="oc-1a7">
         <name>.debug_info</name>
         <load_address>0xc358</load_address>
         <run_address>0xc358</run_address>
         <size>0x240</size>
         <input_file_ref idref="fl-cf"/>
      </object_component>
      <object_component id="oc-1b4">
         <name>.debug_info</name>
         <load_address>0xc598</load_address>
         <run_address>0xc598</run_address>
         <size>0xe2</size>
         <input_file_ref idref="fl-cf"/>
      </object_component>
      <object_component id="oc-18b">
         <name>.debug_info</name>
         <load_address>0xc67a</load_address>
         <run_address>0xc67a</run_address>
         <size>0xd1</size>
         <input_file_ref idref="fl-cf"/>
      </object_component>
      <object_component id="oc-1a4">
         <name>.debug_info</name>
         <load_address>0xc74b</load_address>
         <run_address>0xc74b</run_address>
         <size>0xd1</size>
         <input_file_ref idref="fl-cf"/>
      </object_component>
      <object_component id="oc-6f">
         <name>.debug_info</name>
         <load_address>0xc81c</load_address>
         <run_address>0xc81c</run_address>
         <size>0x280c</size>
         <input_file_ref idref="fl-cf"/>
      </object_component>
      <object_component id="oc-329">
         <name>.debug_info</name>
         <load_address>0xf028</load_address>
         <run_address>0xf028</run_address>
         <size>0x6d</size>
         <input_file_ref idref="fl-cf"/>
      </object_component>
      <object_component id="oc-30b">
         <name>.debug_info</name>
         <load_address>0xf095</load_address>
         <run_address>0xf095</run_address>
         <size>0x37e2</size>
         <input_file_ref idref="fl-cf"/>
      </object_component>
      <object_component id="oc-32e">
         <name>.debug_info</name>
         <load_address>0x12877</load_address>
         <run_address>0x12877</run_address>
         <size>0x103</size>
         <input_file_ref idref="fl-cf"/>
      </object_component>
      <object_component id="oc-1fa">
         <name>.debug_info</name>
         <load_address>0x1297a</load_address>
         <run_address>0x1297a</run_address>
         <size>0x8b</size>
         <input_file_ref idref="fl-cf"/>
      </object_component>
      <object_component id="oc-366">
         <name>.debug_info</name>
         <load_address>0x12a05</load_address>
         <run_address>0x12a05</run_address>
         <size>0x32c</size>
         <input_file_ref idref="fl-d0"/>
      </object_component>
      <object_component id="oc-222">
         <name>.debug_info</name>
         <load_address>0x12d31</load_address>
         <run_address>0x12d31</run_address>
         <size>0x921</size>
         <input_file_ref idref="fl-d0"/>
      </object_component>
      <object_component id="oc-3fe">
         <name>.debug_info</name>
         <load_address>0x13652</load_address>
         <run_address>0x13652</run_address>
         <size>0x768</size>
         <input_file_ref idref="fl-d1"/>
      </object_component>
      <object_component id="oc-2fd">
         <name>.debug_info</name>
         <load_address>0x13dba</load_address>
         <run_address>0x13dba</run_address>
         <size>0xd1</size>
         <input_file_ref idref="fl-d1"/>
      </object_component>
      <object_component id="oc-179">
         <name>.debug_info</name>
         <load_address>0x13e8b</load_address>
         <run_address>0x13e8b</run_address>
         <size>0x48f</size>
         <input_file_ref idref="fl-d1"/>
      </object_component>
      <object_component id="oc-441">
         <name>.debug_info</name>
         <load_address>0x1431a</load_address>
         <run_address>0x1431a</run_address>
         <size>0x37e2</size>
         <input_file_ref idref="fl-d1"/>
      </object_component>
      <object_component id="oc-2cc">
         <name>.debug_info</name>
         <load_address>0x17afc</load_address>
         <run_address>0x17afc</run_address>
         <size>0x706</size>
         <input_file_ref idref="fl-d2"/>
      </object_component>
      <object_component id="oc-2c9">
         <name>.debug_info</name>
         <load_address>0x18202</load_address>
         <run_address>0x18202</run_address>
         <size>0x124</size>
         <input_file_ref idref="fl-d2"/>
      </object_component>
      <object_component id="oc-2c3">
         <name>.debug_info</name>
         <load_address>0x18326</load_address>
         <run_address>0x18326</run_address>
         <size>0x1d9</size>
         <input_file_ref idref="fl-d2"/>
      </object_component>
      <object_component id="oc-2ba">
         <name>.debug_info</name>
         <load_address>0x184ff</load_address>
         <run_address>0x184ff</run_address>
         <size>0x1b8</size>
         <input_file_ref idref="fl-d2"/>
      </object_component>
      <object_component id="oc-11a">
         <name>.debug_info</name>
         <load_address>0x186b7</load_address>
         <run_address>0x186b7</run_address>
         <size>0x1ad</size>
         <input_file_ref idref="fl-d2"/>
      </object_component>
      <object_component id="oc-126">
         <name>.debug_info</name>
         <load_address>0x18864</load_address>
         <run_address>0x18864</run_address>
         <size>0x233</size>
         <input_file_ref idref="fl-d2"/>
      </object_component>
      <object_component id="oc-120">
         <name>.debug_info</name>
         <load_address>0x18a97</load_address>
         <run_address>0x18a97</run_address>
         <size>0x2fa</size>
         <input_file_ref idref="fl-d2"/>
      </object_component>
      <object_component id="oc-13e">
         <name>.debug_info</name>
         <load_address>0x18d91</load_address>
         <run_address>0x18d91</run_address>
         <size>0x1ea</size>
         <input_file_ref idref="fl-d2"/>
      </object_component>
      <object_component id="oc-12c">
         <name>.debug_info</name>
         <load_address>0x18f7b</load_address>
         <run_address>0x18f7b</run_address>
         <size>0x24d</size>
         <input_file_ref idref="fl-d2"/>
      </object_component>
      <object_component id="oc-133">
         <name>.debug_info</name>
         <load_address>0x191c8</load_address>
         <run_address>0x191c8</run_address>
         <size>0x29b</size>
         <input_file_ref idref="fl-d2"/>
      </object_component>
      <object_component id="oc-1b9">
         <name>.debug_info</name>
         <load_address>0x19463</load_address>
         <run_address>0x19463</run_address>
         <size>0x1d9</size>
         <input_file_ref idref="fl-d2"/>
      </object_component>
      <object_component id="oc-1bf">
         <name>.debug_info</name>
         <load_address>0x1963c</load_address>
         <run_address>0x1963c</run_address>
         <size>0x1ca</size>
         <input_file_ref idref="fl-d2"/>
      </object_component>
      <object_component id="oc-1c5">
         <name>.debug_info</name>
         <load_address>0x19806</load_address>
         <run_address>0x19806</run_address>
         <size>0x1a8</size>
         <input_file_ref idref="fl-d2"/>
      </object_component>
      <object_component id="oc-139">
         <name>.debug_info</name>
         <load_address>0x199ae</load_address>
         <run_address>0x199ae</run_address>
         <size>0x38b</size>
         <input_file_ref idref="fl-d2"/>
      </object_component>
      <object_component id="oc-1a0">
         <name>.debug_info</name>
         <load_address>0x19d39</load_address>
         <run_address>0x19d39</run_address>
         <size>0x22f</size>
         <input_file_ref idref="fl-d2"/>
      </object_component>
      <object_component id="oc-145">
         <name>.debug_info</name>
         <load_address>0x19f68</load_address>
         <run_address>0x19f68</run_address>
         <size>0x1eb</size>
         <input_file_ref idref="fl-d2"/>
      </object_component>
      <object_component id="oc-336">
         <name>.debug_info</name>
         <load_address>0x1a153</load_address>
         <run_address>0x1a153</run_address>
         <size>0x1d6</size>
         <input_file_ref idref="fl-d2"/>
      </object_component>
      <object_component id="oc-194">
         <name>.debug_info</name>
         <load_address>0x1a329</load_address>
         <run_address>0x1a329</run_address>
         <size>0x1ff</size>
         <input_file_ref idref="fl-d2"/>
      </object_component>
      <object_component id="oc-19a">
         <name>.debug_info</name>
         <load_address>0x1a528</load_address>
         <run_address>0x1a528</run_address>
         <size>0x1f1</size>
         <input_file_ref idref="fl-d2"/>
      </object_component>
      <object_component id="oc-3bf">
         <name>.debug_info</name>
         <load_address>0x1a719</load_address>
         <run_address>0x1a719</run_address>
         <size>0x431a</size>
         <input_file_ref idref="fl-d2"/>
      </object_component>
      <object_component id="oc-3ce">
         <name>.debug_info</name>
         <load_address>0x1ea33</load_address>
         <run_address>0x1ea33</run_address>
         <size>0x26b</size>
         <input_file_ref idref="fl-d2"/>
      </object_component>
      <object_component id="oc-3c4">
         <name>.debug_info</name>
         <load_address>0x1ec9e</load_address>
         <run_address>0x1ec9e</run_address>
         <size>0x1028</size>
         <input_file_ref idref="fl-d2"/>
      </object_component>
      <object_component id="oc-39e">
         <name>.debug_info</name>
         <load_address>0x1fcc6</load_address>
         <run_address>0x1fcc6</run_address>
         <size>0x297</size>
         <input_file_ref idref="fl-d2"/>
      </object_component>
      <object_component id="oc-28d">
         <name>.debug_info</name>
         <load_address>0x1ff5d</load_address>
         <run_address>0x1ff5d</run_address>
         <size>0xef</size>
         <input_file_ref idref="fl-d2"/>
      </object_component>
      <object_component id="oc-292">
         <name>.debug_info</name>
         <load_address>0x2004c</load_address>
         <run_address>0x2004c</run_address>
         <size>0xbb</size>
         <input_file_ref idref="fl-d2"/>
      </object_component>
      <object_component id="oc-e4">
         <name>.debug_info</name>
         <load_address>0x20107</load_address>
         <run_address>0x20107</run_address>
         <size>0x29d</size>
         <input_file_ref idref="fl-d3"/>
      </object_component>
      <object_component id="oc-de">
         <name>.debug_info</name>
         <load_address>0x203a4</load_address>
         <run_address>0x203a4</run_address>
         <size>0x1e5</size>
         <input_file_ref idref="fl-d3"/>
      </object_component>
      <object_component id="oc-2d1">
         <name>.debug_info</name>
         <load_address>0x20589</load_address>
         <run_address>0x20589</run_address>
         <size>0x6f0</size>
         <input_file_ref idref="fl-d4"/>
      </object_component>
      <object_component id="oc-149">
         <name>.debug_info</name>
         <load_address>0x20c79</load_address>
         <run_address>0x20c79</run_address>
         <size>0x1a3</size>
         <input_file_ref idref="fl-d4"/>
      </object_component>
      <object_component id="oc-185">
         <name>.debug_info</name>
         <load_address>0x20e1c</load_address>
         <run_address>0x20e1c</run_address>
         <size>0x1ab</size>
         <input_file_ref idref="fl-d4"/>
      </object_component>
      <object_component id="oc-1d5">
         <name>.debug_info</name>
         <load_address>0x20fc7</load_address>
         <run_address>0x20fc7</run_address>
         <size>0x1e0</size>
         <input_file_ref idref="fl-d4"/>
      </object_component>
      <object_component id="oc-14f">
         <name>.debug_info</name>
         <load_address>0x211a7</load_address>
         <run_address>0x211a7</run_address>
         <size>0x1ea</size>
         <input_file_ref idref="fl-d4"/>
      </object_component>
      <object_component id="oc-155">
         <name>.debug_info</name>
         <load_address>0x21391</load_address>
         <run_address>0x21391</run_address>
         <size>0x218</size>
         <input_file_ref idref="fl-d4"/>
      </object_component>
      <object_component id="oc-17f">
         <name>.debug_info</name>
         <load_address>0x215a9</load_address>
         <run_address>0x215a9</run_address>
         <size>0x205</size>
         <input_file_ref idref="fl-d4"/>
      </object_component>
      <object_component id="oc-15b">
         <name>.debug_info</name>
         <load_address>0x217ae</load_address>
         <run_address>0x217ae</run_address>
         <size>0x24c</size>
         <input_file_ref idref="fl-d4"/>
      </object_component>
      <object_component id="oc-161">
         <name>.debug_info</name>
         <load_address>0x219fa</load_address>
         <run_address>0x219fa</run_address>
         <size>0x326</size>
         <input_file_ref idref="fl-d4"/>
      </object_component>
      <object_component id="oc-16d">
         <name>.debug_info</name>
         <load_address>0x21d20</load_address>
         <run_address>0x21d20</run_address>
         <size>0x1d7</size>
         <input_file_ref idref="fl-d4"/>
      </object_component>
      <object_component id="oc-167">
         <name>.debug_info</name>
         <load_address>0x21ef7</load_address>
         <run_address>0x21ef7</run_address>
         <size>0x244</size>
         <input_file_ref idref="fl-d4"/>
      </object_component>
      <object_component id="oc-2d6">
         <name>.debug_info</name>
         <load_address>0x2213b</load_address>
         <run_address>0x2213b</run_address>
         <size>0x1fb</size>
         <input_file_ref idref="fl-d4"/>
      </object_component>
      <object_component id="oc-3de">
         <name>.debug_info</name>
         <load_address>0x22336</load_address>
         <run_address>0x22336</run_address>
         <size>0x8a</size>
         <input_file_ref idref="fl-d4"/>
      </object_component>
      <object_component id="oc-d7">
         <name>.debug_info</name>
         <load_address>0x223c0</load_address>
         <run_address>0x223c0</run_address>
         <size>0x224</size>
         <input_file_ref idref="fl-d5"/>
      </object_component>
      <object_component id="oc-39d">
         <name>.debug_info</name>
         <load_address>0x225e4</load_address>
         <run_address>0x225e4</run_address>
         <size>0x701</size>
         <input_file_ref idref="fl-d6"/>
      </object_component>
      <object_component id="oc-28a">
         <name>.debug_info</name>
         <load_address>0x22ce5</load_address>
         <run_address>0x22ce5</run_address>
         <size>0x135</size>
         <input_file_ref idref="fl-d6"/>
      </object_component>
      <object_component id="oc-b9">
         <name>.debug_info</name>
         <load_address>0x22e1a</load_address>
         <run_address>0x22e1a</run_address>
         <size>0x252</size>
         <input_file_ref idref="fl-d6"/>
      </object_component>
      <object_component id="oc-c5">
         <name>.debug_info</name>
         <load_address>0x2306c</load_address>
         <run_address>0x2306c</run_address>
         <size>0x250</size>
         <input_file_ref idref="fl-d6"/>
      </object_component>
      <object_component id="oc-2e0">
         <name>.debug_info</name>
         <load_address>0x232bc</load_address>
         <run_address>0x232bc</run_address>
         <size>0x2a5</size>
         <input_file_ref idref="fl-d6"/>
      </object_component>
      <object_component id="oc-b3">
         <name>.debug_info</name>
         <load_address>0x23561</load_address>
         <run_address>0x23561</run_address>
         <size>0x2a3</size>
         <input_file_ref idref="fl-d6"/>
      </object_component>
      <object_component id="oc-cc">
         <name>.debug_info</name>
         <load_address>0x23804</load_address>
         <run_address>0x23804</run_address>
         <size>0x25a</size>
         <input_file_ref idref="fl-d6"/>
      </object_component>
      <object_component id="oc-bf">
         <name>.debug_info</name>
         <load_address>0x23a5e</load_address>
         <run_address>0x23a5e</run_address>
         <size>0x258</size>
         <input_file_ref idref="fl-d6"/>
      </object_component>
      <object_component id="oc-e9">
         <name>.debug_info</name>
         <load_address>0x23cb6</load_address>
         <run_address>0x23cb6</run_address>
         <size>0x274</size>
         <input_file_ref idref="fl-d6"/>
      </object_component>
      <object_component id="oc-f0">
         <name>.debug_info</name>
         <load_address>0x23f2a</load_address>
         <run_address>0x23f2a</run_address>
         <size>0x27e</size>
         <input_file_ref idref="fl-d6"/>
      </object_component>
      <object_component id="oc-3d5">
         <name>.debug_info</name>
         <load_address>0x241a8</load_address>
         <run_address>0x241a8</run_address>
         <size>0x68f</size>
         <input_file_ref idref="fl-d7"/>
      </object_component>
      <object_component id="oc-2b1">
         <name>.debug_info</name>
         <load_address>0x24837</load_address>
         <run_address>0x24837</run_address>
         <size>0x12e</size>
         <input_file_ref idref="fl-d7"/>
      </object_component>
      <object_component id="oc-1cc">
         <name>.debug_info</name>
         <load_address>0x24965</load_address>
         <run_address>0x24965</run_address>
         <size>0x1d5</size>
         <input_file_ref idref="fl-d7"/>
      </object_component>
      <object_component id="oc-103">
         <name>.debug_info</name>
         <load_address>0x24b3a</load_address>
         <run_address>0x24b3a</run_address>
         <size>0x219</size>
         <input_file_ref idref="fl-d7"/>
      </object_component>
      <object_component id="oc-29c">
         <name>.debug_info</name>
         <load_address>0x24d53</load_address>
         <run_address>0x24d53</run_address>
         <size>0x3a5</size>
         <input_file_ref idref="fl-d8"/>
      </object_component>
      <object_component id="oc-d1">
         <name>.debug_info</name>
         <load_address>0x250f8</load_address>
         <run_address>0x250f8</run_address>
         <size>0x220</size>
         <input_file_ref idref="fl-d8"/>
      </object_component>
      <object_component id="oc-3a4">
         <name>.debug_info</name>
         <load_address>0x25318</load_address>
         <run_address>0x25318</run_address>
         <size>0x1eb</size>
         <input_file_ref idref="fl-d8"/>
      </object_component>
      <object_component id="oc-3aa">
         <name>.debug_info</name>
         <load_address>0x25503</load_address>
         <run_address>0x25503</run_address>
         <size>0x1f9</size>
         <input_file_ref idref="fl-d8"/>
      </object_component>
      <object_component id="oc-42d">
         <name>.debug_info</name>
         <load_address>0x256fc</load_address>
         <run_address>0x256fc</run_address>
         <size>0x346</size>
         <input_file_ref idref="fl-d8"/>
      </object_component>
      <object_component id="oc-3b6">
         <name>.debug_info</name>
         <load_address>0x25a42</load_address>
         <run_address>0x25a42</run_address>
         <size>0x202</size>
         <input_file_ref idref="fl-d8"/>
      </object_component>
      <object_component id="oc-1cf">
         <name>.debug_info</name>
         <load_address>0x25c44</load_address>
         <run_address>0x25c44</run_address>
         <size>0x1b0</size>
         <input_file_ref idref="fl-d8"/>
      </object_component>
      <object_component id="oc-3b0">
         <name>.debug_info</name>
         <load_address>0x25df4</load_address>
         <run_address>0x25df4</run_address>
         <size>0x1ac</size>
         <input_file_ref idref="fl-d8"/>
      </object_component>
      <object_component id="oc-3ec">
         <name>.debug_info</name>
         <load_address>0x25fa0</load_address>
         <run_address>0x25fa0</run_address>
         <size>0x6f5</size>
         <input_file_ref idref="fl-da"/>
      </object_component>
      <object_component id="oc-3e6">
         <name>.debug_info</name>
         <load_address>0x26695</load_address>
         <run_address>0x26695</run_address>
         <size>0x1c7</size>
         <input_file_ref idref="fl-da"/>
      </object_component>
      <object_component id="oc-2e5">
         <name>.debug_info</name>
         <load_address>0x2685c</load_address>
         <run_address>0x2685c</run_address>
         <size>0x22b</size>
         <input_file_ref idref="fl-da"/>
      </object_component>
      <object_component id="oc-2eb">
         <name>.debug_info</name>
         <load_address>0x26a87</load_address>
         <run_address>0x26a87</run_address>
         <size>0x235</size>
         <input_file_ref idref="fl-da"/>
      </object_component>
      <object_component id="oc-2f7">
         <name>.debug_info</name>
         <load_address>0x26cbc</load_address>
         <run_address>0x26cbc</run_address>
         <size>0x238</size>
         <input_file_ref idref="fl-da"/>
      </object_component>
      <object_component id="oc-3f4">
         <name>.debug_info</name>
         <load_address>0x26ef4</load_address>
         <run_address>0x26ef4</run_address>
         <size>0x1e9</size>
         <input_file_ref idref="fl-da"/>
      </object_component>
      <object_component id="oc-2f1">
         <name>.debug_info</name>
         <load_address>0x270dd</load_address>
         <run_address>0x270dd</run_address>
         <size>0x1ed</size>
         <input_file_ref idref="fl-da"/>
      </object_component>
      <object_component id="oc-3ee">
         <name>.debug_info</name>
         <load_address>0x272ca</load_address>
         <run_address>0x272ca</run_address>
         <size>0x1e9</size>
         <input_file_ref idref="fl-da"/>
      </object_component>
      <object_component id="oc-438">
         <name>.debug_info</name>
         <load_address>0x274b3</load_address>
         <run_address>0x274b3</run_address>
         <size>0x131</size>
         <input_file_ref idref="fl-da"/>
      </object_component>
      <object_component id="oc-1aa">
         <name>.debug_info</name>
         <load_address>0x275e4</load_address>
         <run_address>0x275e4</run_address>
         <size>0x26f</size>
         <input_file_ref idref="fl-dd"/>
      </object_component>
      <object_component id="oc-1ed">
         <name>.debug_info</name>
         <load_address>0x27853</load_address>
         <run_address>0x27853</run_address>
         <size>0x1fd</size>
         <input_file_ref idref="fl-dd"/>
      </object_component>
      <object_component id="oc-1e1">
         <name>.debug_info</name>
         <load_address>0x27a50</load_address>
         <run_address>0x27a50</run_address>
         <size>0x1da</size>
         <input_file_ref idref="fl-dd"/>
      </object_component>
      <object_component id="oc-1f3">
         <name>.debug_info</name>
         <load_address>0x27c2a</load_address>
         <run_address>0x27c2a</run_address>
         <size>0x209</size>
         <input_file_ref idref="fl-dd"/>
      </object_component>
      <object_component id="oc-1db">
         <name>.debug_info</name>
         <load_address>0x27e33</load_address>
         <run_address>0x27e33</run_address>
         <size>0x1d8</size>
         <input_file_ref idref="fl-dd"/>
      </object_component>
      <object_component id="oc-2ae">
         <name>.debug_info</name>
         <load_address>0x2800b</load_address>
         <run_address>0x2800b</run_address>
         <size>0x725</size>
         <input_file_ref idref="fl-de"/>
      </object_component>
      <object_component id="oc-2a8">
         <name>.debug_info</name>
         <load_address>0x28730</load_address>
         <run_address>0x28730</run_address>
         <size>0x25e</size>
         <input_file_ref idref="fl-de"/>
      </object_component>
      <object_component id="oc-10d">
         <name>.debug_info</name>
         <load_address>0x2898e</load_address>
         <run_address>0x2898e</run_address>
         <size>0x215</size>
         <input_file_ref idref="fl-de"/>
      </object_component>
      <object_component id="oc-107">
         <name>.debug_info</name>
         <load_address>0x28ba3</load_address>
         <run_address>0x28ba3</run_address>
         <size>0x1dd</size>
         <input_file_ref idref="fl-de"/>
      </object_component>
      <object_component id="oc-f5">
         <name>.debug_info</name>
         <load_address>0x28d80</load_address>
         <run_address>0x28d80</run_address>
         <size>0x248</size>
         <input_file_ref idref="fl-de"/>
      </object_component>
      <object_component id="oc-113">
         <name>.debug_info</name>
         <load_address>0x28fc8</load_address>
[...]
      </symbol>
      <symbol id="sm-34f">
         <name>xlaudio_q15_to_dac14_vec</name>
         <value>0x135f</value>
         <object_component_ref idref="oc-220"/>
      </symbol>
      <symbol id="sm-350">
         <name>xlaudio_q31_to_dac14_vec</name>
         <value>0x1391</value>
         <object_component_ref idref="oc-220"/>
      </symbol>
      <symbol id="sm-351">
         <name>xlaudio_adc14_to_q15_vec</name>
         <value>0x12c9</value>
         <object_component_ref idref="oc-220"/>
      </symbol>
      <symbol id="sm-352">
         <name>xlaudio_f32_to_dac14_vec</name>
         <value>0x13c3</value>
         <object_component_ref idref="oc-220"/>
      </symbol>
      <symbol id="sm-353">
         <name>xlaudio_adc14_to_f32_vec</name>
         <value>0x132d</value>
         <object_component_ref idref="oc-220"/>
      </symbol>
      <symbol id="sm-354">
         <name>xlaudio_adc14_to_q31</name>
         <value>0x140f</value>
         <object_component_ref idref="oc-220"/>
      </symbol>
      <symbol id="sm-355">
         <name>xlaudio_adc14_to_q15</name>
         <value>0x13f9</value>
         <object_component_ref idref="oc-220"/>
      </symbol>
      <symbol id="sm-356">
         <name>xlaudio_q15_to_dac14</name>
         <value>0x144d</value>
         <object_component_ref idref="oc-220"/>
      </symbol>
      <symbol id="sm-357">
         <name>xlaudio_q31_to_dac14</name>
         <value>0x1467</value>
         <object_component_ref idref="oc-220"/>
      </symbol>
      <symbol id="sm-358">
         <name>xlaudio_adc14_to_f32</name>
         <value>0x1425</value>
         <object_component_ref idref="oc-220"/>
      </symbol>
      <symbol id="sm-359">
         <name>xlaudio_f32_to_dac14</name>
         <value>0x1481</value>
         <object_component_ref idref="oc-220"/>
      </symbol>
      <symbol id="sm-37e">
         <name>DAC8311_updateDacOut</name>
         <value>0x1d71</value>
         <object_component_ref idref="oc-178"/>
      </symbol>
      <symbol id="sm-37f">
         <name>DAC8311_init</name>
         <value>0x1cd9</value>
         <object_component_ref idref="oc-178"/>
      </symbol>
      <symbol id="sm-380">
         <name>DAC8311_setLowPowerMode</name>
         <value>0x1d8d</value>
         <object_component_ref idref="oc-178"/>
      </symbol>
      <symbol id="sm-4a9">
         <name>ADC14_configureSingleSampleMode</name>
         <value>0x25cd</value>
         <object_component_ref idref="oc-130"/>
      </symbol>
      <symbol id="sm-4aa">
         <name>ADC14_enableInterrupt</name>
         <value>0x2ab1</value>
         <object_component_ref idref="oc-142"/>
      </symbol>
      <symbol id="sm-4ab">
         <name>ADC14_getInterruptStatus</name>
         <value>0x2b41</value>
         <object_component_ref idref="oc-333"/>
      </symbol>
      <symbol id="sm-4ac">
         <name>ADC14_enableSampleTimer</name>
         <value>0x29b1</value>
         <object_component_ref idref="oc-124"/>
      </symbol>
      <symbol id="sm-4ad">
         <name>ADC14_enableConversion</name>
         <value>0x2bf1</value>
         <object_component_ref idref="oc-1b6"/>
      </symbol>
      <symbol id="sm-4ae">
         <name>ADC14_setResolution</name>
         <value>0x2cdd</value>
         <object_component_ref idref="oc-13c"/>
      </symbol>
      <symbol id="sm-4af">
         <name>ADC14_toggleConversionTrigger</name>
         <value>0x2b6d</value>
         <object_component_ref idref="oc-1bc"/>
      </symbol>
      <symbol id="sm-4b0">
         <name>ADC14_isBusy</name>
         <value>0x2e11</value>
         <object_component_ref idref="oc-1c2"/>
      </symbol>
      <symbol id="sm-4b1">
         <name>ADC14_getEnabledInterruptStatus</name>
         <value>0x2941</value>
         <object_component_ref idref="oc-191"/>
      </symbol>
      <symbol id="sm-4b2">
         <name>ADC14_initModule</name>
         <value>0x267d</value>
         <object_component_ref idref="oc-11e"/>
      </symbol>
      <symbol id="sm-4b3">
         <name>ADC14_setSampleHoldTrigger</name>
         <value>0x2769</value>
         <object_component_ref idref="oc-12a"/>
      </symbol>
      <symbol id="sm-4b4">
         <name>ADC14_clearInterruptFlag</name>
         <value>0x2a81</value>
         <object_component_ref idref="oc-197"/>
      </symbol>
      <symbol id="sm-4b5">
         <name>ADC14_configureConversionMemory</name>
         <value>0x1e81</value>
         <object_component_ref idref="oc-136"/>
      </symbol>
      <symbol id="sm-4b6">
         <name>ADC14_enableModule</name>
         <value>0x2e8d</value>
         <object_component_ref idref="oc-118"/>
      </symbol>
      <symbol id="sm-4b7">
         <name>ADC14_getResult</name>
         <value>0x2c19</value>
         <object_component_ref idref="oc-19d"/>
      </symbol>
      <symbol id="sm-4e6">
         <name>CS_setDCOCenteredFrequency</name>
         <value>0x29e5</value>
         <object_component_ref idref="oc-dc"/>
      </symbol>
      <symbol id="sm-4e7">
         <name>CS_initClockSignal</name>
         <value>0x18b5</value>
         <object_component_ref idref="oc-e2"/>
      </symbol>
      <symbol id="sm-5b0">
         <name>DMA_assignInterrupt</name>
         <value>0x24b5</value>
         <object_component_ref idref="oc-166"/>
      </symbol>
      <symbol id="sm-5b1">
         <name>DMA_getChannelAttribute</name>
         <value>0x2191</value>
         <object_component_ref idref="oc-17e"/>
      </symbol>
      <symbol id="sm-5b2">
         <name>DMA_enableModule</name>
         <value>0x2eb1</value>
         <object_component_ref idref="oc-148"/>
      </symbol>
      <symbol id="sm-5b3">
         <name>DMA_enableInterrupt</name>
         <value>0x26d1</value>
         <object_component_ref idref="oc-2d5"/>
      </symbol>
      <symbol id="sm-5b4">
         <name>DMA_setChannelTransfer</name>
         <value>0x1be9</value>
         <object_component_ref idref="oc-160"/>
      </symbol>
      <symbol id="sm-5b5">
         <name>DMA_setChannelControl</name>
         <value>0x2905</value>
         <object_component_ref idref="oc-15a"/>
      </symbol>
      <symbol id="sm-5b6">
         <name>DMA_setControlBase</name>
         <value>0x2dc1</value>
         <object_component_ref idref="oc-14e"/>
      </symbol>
      <symbol id="sm-5b7">
         <name>DMA_enableChannel</name>
         <value>0x2cfd</value>
         <object_component_ref idref="oc-1d4"/>
      </symbol>
      <symbol id="sm-5b8">
         <name>DMA_disableChannelAttribute</name>
         <value>0x2451</value>
         <object_component_ref idref="oc-154"/>
      </symbol>
      <symbol id="sm-5b9">
         <name>DMA_assignChannel</name>
         <value>0xea9</value>
         <object_component_ref idref="oc-16c"/>
      </symbol>
      <symbol id="sm-5ba">
         <name>DMA_clearErrorStatus</name>
         <value>0x2ea5</value>
         <object_component_ref idref="oc-184"/>
      </symbol>
      <symbol id="sm-5c9">
         <name>FlashCtl_setWaitState</name>
         <value>0x27b1</value>
         <object_component_ref idref="oc-d6"/>
      </symbol>
      <symbol id="sm-631">
         <name>GPIO_setAsInputPin</name>
         <value>0x271d</value>
         <object_component_ref idref="oc-c4"/>
      </symbol>
      <symbol id="sm-632">
         <name>GPIO_setOutputHighOnPin</name>
         <value>0x2c41</value>
         <object_component_ref idref="oc-ca"/>
      </symbol>
      <symbol id="sm-633">
         <name>GPIO_setAsInputPinWithPullUpResistor</name>
         <value>0x2625</value>
         <object_component_ref idref="oc-e8"/>
      </symbol>
      <symbol id="sm-634">
         <name>GPIO_setAsOutputPin</name>
         <value>0x2885</value>
         <object_component_ref idref="oc-b8"/>
      </symbol>
      <symbol id="sm-635">
         <name>GPIO_setOutputLowOnPin</name>
         <value>0x2c69</value>
         <object_component_ref idref="oc-be"/>
      </symbol>
      <symbol id="sm-636">
         <name>GPIO_setAsPeripheralModuleFunctionOutputPin</name>
         <value>0x2109</value>
         <object_component_ref idref="oc-2de"/>
      </symbol>
      <symbol id="sm-637">
         <name>GPIO_getInputPinValue</name>
         <value>0x2ae1</value>
         <object_component_ref idref="oc-ee"/>
      </symbol>
      <symbol id="sm-638">
         <name>GPIO_setAsPeripheralModuleFunctionInputPin</name>
         <value>0x2081</value>
         <object_component_ref idref="oc-b2"/>
      </symbol>
      <symbol id="sm-65e">
         <name>Interrupt_enableMaster</name>
         <value>0x2e31</value>
         <object_component_ref idref="oc-1c8"/>
      </symbol>
      <symbol id="sm-65f">
         <name>Interrupt_enableInterrupt</name>
         <value>0x2211</value>
         <object_component_ref idref="oc-100"/>
      </symbol>
      <symbol id="sm-6ea">
         <name>PCM_setCoreVoltageLevel</name>
         <value>0x2e41</value>
         <object_component_ref idref="oc-d0"/>
      </symbol>
      <symbol id="sm-6eb">
         <name>PCM_getCoreVoltageLevel</name>
         <value>0x2515</value>
         <object_component_ref idref="oc-3a9"/>
      </symbol>
      <symbol id="sm-6ec">
         <name>PCM_getPowerMode</name>
         <value>0x2573</value>
         <object_component_ref idref="oc-3a3"/>
      </symbol>
      <symbol id="sm-6ed">
         <name>PCM_getPowerState</name>
         <value>0x2dd5</value>
         <object_component_ref idref="oc-3af"/>
      </symbol>
      <symbol id="sm-6ee">
         <name>PCM_gotoLPM0</name>
         <value>0x2c91</value>
         <object_component_ref idref="oc-1ce"/>
      </symbol>
      <symbol id="sm-6ef">
         <name>PCM_setPowerMode</name>
         <value>0x2e51</value>
         <object_component_ref idref="oc-3b5"/>
      </symbol>
      <symbol id="sm-742">
         <name>EUSCI_B_SPI_isBusy</name>
         <value>0x2d19</value>
         <object_component_ref idref="oc-2f0"/>
      </symbol>
      <symbol id="sm-743">
         <name>EUSCI_B_SPI_enable</name>
         <value>0x2d7f</value>
         <object_component_ref idref="oc-3f3"/>
      </symbol>
      <symbol id="sm-744">
         <name>SPI_enableModule</name>
         <value>0x2d35</value>
         <object_component_ref idref="oc-2ea"/>
      </symbol>
      <symbol id="sm-745">
         <name>EUSCI_B_SPI_transmitData</name>
         <value>0x2d95</value>
         <object_component_ref idref="oc-2f6"/>
      </symbol>
      <symbol id="sm-746">
         <name>EUSCI_A_SPI_enable</name>
         <value>0x2d69</value>
         <object_component_ref idref="oc-3ed"/>
      </symbol>
      <symbol id="sm-747">
         <name>SPI_initMaster</name>
         <value>0x1f35</value>
         <object_component_ref idref="oc-2e4"/>
      </symbol>
      <symbol id="sm-782">
         <name>Timer32_startTimer</name>
         <value>0x2979</value>
         <object_component_ref idref="oc-1f2"/>
      </symbol>
      <symbol id="sm-783">
         <name>Timer32_setCount</name>
         <value>0x2a19</value>
         <object_component_ref idref="oc-1ec"/>
      </symbol>
      <symbol id="sm-784">
         <name>Timer32_getValue</name>
         <value>0x2e61</value>
         <object_component_ref idref="oc-1e0"/>
      </symbol>
      <symbol id="sm-785">
         <name>Timer32_haltTimer</name>
         <value>0x2de9</value>
         <object_component_ref idref="oc-1da"/>
      </symbol>
      <symbol id="sm-786">
         <name>Timer32_initModule</name>
         <value>0x2381</value>
         <object_component_ref idref="oc-1a9"/>
      </symbol>
      <symbol id="sm-7df">
         <name>Timer_A_enableCaptureCompareInterrupt</name>
         <value>0x2bc5</value>
         <object_component_ref idref="oc-fa"/>
      </symbol>
      <symbol id="sm-7e0">
         <name>Timer_A_clearCaptureCompareInterrupt</name>
         <value>0x2b99</value>
         <object_component_ref idref="oc-172"/>
      </symbol>
      <symbol id="sm-7e1">
         <name>Timer_A_generatePWM</name>
         <value>0x230d</value>
         <object_component_ref idref="oc-f4"/>
      </symbol>
      <symbol id="sm-7e2">
         <name>Timer_A_startCounter</name>
         <value>0x2dab</value>
         <object_component_ref idref="oc-10c"/>
      </symbol>
      <symbol id="sm-7e3">
         <name>Timer_A_stopTimer</name>
         <value>0x2dfd</value>
         <object_component_ref idref="oc-112"/>
      </symbol>
      <symbol id="sm-7e4">
         <name>Timer_A_clearTimer</name>
         <value>0x2d51</value>
         <object_component_ref idref="oc-106"/>
      </symbol>
      <symbol id="sm-7f0">
         <name>WDT_A_holdTimer</name>
         <value>0x2cb9</value>
         <object_component_ref idref="oc-235"/>
      </symbol>
      <symbol id="sm-802">
         <name>CPU_wfi</name>
         <value>0x2ec9</value>
         <object_component_ref idref="oc-34d"/>
      </symbol>
      <symbol id="sm-803">
         <name>CPU_cpsie</name>
         <value>0x2e99</value>
         <object_component_ref idref="oc-346"/>
      </symbol>
      <symbol id="sm-824">
         <name>qsort</name>
         <value>0x1dc5</value>
         <object_component_ref idref="oc-1e6"/>
      </symbol>
      <symbol id="sm-825">
         <name>__TI_static_base__</name>
         <value>0x0</value>
      </symbol>
      <symbol id="sm-828">
         <name>__mpu_init</name>
         <value>0x0</value>
      </symbol>
      <symbol id="sm-829">
         <name>_system_post_cinit</name>
         <value>0x0</value>
      </symbol>
      <symbol id="sm-82a">
         <name>NMI_Handler</name>
         <value>0x2e89</value>
      </symbol>
      <symbol id="sm-82b">
         <name>HardFault_Handler</name>
         <value>0x2e89</value>
      </symbol>
      <symbol id="sm-82c">
         <name>MemManage_Handler</name>
         <value>0x2e89</value>
      </symbol>
      <symbol id="sm-82d">
         <name>BusFault_Handler</name>
         <value>0x2e89</value>
      </symbol>
      <symbol id="sm-82e">
         <name>UsageFault_Handler</name>
         <value>0x2e89</value>
      </symbol>
      <symbol id="sm-82f">
         <name>SVC_Handler</name>
         <value>0x2e89</value>
      </symbol>
      <symbol id="sm-830">
         <name>DebugMon_Handler</name>
         <value>0x2e89</value>
      </symbol>
      <symbol id="sm-831">
         <name>PendSV_Handler</name>
         <value>0x2e89</value>
      </symbol>
      <symbol id="sm-832">
         <name>SysTick_Handler</name>
         <value>0x2e89</value>
      </symbol>
      <symbol id="sm-833">
         <name>PSS_IRQHandler</name>
         <value>0x2e89</value>
      </symbol>
      <symbol id="sm-834">
         <name>CS_IRQHandler</name>
         <value>0x2e89</value>
      </symbol>
      <symbol id="sm-835">
         <name>PCM_IRQHandler</name>
         <value>0x2e89</value>
      </symbol>
      <symbol id="sm-836">
         <name>WDT_A_IRQHandler</name>
         <value>0x2e89</value>
      </symbol>
      <symbol id="sm-837">
         <name>FPU_IRQHandler</name>
         <value>0x2e89</value>
      </symbol>
      <symbol id="sm-838">
         <name>FLCTL_IRQHandler</name>
         <value>0x2e89</value>
      </symbol>
      <symbol id="sm-839">
         <name>COMP_E0_IRQHandler</name>
         <value>0x2e89</value>
      </symbol>
      <symbol id="sm-83a">
         <name>COMP_E1_IRQHandler</name>
         <value>0x2e89</value>
      </symbol>
      <symbol id="sm-83b">
         <name>TA0_0_IRQHandler</name>
         <value>0x2e89</value>
      </symbol>
      <symbol id="sm-83c">
         <name>TA0_N_IRQHandler</name>
         <value>0x5a9</value>
      </symbol>
      <symbol id="sm-83d">
         <name>TA1_0_IRQHandler</name>
         <value>0x2e89</value>
      </symbol>
      <symbol id="sm-83e">
         <name>TA1_N_IRQHandler</name>
         <value>0x2e89</value>
      </symbol>
      <symbol id="sm-83f">
         <name>TA2_0_IRQHandler</name>
         <value>0x2e89</value>
      </symbol>
      <symbol id="sm-840">
         <name>TA2_N_IRQHandler</name>
         <value>0x2e89</value>
      </symbol>
      <symbol id="sm-841">
         <name>TA3_0_IRQHandler</name>
         <value>0x2e89</value>
      </symbol>
      <symbol id="sm-842">
         <name>TA3_N_IRQHandler</name>
         <value>0x2e89</value>
      </symbol>
      <symbol id="sm-843">
         <name>EUSCIA0_IRQHandler</name>
         <value>0x2e89</value>
      </symbol>
      <symbol id="sm-844">
         <name>EUSCIA1_IRQHandler</name>
         <value>0x2e89</value>
      </symbol>
      <symbol id="sm-845">
         <name>EUSCIA2_IRQHandler</name>
         <value>0x2e89</value>
      </symbol>
      <symbol id="sm-846">
         <name>EUSCIA3_IRQHandler</name>
         <value>0x2e89</value>
      </symbol>
      <symbol id="sm-847">
         <name>EUSCIB0_IRQHandler</name>
         <value>0x2e89</value>
      </symbol>
      <symbol id="sm-848">
         <name>EUSCIB1_IRQHandler</name>
         <value>0x2e89</value>
      </symbol>
      <symbol id="sm-849">
         <name>EUSCIB2_IRQHandler</name>
         <value>0x2e89</value>
      </symbol>
      <symbol id="sm-84a">
         <name>EUSCIB3_IRQHandler</name>
         <value>0x2e89</value>
      </symbol>
      <symbol id="sm-84b">
         <name>ADC14_IRQHandler</name>
         <value>0x6a9</value>
      </symbol>
      <symbol id="sm-84c">
         <name>T32_INT1_IRQHandler</name>
         <value>0x2e89</value>
      </symbol>
      <symbol id="sm-84d">
         <name>T32_INT2_IRQHandler</name>
         <value>0x2e89</value>
      </symbol>
      <symbol id="sm-84e">
         <name>T32_INTC_IRQHandler</name>
         <value>0x2e89</value>
      </symbol>
      <symbol id="sm-84f">
         <name>AES256_IRQHandler</name>
         <value>0x2e89</value>
      </symbol>
      <symbol id="sm-850">
         <name>RTC_C_IRQHandler</name>
         <value>0x2e89</value>
      </symbol>
      <symbol id="sm-851">
         <name>DMA_ERR_IRQHandler</name>
         <value>0x671</value>
      </symbol>
      <symbol id="sm-852">
         <name>DMA_INT3_IRQHandler</name>
         <value>0x2e89</value>
      </symbol>
      <symbol id="sm-853">
         <name>DMA_INT2_IRQHandler</name>
         <value>0x2e89</value>
      </symbol>
      <symbol id="sm-854">
         <name>DMA_INT1_IRQHandler</name>
         <value>0x61d</value>
      </symbol>
      <symbol id="sm-855">
         <name>DMA_INT0_IRQHandler</name>
         <value>0x2e89</value>
      </symbol>
      <symbol id="sm-856">
         <name>PORT1_IRQHandler</name>
         <value>0x2e89</value>
      </symbol>
      <symbol id="sm-857">
         <name>PORT2_IRQHandler</name>
         <value>0x2e89</value>
      </symbol>
      <symbol id="sm-858">
         <name>PORT3_IRQHandler</name>
         <value>0x2e89</value>
      </symbol>
      <symbol id="sm-859">
         <name>PORT4_IRQHandler</name>
         <value>0x2e89</value>
      </symbol>
      <symbol id="sm-85a">
         <name>PORT5_IRQHandler</name>
         <value>0x2e89</value>
      </symbol>
      <symbol id="sm-85b">
         <name>PORT6_IRQHandler</name>
         <value>0x2e89</value>
      </symbol>
   </symbol_table>
   <title>Link successful</title>
</link_info>
