<?xml version="1.0" encoding="ISO-8859-1" ?>
<link_info>
   <banner>TI ARM Linker PC v20.2.7.LTS</banner>
   <copyright>Copyright (c) 1996-2018 Texas Instruments Incorporated</copyright>
   <link_time>0x6362c5ef</link_time>
   <link_errors>0x0</link_errors>
   <output_file>lab1_blinkingled.out</output_file>
   <entry_point>
      <name>_c_int00_noargs</name>
      <address>0x250d</address>
   </entry_point>
   <input_file_list>
      <input_file id="fl-2">
         <path>.\</path>
         <kind>object</kind>
         <file>main.obj</file>
         <name>main.obj</name>
      </input_file>
      <input_file id="fl-3">
         <path>.\</path>
         <kind>object</kind>
         <file>startup_msp432p401r_ccs.obj</file>
         <name>startup_msp432p401r_ccs.obj</name>
      </input_file>
      <input_file id="fl-4">
         <path>.\</path>
         <kind>object</kind>
         <file>system_msp432p401r.obj</file>
         <name>system_msp432p401r.obj</name>
      </input_file>
      <input_file id="fl-a">
         <kind>object</kind>
         <file>&lt;internal&gt;</file>
         <name>&lt;internal&gt;</name>
      </input_file>
      <input_file id="fl-c0">
         <path>C:\ti\ccs1210\ccs\tools\compiler\ti-cgt-arm_20.2.7.LTS\lib\</path>
         <kind>archive</kind>
         <file>rtsv7M4_T_le_v4SPD16_eabi.lib</file>
         <name>copy_zero_init.c.obj</name>
      </input_file>
      <input_file id="fl-c1">
         <path>C:\ti\ccs1210\ccs\tools\compiler\ti-cgt-arm_20.2.7.LTS\lib\</path>
         <kind>archive</kind>
         <file>rtsv7M4_T_le_v4SPD16_eabi.lib</file>
         <name>copy_decompress_none.c.obj</name>
      </input_file>
      <input_file id="fl-c2">
         <path>C:\ti\ccs1210\ccs\tools\compiler\ti-cgt-arm_20.2.7.LTS\lib\</path>
         <kind>archive</kind>
         <file>rtsv7M4_T_le_v4SPD16_eabi.lib</file>
         <name>copy_decompress_lzss.c.obj</name>
      </input_file>
      <input_file id="fl-c3">
         <path>C:\ti\ccs1210\ccs\tools\compiler\ti-cgt-arm_20.2.7.LTS\lib\</path>
         <kind>archive</kind>
         <file>rtsv7M4_T_le_v4SPD16_eabi.lib</file>
         <name>boot_cortex_m.c.obj</name>
      </input_file>
      <input_file id="fl-c4">
         <path>C:\ti\ccs1210\ccs\tools\compiler\ti-cgt-arm_20.2.7.LTS\lib\</path>
         <kind>archive</kind>
         <file>rtsv7M4_T_le_v4SPD16_eabi.lib</file>
         <name>memcpy_t2.asm.obj</name>
      </input_file>
      <input_file id="fl-c5">
         <path>C:\ti\ccs1210\ccs\tools\compiler\ti-cgt-arm_20.2.7.LTS\lib\</path>
         <kind>archive</kind>
         <file>rtsv7M4_T_le_v4SPD16_eabi.lib</file>
         <name>memset_t2.asm.obj</name>
      </input_file>
      <input_file id="fl-c6">
         <path>C:\ti\ccs1210\ccs\tools\compiler\ti-cgt-arm_20.2.7.LTS\lib\</path>
         <kind>archive</kind>
         <file>rtsv7M4_T_le_v4SPD16_eabi.lib</file>
         <name>autoinit.c.obj</name>
      </input_file>
      <input_file id="fl-c7">
         <path>C:\ti\ccs1210\ccs\tools\compiler\ti-cgt-arm_20.2.7.LTS\lib\</path>
         <kind>archive</kind>
         <file>rtsv7M4_T_le_v4SPD16_eabi.lib</file>
         <name>pre_init.c.obj</name>
      </input_file>
      <input_file id="fl-c8">
         <path>C:\ti\ccs1210\ccs\tools\compiler\ti-cgt-arm_20.2.7.LTS\lib\</path>
         <kind>archive</kind>
         <file>rtsv7M4_T_le_v4SPD16_eabi.lib</file>
         <name>cpy_tbl.c.obj</name>
      </input_file>
      <input_file id="fl-c9">
         <path>C:\ti\ccs1210\ccs\tools\compiler\ti-cgt-arm_20.2.7.LTS\lib\</path>
         <kind>archive</kind>
         <file>rtsv7M4_T_le_v4SPD16_eabi.lib</file>
         <name>exit.c.obj</name>
      </input_file>
      <input_file id="fl-ca">
         <path>C:\ti\ccs1210\ccs\tools\compiler\ti-cgt-arm_20.2.7.LTS\lib\</path>
         <kind>archive</kind>
         <file>rtsv7M4_T_le_v4SPD16_eabi.lib</file>
         <name>_lock.c.obj</name>
      </input_file>
      <input_file id="fl-cb">
         <path>C:\ti\ccs1210\ccs\tools\compiler\ti-cgt-arm_20.2.7.LTS\lib\</path>
         <kind>archive</kind>
         <file>rtsv7M4_T_le_v4SPD16_eabi.lib</file>
         <name>args_main.c.obj</name>
      </input_file>
      <input_file id="fl-cc">
         <path>C:\Users\Cristian\workspace_v12\xlaudio_lib\Debug\</path>
         <kind>archive</kind>
         <file>xlaudio_lib.lib</file>
         <name>xlaudio.obj</name>
      </input_file>
      <input_file id="fl-cd">
         <path>C:\Users\Cristian\workspace_v12\xlaudio_lib\Debug\</path>
         <kind>archive</kind>
         <file>xlaudio_lib.lib</file>
         <name>dac8311.obj</name>
      </input_file>
      <input_file id="fl-ce">
         <path>C:\ti\simplelink_msp432p4_sdk_3_40_01_02\source\ti\devices\msp432p4xx\driverlib\ccs\</path>
         <kind>archive</kind>
         <file>msp432p4xx_driverlib.lib</file>
         <name>adc14.o</name>
      </input_file>
      <input_file id="fl-cf">
         <path>C:\ti\simplelink_msp432p4_sdk_3_40_01_02\source\ti\devices\msp432p4xx\driverlib\ccs\</path>
         <kind>archive</kind>
         <file>msp432p4xx_driverlib.lib</file>
         <name>cs.o</name>
      </input_file>
      <input_file id="fl-d0">
         <path>C:\ti\simplelink_msp432p4_sdk_3_40_01_02\source\ti\devices\msp432p4xx\driverlib\ccs\</path>
         <kind>archive</kind>
         <file>msp432p4xx_driverlib.lib</file>
         <name>dma.o</name>
      </input_file>
      <input_file id="fl-d1">
         <path>C:\ti\simplelink_msp432p4_sdk_3_40_01_02\source\ti\devices\msp432p4xx\driverlib\ccs\</path>
         <kind>archive</kind>
         <file>msp432p4xx_driverlib.lib</file>
         <name>flash.o</name>
      </input_file>
      <input_file id="fl-d2">
         <path>C:\ti\simplelink_msp432p4_sdk_3_40_01_02\source\ti\devices\msp432p4xx\driverlib\ccs\</path>
         <kind>archive</kind>
         <file>msp432p4xx_driverlib.lib</file>
         <name>gpio.o</name>
      </input_file>
      <input_file id="fl-d3">
         <path>C:\ti\simplelink_msp432p4_sdk_3_40_01_02\source\ti\devices\msp432p4xx\driverlib\ccs\</path>
         <kind>archive</kind>
         <file>msp432p4xx_driverlib.lib</file>
         <name>interrupt.o</name>
      </input_file>
      <input_file id="fl-d4">
         <path>C:\ti\simplelink_msp432p4_sdk_3_40_01_02\source\ti\devices\msp432p4xx\driverlib\ccs\</path>
         <kind>archive</kind>
         <file>msp432p4xx_driverlib.lib</file>
         <name>pcm.o</name>
      </input_file>
      <input_file id="fl-d5">
         <path>C:\ti\simplelink_msp432p4_sdk_3_40_01_02\source\ti\devices\msp432p4xx\driverlib\ccs\</path>
         <kind>archive</kind>
         <file>msp432p4xx_driverlib.lib</file>
         <name>rtc_c.o</name>
      </input_file>
      <input_file id="fl-d6">
         <path>C:\ti\simplelink_msp432p4_sdk_3_40_01_02\source\ti\devices\msp432p4xx\driverlib\ccs\</path>
         <kind>archive</kind>
         <file>msp432p4xx_driverlib.lib</file>
         <name>spi.o</name>
      </input_file>
      <input_file id="fl-d7">
         <path>C:\ti\simplelink_msp432p4_sdk_3_40_01_02\source\ti\devices\msp432p4xx\driverlib\ccs\</path>
         <kind>archive</kind>
         <file>msp432p4xx_driverlib.lib</file>
         <name>sysctl.o</name>
      </input_file>
      <input_file id="fl-d8">
         <path>C:\ti\simplelink_msp432p4_sdk_3_40_01_02\source\ti\devices\msp432p4xx\driverlib\ccs\</path>
         <kind>archive</kind>
         <file>msp432p4xx_driverlib.lib</file>
         <name>sysctl_a.o</name>
      </input_file>
      <input_file id="fl-d9">
         <path>C:\ti\simplelink_msp432p4_sdk_3_40_01_02\source\ti\devices\msp432p4xx\driverlib\ccs\</path>
         <kind>archive</kind>
         <file>msp432p4xx_driverlib.lib</file>
         <name>timer32.o</name>
      </input_file>
      <input_file id="fl-da">
         <path>C:\ti\simplelink_msp432p4_sdk_3_40_01_02\source\ti\devices\msp432p4xx\driverlib\ccs\</path>
         <kind>archive</kind>
         <file>msp432p4xx_driverlib.lib</file>
         <name>timer_a.o</name>
      </input_file>
      <input_file id="fl-db">
         <path>C:\ti\simplelink_msp432p4_sdk_3_40_01_02\source\ti\devices\msp432p4xx\driverlib\ccs\</path>
         <kind>archive</kind>
         <file>msp432p4xx_driverlib.lib</file>
         <name>wdt_a.o</name>
      </input_file>
      <input_file id="fl-dc">
         <path>C:\ti\simplelink_msp432p4_sdk_3_40_01_02\source\ti\devices\msp432p4xx\driverlib\ccs\</path>
         <kind>archive</kind>
         <file>msp432p4xx_driverlib.lib</file>
         <name>cpu.o</name>
      </input_file>
      <input_file id="fl-dd">
         <path>C:\ti\ccs1210\ccs\tools\compiler\ti-cgt-arm_20.2.7.LTS\lib\</path>
         <kind>archive</kind>
         <file>rtsv7M4_T_le_v4SPD16_eabi.lib</file>
         <name>qsort.c.obj</name>
      </input_file>
   </input_file_list>
   <object_component_list>
      <object_component id="oc-26">
         <name>.intvecs:retain</name>
         <load_address>0x0</load_address>
         <run_address>0x0</run_address>
         <size>0xe4</size>
         <input_file_ref idref="fl-3"/>
      </object_component>
      <object_component id="oc-6d">
         <name>.text</name>
         <load_address>0xe4</load_address>
         <run_address>0xe4</run_address>
         <size>0xa90</size>
         <input_file_ref idref="fl-cc"/>
      </object_component>
      <object_component id="oc-ab">
         <name>.text</name>
         <load_address>0xb74</load_address>
         <run_address>0xb74</run_address>
         <size>0x334</size>
         <input_file_ref idref="fl-4"/>
      </object_component>
      <object_component id="oc-16c">
         <name>.text:DMA_assignChannel</name>
         <load_address>0xea8</load_address>
         <run_address>0xea8</run_address>
         <size>0x210</size>
         <input_file_ref idref="fl-d0"/>
      </object_component>
      <object_component id="oc-2a1">
         <name>.text:_getIndexForMemRegister</name>
         <load_address>0x10b8</load_address>
         <run_address>0x10b8</run_address>
         <size>0x160</size>
         <input_file_ref idref="fl-ce"/>
      </object_component>
      <object_component id="oc-3ff">
         <name>.text:__PCM_setPowerModeAdvanced</name>
         <load_address>0x1218</load_address>
         <run_address>0x1218</run_address>
         <size>0x15c</size>
         <input_file_ref idref="fl-d4"/>
      </object_component>
      <object_component id="oc-287">
         <name>.text:privateTimer_AProcessClockSourceDivider</name>
         <load_address>0x1374</load_address>
         <run_address>0x1374</run_address>
         <size>0x144</size>
         <input_file_ref idref="fl-da"/>
      </object_component>
      <object_component id="oc-e2">
         <name>.text:CS_initClockSignal</name>
         <load_address>0x14b8</load_address>
         <run_address>0x14b8</run_address>
         <size>0x130</size>
         <input_file_ref idref="fl-cf"/>
      </object_component>
      <object_component id="oc-27b">
         <name>.text:__PCM_setCoreVoltageLevelAdvanced</name>
         <load_address>0x15e8</load_address>
         <run_address>0x15e8</run_address>
         <size>0x108</size>
         <input_file_ref idref="fl-d4"/>
      </object_component>
      <object_component id="oc-160">
         <name>.text:DMA_setChannelTransfer</name>
         <load_address>0x16f0</load_address>
         <run_address>0x16f0</run_address>
         <size>0xf0</size>
         <input_file_ref idref="fl-d0"/>
      </object_component>
      <object_component id="oc-178">
         <name>.text</name>
         <load_address>0x17e0</load_address>
         <run_address>0x17e0</run_address>
         <size>0xec</size>
         <input_file_ref idref="fl-cd"/>
      </object_component>
      <object_component id="oc-1e6">
         <name>.text:qsort</name>
         <load_address>0x18cc</load_address>
         <run_address>0x18cc</run_address>
         <size>0xba</size>
         <input_file_ref idref="fl-dd"/>
      </object_component>
      <object_component id="oc-136">
         <name>.text:ADC14_configureConversionMemory</name>
         <load_address>0x1988</load_address>
         <run_address>0x1988</run_address>
         <size>0xb4</size>
         <input_file_ref idref="fl-ce"/>
      </object_component>
      <object_component id="oc-2c4">
         <name>.text:SPI_initMaster</name>
         <load_address>0x1a3c</load_address>
         <run_address>0x1a3c</run_address>
         <size>0xb0</size>
         <input_file_ref idref="fl-d6"/>
      </object_component>
      <object_component id="oc-37">
         <name>.text</name>
         <load_address>0x1aec</load_address>
         <run_address>0x1aec</run_address>
         <size>0x9c</size>
         <input_file_ref idref="fl-c4"/>
      </object_component>
      <object_component id="oc-b2">
         <name>.text:GPIO_setAsPeripheralModuleFunctionInputPin</name>
         <load_address>0x1b88</load_address>
         <run_address>0x1b88</run_address>
         <size>0x88</size>
         <input_file_ref idref="fl-d2"/>
      </object_component>
      <object_component id="oc-2be">
         <name>.text:GPIO_setAsPeripheralModuleFunctionOutputPin</name>
         <load_address>0x1c10</load_address>
         <run_address>0x1c10</run_address>
         <size>0x88</size>
         <input_file_ref idref="fl-d2"/>
      </object_component>
      <object_component id="oc-17e">
         <name>.text:DMA_getChannelAttribute</name>
         <load_address>0x1c98</load_address>
         <run_address>0x1c98</run_address>
         <size>0x80</size>
         <input_file_ref idref="fl-d0"/>
      </object_component>
      <object_component id="oc-100">
         <name>.text:Interrupt_enableInterrupt</name>
         <load_address>0x1d18</load_address>
         <run_address>0x1d18</run_address>
         <size>0x80</size>
         <input_file_ref idref="fl-d3"/>
      </object_component>
      <object_component id="oc-8d">
         <name>.text</name>
         <load_address>0x1d98</load_address>
         <run_address>0x1d98</run_address>
         <size>0x7a</size>
         <input_file_ref idref="fl-c5"/>
      </object_component>
      <object_component id="oc-f4">
         <name>.text:Timer_A_generatePWM</name>
         <load_address>0x1e14</load_address>
         <run_address>0x1e14</run_address>
         <size>0x74</size>
         <input_file_ref idref="fl-da"/>
      </object_component>
      <object_component id="oc-1a9">
         <name>.text:Timer32_initModule</name>
         <load_address>0x1e88</load_address>
         <run_address>0x1e88</run_address>
         <size>0x68</size>
         <input_file_ref idref="fl-d9"/>
      </object_component>
      <object_component id="oc-17">
         <name>.text:decompress:lzss:__TI_decompress_lzss</name>
         <load_address>0x1ef0</load_address>
         <run_address>0x1ef0</run_address>
         <size>0x68</size>
         <input_file_ref idref="fl-c2"/>
      </object_component>
      <object_component id="oc-154">
         <name>.text:DMA_disableChannelAttribute</name>
         <load_address>0x1f58</load_address>
         <run_address>0x1f58</run_address>
         <size>0x64</size>
         <input_file_ref idref="fl-d0"/>
      </object_component>
      <object_component id="oc-166">
         <name>.text:DMA_assignInterrupt</name>
         <load_address>0x1fbc</load_address>
         <run_address>0x1fbc</run_address>
         <size>0x60</size>
         <input_file_ref idref="fl-d0"/>
      </object_component>
      <object_component id="oc-377">
         <name>.text:PCM_getCoreVoltageLevel</name>
         <load_address>0x201c</load_address>
         <run_address>0x201c</run_address>
         <size>0x5e</size>
         <input_file_ref idref="fl-d4"/>
      </object_component>
      <object_component id="oc-371">
         <name>.text:PCM_getPowerMode</name>
         <load_address>0x207a</load_address>
         <run_address>0x207a</run_address>
         <size>0x5a</size>
         <input_file_ref idref="fl-d4"/>
      </object_component>
      <object_component id="oc-130">
         <name>.text:ADC14_configureSingleSampleMode</name>
         <load_address>0x20d4</load_address>
         <run_address>0x20d4</run_address>
         <size>0x58</size>
         <input_file_ref idref="fl-ce"/>
      </object_component>
      <object_component id="oc-e8">
         <name>.text:GPIO_setAsInputPinWithPullUpResistor</name>
         <load_address>0x212c</load_address>
         <run_address>0x212c</run_address>
         <size>0x58</size>
         <input_file_ref idref="fl-d2"/>
      </object_component>
      <object_component id="oc-11e">
         <name>.text:ADC14_initModule</name>
         <load_address>0x2184</load_address>
         <run_address>0x2184</run_address>
         <size>0x54</size>
         <input_file_ref idref="fl-ce"/>
      </object_component>
      <object_component id="oc-2b5">
         <name>.text:DMA_enableInterrupt</name>
         <load_address>0x21d8</load_address>
         <run_address>0x21d8</run_address>
         <size>0x4c</size>
         <input_file_ref idref="fl-d0"/>
      </object_component>
      <object_component id="oc-c4">
         <name>.text:GPIO_setAsInputPin</name>
         <load_address>0x2224</load_address>
         <run_address>0x2224</run_address>
         <size>0x4c</size>
         <input_file_ref idref="fl-d2"/>
      </object_component>
      <object_component id="oc-12a">
         <name>.text:ADC14_setSampleHoldTrigger</name>
         <load_address>0x2270</load_address>
         <run_address>0x2270</run_address>
         <size>0x48</size>
         <input_file_ref idref="fl-ce"/>
      </object_component>
      <object_component id="oc-d6">
         <name>.text:FlashCtl_setWaitState</name>
         <load_address>0x22b8</load_address>
         <run_address>0x22b8</run_address>
         <size>0x48</size>
         <input_file_ref idref="fl-d1"/>
      </object_component>
      <object_component id="oc-233">
         <name>.text:__TI_auto_init_nobinit_nopinit:__TI_auto_init_nobinit_nopinit</name>
         <load_address>0x2300</load_address>
         <run_address>0x2300</run_address>
         <size>0x44</size>
         <input_file_ref idref="fl-c6"/>
      </object_component>
      <object_component id="oc-b8">
         <name>.text:GPIO_setAsOutputPin</name>
         <load_address>0x2344</load_address>
         <run_address>0x2344</run_address>
         <size>0x40</size>
         <input_file_ref idref="fl-d2"/>
      </object_component>
      <object_component id="oc-3b3">
         <name>.text:is_A_Module</name>
         <load_address>0x2384</load_address>
         <run_address>0x2384</run_address>
         <size>0x40</size>
         <input_file_ref idref="fl-d6"/>
      </object_component>
      <object_component id="oc-15a">
         <name>.text:DMA_setChannelControl</name>
         <load_address>0x23c4</load_address>
         <run_address>0x23c4</run_address>
         <size>0x3c</size>
         <input_file_ref idref="fl-d0"/>
      </object_component>
      <object_component id="oc-191">
         <name>.text:ADC14_getEnabledInterruptStatus</name>
         <load_address>0x2400</load_address>
         <run_address>0x2400</run_address>
         <size>0x38</size>
         <input_file_ref idref="fl-ce"/>
      </object_component>
      <object_component id="oc-1f2">
         <name>.text:Timer32_startTimer</name>
         <load_address>0x2438</load_address>
         <run_address>0x2438</run_address>
         <size>0x38</size>
         <input_file_ref idref="fl-d9"/>
      </object_component>
      <object_component id="oc-124">
         <name>.text:ADC14_enableSampleTimer</name>
         <load_address>0x2470</load_address>
         <run_address>0x2470</run_address>
         <size>0x34</size>
         <input_file_ref idref="fl-ce"/>
      </object_component>
      <object_component id="oc-dc">
         <name>.text:CS_setDCOCenteredFrequency</name>
         <load_address>0x24a4</load_address>
         <run_address>0x24a4</run_address>
         <size>0x34</size>
         <input_file_ref idref="fl-cf"/>
      </object_component>
      <object_component id="oc-1ec">
         <name>.text:Timer32_setCount</name>
         <load_address>0x24d8</load_address>
         <run_address>0x24d8</run_address>
         <size>0x34</size>
         <input_file_ref idref="fl-d9"/>
      </object_component>
      <object_component id="oc-55">
         <name>.text:_c_int00_noargs:_c_int00_noargs</name>
         <load_address>0x250c</load_address>
         <run_address>0x250c</run_address>
         <size>0x34</size>
         <input_file_ref idref="fl-c3"/>
      </object_component>
      <object_component id="oc-197">
         <name>.text:ADC14_clearInterruptFlag</name>
         <load_address>0x2540</load_address>
         <run_address>0x2540</run_address>
         <size>0x30</size>
         <input_file_ref idref="fl-ce"/>
      </object_component>
      <object_component id="oc-142">
         <name>.text:ADC14_enableInterrupt</name>
         <load_address>0x2570</load_address>
         <run_address>0x2570</run_address>
         <size>0x30</size>
         <input_file_ref idref="fl-ce"/>
      </object_component>
      <object_component id="oc-ee">
         <name>.text:GPIO_getInputPinValue</name>
         <load_address>0x25a0</load_address>
         <run_address>0x25a0</run_address>
         <size>0x30</size>
         <input_file_ref idref="fl-d2"/>
      </object_component>
      <object_component id="oc-313">
         <name>.text:ADC14_getInterruptStatus</name>
         <load_address>0x25d0</load_address>
         <run_address>0x25d0</run_address>
         <size>0x2c</size>
         <input_file_ref idref="fl-ce"/>
      </object_component>
      <object_component id="oc-1bc">
         <name>.text:ADC14_toggleConversionTrigger</name>
         <load_address>0x25fc</load_address>
         <run_address>0x25fc</run_address>
         <size>0x2c</size>
         <input_file_ref idref="fl-ce"/>
      </object_component>
      <object_component id="oc-172">
         <name>.text:Timer_A_clearCaptureCompareInterrupt</name>
         <load_address>0x2628</load_address>
         <run_address>0x2628</run_address>
         <size>0x2c</size>
         <input_file_ref idref="fl-da"/>
      </object_component>
      <object_component id="oc-fa">
         <name>.text:Timer_A_enableCaptureCompareInterrupt</name>
         <load_address>0x2654</load_address>
         <run_address>0x2654</run_address>
         <size>0x2c</size>
         <input_file_ref idref="fl-da"/>
      </object_component>
      <object_component id="oc-99">
         <name>.text</name>
         <load_address>0x2680</load_address>
         <run_address>0x2680</run_address>
         <size>0x2c</size>
         <input_file_ref idref="fl-2"/>
      </object_component>
      <object_component id="oc-1b6">
         <name>.text:ADC14_enableConversion</name>
         <load_address>0x26ac</load_address>
         <run_address>0x26ac</run_address>
         <size>0x28</size>
         <input_file_ref idref="fl-ce"/>
      </object_component>
      <object_component id="oc-19d">
         <name>.text:ADC14_getResult</name>
         <load_address>0x26d4</load_address>
         <run_address>0x26d4</run_address>
         <size>0x28</size>
         <input_file_ref idref="fl-ce"/>
      </object_component>
      <object_component id="oc-ca">
         <name>.text:GPIO_setOutputHighOnPin</name>
         <load_address>0x26fc</load_address>
         <run_address>0x26fc</run_address>
         <size>0x28</size>
         <input_file_ref idref="fl-d2"/>
      </object_component>
      <object_component id="oc-be">
         <name>.text:GPIO_setOutputLowOnPin</name>
         <load_address>0x2724</load_address>
         <run_address>0x2724</run_address>
         <size>0x28</size>
         <input_file_ref idref="fl-d2"/>
      </object_component>
      <object_component id="oc-1ce">
         <name>.text:PCM_gotoLPM0</name>
         <load_address>0x274c</load_address>
         <run_address>0x274c</run_address>
         <size>0x28</size>
         <input_file_ref idref="fl-d4"/>
      </object_component>
      <object_component id="oc-220">
         <name>.text:WDT_A_holdTimer</name>
         <load_address>0x2774</load_address>
         <run_address>0x2774</run_address>
         <size>0x24</size>
         <input_file_ref idref="fl-db"/>
      </object_component>
      <object_component id="oc-13c">
         <name>.text:ADC14_setResolution</name>
         <load_address>0x2798</load_address>
         <run_address>0x2798</run_address>
         <size>0x20</size>
         <input_file_ref idref="fl-ce"/>
      </object_component>
      <object_component id="oc-1d4">
         <name>.text:DMA_enableChannel</name>
         <load_address>0x27b8</load_address>
         <run_address>0x27b8</run_address>
         <size>0x1c</size>
         <input_file_ref idref="fl-d0"/>
      </object_component>
      <object_component id="oc-2d0">
         <name>.text:EUSCI_B_SPI_isBusy</name>
         <load_address>0x27d4</load_address>
         <run_address>0x27d4</run_address>
         <size>0x1c</size>
         <input_file_ref idref="fl-d6"/>
      </object_component>
      <object_component id="oc-2ca">
         <name>.text:SPI_enableModule</name>
         <load_address>0x27f0</load_address>
         <run_address>0x27f0</run_address>
         <size>0x1c</size>
         <input_file_ref idref="fl-d6"/>
      </object_component>
      <object_component id="oc-106">
         <name>.text:Timer_A_clearTimer</name>
         <load_address>0x280c</load_address>
         <run_address>0x280c</run_address>
         <size>0x18</size>
         <input_file_ref idref="fl-da"/>
      </object_component>
      <object_component id="oc-3bb">
         <name>.text:EUSCI_A_SPI_enable</name>
         <load_address>0x2824</load_address>
         <run_address>0x2824</run_address>
         <size>0x16</size>
         <input_file_ref idref="fl-d6"/>
      </object_component>
      <object_component id="oc-3c1">
         <name>.text:EUSCI_B_SPI_enable</name>
         <load_address>0x283a</load_address>
         <run_address>0x283a</run_address>
         <size>0x16</size>
         <input_file_ref idref="fl-d6"/>
      </object_component>
      <object_component id="oc-2d6">
         <name>.text:EUSCI_B_SPI_transmitData</name>
         <load_address>0x2850</load_address>
         <run_address>0x2850</run_address>
         <size>0x16</size>
         <input_file_ref idref="fl-d6"/>
      </object_component>
      <object_component id="oc-10c">
         <name>.text:Timer_A_startCounter</name>
         <load_address>0x2866</load_address>
         <run_address>0x2866</run_address>
         <size>0x16</size>
         <input_file_ref idref="fl-da"/>
      </object_component>
      <object_component id="oc-14e">
         <name>.text:DMA_setControlBase</name>
         <load_address>0x287c</load_address>
         <run_address>0x287c</run_address>
         <size>0x14</size>
         <input_file_ref idref="fl-d0"/>
      </object_component>
      <object_component id="oc-37d">
         <name>.text:PCM_getPowerState</name>
         <load_address>0x2890</load_address>
         <run_address>0x2890</run_address>
         <size>0x14</size>
         <input_file_ref idref="fl-d4"/>
      </object_component>
      <object_component id="oc-1da">
         <name>.text:Timer32_haltTimer</name>
         <load_address>0x28a4</load_address>
         <run_address>0x28a4</run_address>
         <size>0x14</size>
         <input_file_ref idref="fl-d9"/>
      </object_component>
      <object_component id="oc-112">
         <name>.text:Timer_A_stopTimer</name>
         <load_address>0x28b8</load_address>
         <run_address>0x28b8</run_address>
         <size>0x14</size>
         <input_file_ref idref="fl-da"/>
      </object_component>
      <object_component id="oc-1c2">
         <name>.text:ADC14_isBusy</name>
         <load_address>0x28cc</load_address>
         <run_address>0x28cc</run_address>
         <size>0x10</size>
         <input_file_ref idref="fl-ce"/>
      </object_component>
      <object_component id="oc-298">
         <name>.text:ADCIsConversionRunning</name>
         <load_address>0x28dc</load_address>
         <run_address>0x28dc</run_address>
         <size>0x10</size>
         <input_file_ref idref="fl-ce"/>
      </object_component>
      <object_component id="oc-1c8">
         <name>.text:Interrupt_enableMaster</name>
         <load_address>0x28ec</load_address>
         <run_address>0x28ec</run_address>
         <size>0x10</size>
         <input_file_ref idref="fl-d3"/>
      </object_component>
      <object_component id="oc-d0">
         <name>.text:PCM_setCoreVoltageLevel</name>
         <load_address>0x28fc</load_address>
         <run_address>0x28fc</run_address>
         <size>0x10</size>
         <input_file_ref idref="fl-d4"/>
      </object_component>
      <object_component id="oc-383">
         <name>.text:PCM_setPowerMode</name>
         <load_address>0x290c</load_address>
         <run_address>0x290c</run_address>
         <size>0x10</size>
         <input_file_ref idref="fl-d4"/>
      </object_component>
      <object_component id="oc-1e0">
         <name>.text:Timer32_getValue</name>
         <load_address>0x291c</load_address>
         <run_address>0x291c</run_address>
         <size>0xe</size>
         <input_file_ref idref="fl-d9"/>
      </object_component>
      <object_component id="oc-1d">
         <name>.text:decompress:none:__TI_decompress_none</name>
         <load_address>0x292a</load_address>
         <run_address>0x292a</run_address>
         <size>0xe</size>
         <input_file_ref idref="fl-c1"/>
      </object_component>
      <object_component id="oc-67">
         <name>.text</name>
         <load_address>0x2938</load_address>
         <run_address>0x2938</run_address>
         <size>0xe</size>
         <input_file_ref idref="fl-3"/>
      </object_component>
      <object_component id="oc-118">
         <name>.text:ADC14_enableModule</name>
         <load_address>0x2948</load_address>
         <run_address>0x2948</run_address>
         <size>0xc</size>
         <input_file_ref idref="fl-ce"/>
      </object_component>
      <object_component id="oc-326">
         <name>.text:CPU_cpsie</name>
         <load_address>0x2954</load_address>
         <run_address>0x2954</run_address>
         <size>0xc</size>
         <input_file_ref idref="fl-dc"/>
      </object_component>
      <object_component id="oc-184">
         <name>.text:DMA_clearErrorStatus</name>
         <load_address>0x2960</load_address>
         <run_address>0x2960</run_address>
         <size>0xc</size>
         <input_file_ref idref="fl-d0"/>
      </object_component>
      <object_component id="oc-148">
         <name>.text:DMA_enableModule</name>
         <load_address>0x296c</load_address>
         <run_address>0x296c</run_address>
         <size>0xc</size>
         <input_file_ref idref="fl-d0"/>
      </object_component>
      <object_component id="oc-49">
         <name>.text:decompress:ZI:__TI_zero_init</name>
         <load_address>0x2978</load_address>
         <run_address>0x2978</run_address>
         <size>0xc</size>
         <input_file_ref idref="fl-c0"/>
      </object_component>
      <object_component id="oc-32d">
         <name>.text:CPU_wfi</name>
         <load_address>0x2984</load_address>
         <run_address>0x2984</run_address>
         <size>0x4</size>
         <input_file_ref idref="fl-dc"/>
      </object_component>
      <object_component id="oc-93">
         <name>.text:_system_pre_init</name>
         <load_address>0x2988</load_address>
         <run_address>0x2988</run_address>
         <size>0x4</size>
         <input_file_ref idref="fl-c7"/>
      </object_component>
      <object_component id="oc-227">
         <name>.text:abort:abort</name>
         <load_address>0x298c</load_address>
         <run_address>0x298c</run_address>
         <size>0x4</size>
         <input_file_ref idref="fl-c9"/>
      </object_component>
      <object_component id="oc-2a8">
         <name>.const:_ctlRegs</name>
         <load_address>0x2990</load_address>
         <run_address>0x2990</run_address>
         <size>0x80</size>
         <input_file_ref idref="fl-ce"/>
      </object_component>
      <object_component id="oc-269">
         <name>.const:GPIO_PORT_TO_BASE</name>
         <load_address>0x2a10</load_address>
         <run_address>0x2a10</run_address>
         <size>0x30</size>
         <input_file_ref idref="fl-d2"/>
      </object_component>
      <object_component id="oc-18a">
         <name>.const:$P$T0$1</name>
         <load_address>0x2a40</load_address>
         <run_address>0x2a40</run_address>
         <size>0x20</size>
         <input_file_ref idref="fl-cc"/>
      </object_component>
      <object_component id="oc-2dc">
         <name>.const:$P$T0$1</name>
         <load_address>0x2a60</load_address>
         <run_address>0x2a60</run_address>
         <size>0x1c</size>
         <input_file_ref idref="fl-cd"/>
      </object_component>
      <object_component id="oc-1a3">
         <name>.const:$P$T1$2</name>
         <load_address>0x2a7c</load_address>
         <run_address>0x2a7c</run_address>
         <size>0xa</size>
         <input_file_ref idref="fl-cc"/>
      </object_component>
      <object_component id="oc-290">
         <name>.const:g_pulEnRegs</name>
         <load_address>0x2a88</load_address>
         <run_address>0x2a88</run_address>
         <size>0x8</size>
         <input_file_ref idref="fl-d3"/>
      </object_component>
      <object_component id="oc-45a">
         <name>.cinit..data.load</name>
         <load_address>0x2a90</load_address>
         <run_address>0x2a90</run_address>
         <size>0x16</size>
      </object_component>
      <object_component id="oc-458">
         <name>__TI_handler_table</name>
         <load_address>0x2aa8</load_address>
         <run_address>0x2aa8</run_address>
         <size>0xc</size>
      </object_component>
      <object_component id="oc-45b">
         <name>.cinit..bss.load</name>
         <load_address>0x2ab8</load_address>
         <run_address>0x2ab8</run_address>
         <size>0x8</size>
      </object_component>
      <object_component id="oc-459">
         <name>__TI_cinit_table</name>
         <load_address>0x2ac0</load_address>
         <run_address>0x2ac0</run_address>
         <size>0x10</size>
      </object_component>
      <object_component id="oc-42c">
         <name>.binit</name>
         <load_address>0x0</load_address>
         <run_address>0x0</run_address>
         <size>0x0</size>
      </object_component>
      <object_component id="oc-265">
         <name>.data</name>
         <load_address>0x2000063c</load_address>
         <run_address>0x2000063c</run_address>
         <size>0x4</size>
         <input_file_ref idref="fl-4"/>
      </object_component>
      <object_component id="oc-1a6">
         <name>.data</name>
         <load_address>0x20000620</load_address>
         <run_address>0x20000620</run_address>
         <size>0x1c</size>
         <input_file_ref idref="fl-cc"/>
      </object_component>
      <object_component id="oc-1b3">
         <name>.bss:dmaControlTable</name>
         <uninitialized>true</uninitialized>
         <run_address>0x20000000</run_address>
         <size>0x200</size>
         <input_file_ref idref="fl-cc"/>
      </object_component>
      <object_component id="oc-1f8">
         <name>.bss</name>
         <uninitialized>true</uninitialized>
         <run_address>0x20000618</run_address>
         <size>0x4</size>
         <input_file_ref idref="fl-cc"/>
      </object_component>
      <object_component id="oc-190">
         <name>.common:glbIO</name>
         <uninitialized>true</uninitialized>
         <run_address>0x2000061c</run_address>
         <size>0x1</size>
      </object_component>
      <object_component id="oc-1b1">
         <name>.common:glbPingADC</name>
         <uninitialized>true</uninitialized>
         <run_address>0x20000200</run_address>
         <size>0x100</size>
      </object_component>
      <object_component id="oc-1b2">
         <name>.common:glbPongADC</name>
         <uninitialized>true</uninitialized>
         <run_address>0x20000400</run_address>
         <size>0x100</size>
      </object_component>
      <object_component id="oc-1af">
         <name>.common:glbPingDAC</name>
         <uninitialized>true</uninitialized>
         <run_address>0x20000300</run_address>
         <size>0x100</size>
      </object_component>
      <object_component id="oc-1b0">
         <name>.common:glbPongDAC</name>
         <uninitialized>true</uninitialized>
         <run_address>0x20000500</run_address>
         <size>0x100</size>
      </object_component>
      <object_component id="oc-18d">
         <name>.common:glbPWMConfig</name>
         <uninitialized>true</uninitialized>
         <run_address>0x20000600</run_address>
         <size>0x18</size>
      </object_component>
      <object_component id="oc-29">
         <name>.stack</name>
         <uninitialized>true</uninitialized>
         <run_address>0x2000fe00</run_address>
         <size>0x4</size>
         <input_file_ref idref="fl-c3"/>
      </object_component>
      <object_component id="oc-45d">
         <name>.stack</name>
         <uninitialized>true</uninitialized>
         <run_address>0x2000fe00</run_address>
         <size>0x0</size>
      </object_component>
      <object_component id="oc-340">
         <name>.debug_info</name>
         <load_address>0x0</load_address>
         <run_address>0x0</run_address>
         <size>0x695</size>
         <input_file_ref idref="fl-2"/>
      </object_component>
      <object_component id="oc-9a">
         <name>.debug_info</name>
         <load_address>0x695</load_address>
         <run_address>0x695</run_address>
         <size>0x1af</size>
         <input_file_ref idref="fl-2"/>
      </object_component>
      <object_component id="oc-1ff">
         <name>.debug_info</name>
         <load_address>0x844</load_address>
         <run_address>0x844</run_address>
         <size>0x105</size>
         <input_file_ref idref="fl-2"/>
      </object_component>
      <object_component id="oc-20b">
         <name>.debug_info</name>
         <load_address>0x949</load_address>
         <run_address>0x949</run_address>
         <size>0x26b</size>
         <input_file_ref idref="fl-2"/>
      </object_component>
      <object_component id="oc-2f0">
         <name>.debug_info</name>
         <load_address>0xbb4</load_address>
         <run_address>0xbb4</run_address>
         <size>0x1055</size>
         <input_file_ref idref="fl-2"/>
      </object_component>
      <object_component id="oc-3d4">
         <name>.debug_info</name>
         <load_address>0x1c09</load_address>
         <run_address>0x1c09</run_address>
         <size>0x37e2</size>
         <input_file_ref idref="fl-2"/>
      </object_component>
      <object_component id="oc-2f5">
         <name>.debug_info</name>
         <load_address>0x53eb</load_address>
         <run_address>0x53eb</run_address>
         <size>0x8a</size>
         <input_file_ref idref="fl-2"/>
      </object_component>
      <object_component id="oc-2fa">
         <name>.debug_info</name>
         <load_address>0x5475</load_address>
         <run_address>0x5475</run_address>
         <size>0x341</size>
         <input_file_ref idref="fl-2"/>
      </object_component>
      <object_component id="oc-32">
         <name>.debug_info</name>
         <load_address>0x57b6</load_address>
         <run_address>0x57b6</run_address>
         <size>0x84</size>
         <input_file_ref idref="fl-2"/>
      </object_component>
      <object_component id="oc-341">
         <name>.debug_info</name>
         <load_address>0x583a</load_address>
         <run_address>0x583a</run_address>
         <size>0x2a4</size>
         <input_file_ref idref="fl-2"/>
      </object_component>
      <object_component id="oc-2ff">
         <name>.debug_info</name>
         <load_address>0x5ade</load_address>
         <run_address>0x5ade</run_address>
         <size>0xef</size>
         <input_file_ref idref="fl-2"/>
      </object_component>
      <object_component id="oc-204">
         <name>.debug_info</name>
         <load_address>0x5bcd</load_address>
         <run_address>0x5bcd</run_address>
         <size>0xbb</size>
         <input_file_ref idref="fl-2"/>
      </object_component>
      <object_component id="oc-2e0">
         <name>.debug_info</name>
         <load_address>0x5c88</load_address>
         <run_address>0x5c88</run_address>
         <size>0x131</size>
         <input_file_ref idref="fl-2"/>
      </object_component>
      <object_component id="oc-75">
         <name>.debug_info</name>
         <load_address>0x5db9</load_address>
         <run_address>0x5db9</run_address>
         <size>0x2d4</size>
         <input_file_ref idref="fl-3"/>
      </object_component>
      <object_component id="oc-27">
         <name>.debug_info</name>
         <load_address>0x608d</load_address>
         <run_address>0x608d</run_address>
         <size>0x100</size>
         <input_file_ref idref="fl-3"/>
      </object_component>
      <object_component id="oc-68">
         <name>.debug_info</name>
         <load_address>0x618d</load_address>
         <run_address>0x618d</run_address>
         <size>0x1c7</size>
         <input_file_ref idref="fl-3"/>
      </object_component>
      <object_component id="oc-266">
         <name>.debug_info</name>
         <load_address>0x6354</load_address>
         <run_address>0x6354</run_address>
         <size>0xf9</size>
         <input_file_ref idref="fl-4"/>
      </object_component>
      <object_component id="oc-ae">
         <name>.debug_info</name>
         <load_address>0x644d</load_address>
         <run_address>0x644d</run_address>
         <size>0x26b</size>
         <input_file_ref idref="fl-4"/>
      </object_component>
      <object_component id="oc-8c">
         <name>.debug_info</name>
         <load_address>0x66b8</load_address>
         <run_address>0x66b8</run_address>
         <size>0x2d4</size>
         <input_file_ref idref="fl-c0"/>
      </object_component>
      <object_component id="oc-4c">
         <name>.debug_info</name>
         <load_address>0x698c</load_address>
         <run_address>0x698c</run_address>
         <size>0x1b5</size>
         <input_file_ref idref="fl-c0"/>
      </object_component>
      <object_component id="oc-87">
         <name>.debug_info</name>
         <load_address>0x6b41</load_address>
         <run_address>0x6b41</run_address>
         <size>0x46</size>
         <input_file_ref idref="fl-c0"/>
      </object_component>
      <object_component id="oc-217">
         <name>.debug_info</name>
         <load_address>0x6b87</load_address>
         <run_address>0x6b87</run_address>
         <size>0x2c</size>
         <input_file_ref idref="fl-c0"/>
      </object_component>
      <object_component id="oc-42">
         <name>.debug_info</name>
         <load_address>0x6bb3</load_address>
         <run_address>0x6bb3</run_address>
         <size>0x2a8</size>
         <input_file_ref idref="fl-c1"/>
      </object_component>
      <object_component id="oc-20">
         <name>.debug_info</name>
         <load_address>0x6e5b</load_address>
         <run_address>0x6e5b</run_address>
         <size>0x1ea</size>
         <input_file_ref idref="fl-c1"/>
      </object_component>
      <object_component id="oc-3d">
         <name>.debug_info</name>
         <load_address>0x7045</load_address>
         <run_address>0x7045</run_address>
         <size>0x46</size>
         <input_file_ref idref="fl-c1"/>
      </object_component>
      <object_component id="oc-7f">
         <name>.debug_info</name>
         <load_address>0x708b</load_address>
         <run_address>0x708b</run_address>
         <size>0x2c</size>
         <input_file_ref idref="fl-c1"/>
      </object_component>
      <object_component id="oc-7d">
         <name>.debug_info</name>
         <load_address>0x70b7</load_address>
         <run_address>0x70b7</run_address>
         <size>0x29e</size>
         <input_file_ref idref="fl-c2"/>
      </object_component>
      <object_component id="oc-19">
         <name>.debug_info</name>
         <load_address>0x7355</load_address>
         <run_address>0x7355</run_address>
         <size>0x250</size>
         <input_file_ref idref="fl-c2"/>
      </object_component>
      <object_component id="oc-2d">
         <name>.debug_info</name>
         <load_address>0x75a5</load_address>
         <run_address>0x75a5</run_address>
         <size>0x60</size>
         <input_file_ref idref="fl-c2"/>
      </object_component>
      <object_component id="oc-210">
         <name>.debug_info</name>
         <load_address>0x7605</load_address>
         <run_address>0x7605</run_address>
         <size>0x46</size>
         <input_file_ref idref="fl-c2"/>
      </object_component>
      <object_component id="oc-78">
         <name>.debug_info</name>
         <load_address>0x764b</load_address>
         <run_address>0x764b</run_address>
         <size>0x39</size>
         <input_file_ref idref="fl-c2"/>
      </object_component>
      <object_component id="oc-2a">
         <name>.debug_info</name>
         <load_address>0x7684</load_address>
         <run_address>0x7684</run_address>
         <size>0x10b</size>
         <input_file_ref idref="fl-c3"/>
      </object_component>
      <object_component id="oc-57">
         <name>.debug_info</name>
         <load_address>0x778f</load_address>
         <run_address>0x778f</run_address>
         <size>0x1a9</size>
         <input_file_ref idref="fl-c3"/>
      </object_component>
      <object_component id="oc-39">
         <name>.debug_info</name>
         <load_address>0x7938</load_address>
         <run_address>0x7938</run_address>
         <size>0x119</size>
         <input_file_ref idref="fl-c4"/>
      </object_component>
      <object_component id="oc-8e">
         <name>.debug_info</name>
         <load_address>0x7a51</load_address>
         <run_address>0x7a51</run_address>
         <size>0x147</size>
         <input_file_ref idref="fl-c5"/>
      </object_component>
      <object_component id="oc-352">
         <name>.debug_info</name>
         <load_address>0x7b98</load_address>
         <run_address>0x7b98</run_address>
         <size>0x4b3</size>
         <input_file_ref idref="fl-c6"/>
      </object_component>
      <object_component id="oc-236">
         <name>.debug_info</name>
         <load_address>0x804b</load_address>
         <run_address>0x804b</run_address>
         <size>0x1a6</size>
         <input_file_ref idref="fl-c6"/>
      </object_component>
      <object_component id="oc-3e9">
         <name>.debug_info</name>
         <load_address>0x81f1</load_address>
         <run_address>0x81f1</run_address>
         <size>0x39</size>
         <input_file_ref idref="fl-c6"/>
      </object_component>
      <object_component id="oc-41c">
         <name>.debug_info</name>
         <load_address>0x822a</load_address>
         <run_address>0x822a</run_address>
         <size>0x39</size>
         <input_file_ref idref="fl-c6"/>
      </object_component>
      <object_component id="oc-3ee">
         <name>.debug_info</name>
         <load_address>0x8263</load_address>
         <run_address>0x8263</run_address>
         <size>0x39</size>
         <input_file_ref idref="fl-c6"/>
      </object_component>
      <object_component id="oc-3f3">
         <name>.debug_info</name>
         <load_address>0x829c</load_address>
         <run_address>0x829c</run_address>
         <size>0xcd</size>
         <input_file_ref idref="fl-c6"/>
      </object_component>
      <object_component id="oc-96">
         <name>.debug_info</name>
         <load_address>0x8369</load_address>
         <run_address>0x8369</run_address>
         <size>0x153</size>
         <input_file_ref idref="fl-c7"/>
      </object_component>
      <object_component id="oc-22a">
         <name>.debug_info</name>
         <load_address>0x84bc</load_address>
         <run_address>0x84bc</run_address>
         <size>0x122</size>
         <input_file_ref idref="fl-c9"/>
      </object_component>
      <object_component id="oc-18e">
         <name>.debug_info</name>
         <load_address>0x85de</load_address>
         <run_address>0x85de</run_address>
         <size>0x1428</size>
         <input_file_ref idref="fl-cc"/>
      </object_component>
      <object_component id="oc-1a7">
         <name>.debug_info</name>
         <load_address>0x9a06</load_address>
         <run_address>0x9a06</run_address>
         <size>0x240</size>
         <input_file_ref idref="fl-cc"/>
      </object_component>
      <object_component id="oc-1b4">
         <name>.debug_info</name>
         <load_address>0x9c46</load_address>
         <run_address>0x9c46</run_address>
         <size>0xe2</size>
         <input_file_ref idref="fl-cc"/>
      </object_component>
      <object_component id="oc-18b">
         <name>.debug_info</name>
         <load_address>0x9d28</load_address>
         <run_address>0x9d28</run_address>
         <size>0xd1</size>
         <input_file_ref idref="fl-cc"/>
      </object_component>
      <object_component id="oc-1a4">
         <name>.debug_info</name>
         <load_address>0x9df9</load_address>
         <run_address>0x9df9</run_address>
         <size>0xd1</size>
         <input_file_ref idref="fl-cc"/>
      </object_component>
      <object_component id="oc-6f">
         <name>.debug_info</name>
         <load_address>0x9eca</load_address>
         <run_address>0x9eca</run_address>
         <size>0x280c</size>
         <input_file_ref idref="fl-cc"/>
      </object_component>
      <object_component id="oc-309">
         <name>.debug_info</name>
         <load_address>0xc6d6</load_address>
         <run_address>0xc6d6</run_address>
         <size>0x6d</size>
         <input_file_ref idref="fl-cc"/>
      </object_component>
      <object_component id="oc-2eb">
         <name>.debug_info</name>
         <load_address>0xc743</load_address>
         <run_address>0xc743</run_address>
         <size>0x37e2</size>
         <input_file_ref idref="fl-cc"/>
      </object_component>
      <object_component id="oc-30e">
         <name>.debug_info</name>
         <load_address>0xff25</load_address>
         <run_address>0xff25</run_address>
         <size>0x103</size>
         <input_file_ref idref="fl-cc"/>
      </object_component>
      <object_component id="oc-1fa">
         <name>.debug_info</name>
         <load_address>0x10028</load_address>
         <run_address>0x10028</run_address>
         <size>0x8b</size>
         <input_file_ref idref="fl-cc"/>
      </object_component>
      <object_component id="oc-304">
         <name>.debug_info</name>
         <load_address>0x100b3</load_address>
         <run_address>0x100b3</run_address>
         <size>0x35</size>
         <input_file_ref idref="fl-cc"/>
      </object_component>
      <object_component id="oc-3cc">
         <name>.debug_info</name>
         <load_address>0x100e8</load_address>
         <run_address>0x100e8</run_address>
         <size>0x768</size>
         <input_file_ref idref="fl-cd"/>
      </object_component>
      <object_component id="oc-2dd">
         <name>.debug_info</name>
         <load_address>0x10850</load_address>
         <run_address>0x10850</run_address>
         <size>0xd1</size>
         <input_file_ref idref="fl-cd"/>
      </object_component>
      <object_component id="oc-17a">
         <name>.debug_info</name>
         <load_address>0x10921</load_address>
         <run_address>0x10921</run_address>
         <size>0x48f</size>
         <input_file_ref idref="fl-cd"/>
      </object_component>
      <object_component id="oc-414">
         <name>.debug_info</name>
         <load_address>0x10db0</load_address>
         <run_address>0x10db0</run_address>
         <size>0x37e2</size>
         <input_file_ref idref="fl-cd"/>
      </object_component>
      <object_component id="oc-2ac">
         <name>.debug_info</name>
         <load_address>0x14592</load_address>
         <run_address>0x14592</run_address>
         <size>0x706</size>
         <input_file_ref idref="fl-ce"/>
      </object_component>
      <object_component id="oc-2a9">
         <name>.debug_info</name>
         <load_address>0x14c98</load_address>
         <run_address>0x14c98</run_address>
         <size>0x124</size>
         <input_file_ref idref="fl-ce"/>
      </object_component>
      <object_component id="oc-2a3">
         <name>.debug_info</name>
         <load_address>0x14dbc</load_address>
         <run_address>0x14dbc</run_address>
         <size>0x1d9</size>
         <input_file_ref idref="fl-ce"/>
      </object_component>
      <object_component id="oc-29a">
         <name>.debug_info</name>
         <load_address>0x14f95</load_address>
         <run_address>0x14f95</run_address>
         <size>0x1b8</size>
         <input_file_ref idref="fl-ce"/>
      </object_component>
      <object_component id="oc-11a">
         <name>.debug_info</name>
         <load_address>0x1514d</load_address>
         <run_address>0x1514d</run_address>
         <size>0x1ad</size>
         <input_file_ref idref="fl-ce"/>
      </object_component>
      <object_component id="oc-126">
         <name>.debug_info</name>
         <load_address>0x152fa</load_address>
         <run_address>0x152fa</run_address>
         <size>0x233</size>
         <input_file_ref idref="fl-ce"/>
      </object_component>
      <object_component id="oc-121">
         <name>.debug_info</name>
         <load_address>0x1552d</load_address>
         <run_address>0x1552d</run_address>
         <size>0x2fa</size>
         <input_file_ref idref="fl-ce"/>
      </object_component>
      <object_component id="oc-13f">
         <name>.debug_info</name>
         <load_address>0x15827</load_address>
         <run_address>0x15827</run_address>
         <size>0x1ea</size>
         <input_file_ref idref="fl-ce"/>
      </object_component>
      <object_component id="oc-12d">
         <name>.debug_info</name>
         <load_address>0x15a11</load_address>
         <run_address>0x15a11</run_address>
         <size>0x24d</size>
         <input_file_ref idref="fl-ce"/>
      </object_component>
      <object_component id="oc-133">
         <name>.debug_info</name>
         <load_address>0x15c5e</load_address>
         <run_address>0x15c5e</run_address>
         <size>0x29b</size>
         <input_file_ref idref="fl-ce"/>
      </object_component>
      <object_component id="oc-1b9">
         <name>.debug_info</name>
         <load_address>0x15ef9</load_address>
         <run_address>0x15ef9</run_address>
         <size>0x1d9</size>
         <input_file_ref idref="fl-ce"/>
      </object_component>
      <object_component id="oc-1bf">
         <name>.debug_info</name>
         <load_address>0x160d2</load_address>
         <run_address>0x160d2</run_address>
         <size>0x1ca</size>
         <input_file_ref idref="fl-ce"/>
      </object_component>
      <object_component id="oc-1c5">
         <name>.debug_info</name>
         <load_address>0x1629c</load_address>
         <run_address>0x1629c</run_address>
         <size>0x1a8</size>
         <input_file_ref idref="fl-ce"/>
      </object_component>
      <object_component id="oc-139">
         <name>.debug_info</name>
         <load_address>0x16444</load_address>
         <run_address>0x16444</run_address>
         <size>0x38b</size>
         <input_file_ref idref="fl-ce"/>
      </object_component>
      <object_component id="oc-1a0">
         <name>.debug_info</name>
         <load_address>0x167cf</load_address>
         <run_address>0x167cf</run_address>
         <size>0x22f</size>
         <input_file_ref idref="fl-ce"/>
      </object_component>
      <object_component id="oc-145">
         <name>.debug_info</name>
         <load_address>0x169fe</load_address>
         <run_address>0x169fe</run_address>
         <size>0x1eb</size>
         <input_file_ref idref="fl-ce"/>
      </object_component>
      <object_component id="oc-316">
         <name>.debug_info</name>
         <load_address>0x16be9</load_address>
         <run_address>0x16be9</run_address>
         <size>0x1d6</size>
         <input_file_ref idref="fl-ce"/>
      </object_component>
      <object_component id="oc-194">
         <name>.debug_info</name>
         <load_address>0x16dbf</load_address>
         <run_address>0x16dbf</run_address>
         <size>0x1ff</size>
         <input_file_ref idref="fl-ce"/>
      </object_component>
      <object_component id="oc-19a">
         <name>.debug_info</name>
         <load_address>0x16fbe</load_address>
         <run_address>0x16fbe</run_address>
         <size>0x1f1</size>
         <input_file_ref idref="fl-ce"/>
      </object_component>
      <object_component id="oc-38d">
         <name>.debug_info</name>
         <load_address>0x171af</load_address>
         <run_address>0x171af</run_address>
         <size>0x431a</size>
         <input_file_ref idref="fl-ce"/>
      </object_component>
      <object_component id="oc-39c">
         <name>.debug_info</name>
         <load_address>0x1b4c9</load_address>
         <run_address>0x1b4c9</run_address>
         <size>0x26b</size>
         <input_file_ref idref="fl-ce"/>
      </object_component>
      <object_component id="oc-392">
         <name>.debug_info</name>
         <load_address>0x1b734</load_address>
         <run_address>0x1b734</run_address>
         <size>0x1028</size>
         <input_file_ref idref="fl-ce"/>
      </object_component>
      <object_component id="oc-36c">
         <name>.debug_info</name>
         <load_address>0x1c75c</load_address>
         <run_address>0x1c75c</run_address>
         <size>0x297</size>
         <input_file_ref idref="fl-ce"/>
      </object_component>
      <object_component id="oc-26d">
         <name>.debug_info</name>
         <load_address>0x1c9f3</load_address>
         <run_address>0x1c9f3</run_address>
         <size>0xef</size>
         <input_file_ref idref="fl-ce"/>
      </object_component>
      <object_component id="oc-272">
         <name>.debug_info</name>
         <load_address>0x1cae2</load_address>
         <run_address>0x1cae2</run_address>
         <size>0xbb</size>
         <input_file_ref idref="fl-ce"/>
      </object_component>
      <object_component id="oc-e3">
         <name>.debug_info</name>
         <load_address>0x1cb9d</load_address>
         <run_address>0x1cb9d</run_address>
         <size>0x29d</size>
         <input_file_ref idref="fl-cf"/>
      </object_component>
      <object_component id="oc-de">
         <name>.debug_info</name>
         <load_address>0x1ce3a</load_address>
         <run_address>0x1ce3a</run_address>
         <size>0x1e5</size>
         <input_file_ref idref="fl-cf"/>
      </object_component>
      <object_component id="oc-2b1">
         <name>.debug_info</name>
         <load_address>0x1d01f</load_address>
         <run_address>0x1d01f</run_address>
         <size>0x6f0</size>
         <input_file_ref idref="fl-d0"/>
      </object_component>
      <object_component id="oc-14c">
         <name>.debug_info</name>
         <load_address>0x1d70f</load_address>
         <run_address>0x1d70f</run_address>
         <size>0x1a3</size>
         <input_file_ref idref="fl-d0"/>
      </object_component>
      <object_component id="oc-188">
         <name>.debug_info</name>
         <load_address>0x1d8b2</load_address>
         <run_address>0x1d8b2</run_address>
         <size>0x1ab</size>
         <input_file_ref idref="fl-d0"/>
      </object_component>
      <object_component id="oc-1d8">
         <name>.debug_info</name>
         <load_address>0x1da5d</load_address>
         <run_address>0x1da5d</run_address>
         <size>0x1e0</size>
         <input_file_ref idref="fl-d0"/>
      </object_component>
      <object_component id="oc-152">
         <name>.debug_info</name>
         <load_address>0x1dc3d</load_address>
         <run_address>0x1dc3d</run_address>
         <size>0x1ea</size>
         <input_file_ref idref="fl-d0"/>
      </object_component>
      <object_component id="oc-158">
         <name>.debug_info</name>
         <load_address>0x1de27</load_address>
         <run_address>0x1de27</run_address>
         <size>0x218</size>
         <input_file_ref idref="fl-d0"/>
      </object_component>
      <object_component id="oc-182">
         <name>.debug_info</name>
         <load_address>0x1e03f</load_address>
         <run_address>0x1e03f</run_address>
         <size>0x205</size>
         <input_file_ref idref="fl-d0"/>
      </object_component>
      <object_component id="oc-15e">
         <name>.debug_info</name>
         <load_address>0x1e244</load_address>
         <run_address>0x1e244</run_address>
         <size>0x24c</size>
         <input_file_ref idref="fl-d0"/>
      </object_component>
      <object_component id="oc-164">
         <name>.debug_info</name>
         <load_address>0x1e490</load_address>
         <run_address>0x1e490</run_address>
         <size>0x326</size>
         <input_file_ref idref="fl-d0"/>
      </object_component>
      <object_component id="oc-170">
         <name>.debug_info</name>
         <load_address>0x1e7b6</load_address>
         <run_address>0x1e7b6</run_address>
         <size>0x1d7</size>
         <input_file_ref idref="fl-d0"/>
      </object_component>
      <object_component id="oc-16a">
         <name>.debug_info</name>
         <load_address>0x1e98d</load_address>
         <run_address>0x1e98d</run_address>
         <size>0x244</size>
         <input_file_ref idref="fl-d0"/>
      </object_component>
      <object_component id="oc-2b9">
         <name>.debug_info</name>
         <load_address>0x1ebd1</load_address>
         <run_address>0x1ebd1</run_address>
         <size>0x1fb</size>
         <input_file_ref idref="fl-d0"/>
      </object_component>
      <object_component id="oc-3ac">
         <name>.debug_info</name>
         <load_address>0x1edcc</load_address>
         <run_address>0x1edcc</run_address>
         <size>0x8a</size>
         <input_file_ref idref="fl-d0"/>
      </object_component>
      <object_component id="oc-d8">
         <name>.debug_info</name>
         <load_address>0x1ee56</load_address>
         <run_address>0x1ee56</run_address>
         <size>0x224</size>
         <input_file_ref idref="fl-d1"/>
      </object_component>
      <object_component id="oc-36b">
         <name>.debug_info</name>
         <load_address>0x1f07a</load_address>
         <run_address>0x1f07a</run_address>
         <size>0x701</size>
         <input_file_ref idref="fl-d2"/>
      </object_component>
      <object_component id="oc-26a">
         <name>.debug_info</name>
         <load_address>0x1f77b</load_address>
         <run_address>0x1f77b</run_address>
         <size>0x135</size>
         <input_file_ref idref="fl-d2"/>
      </object_component>
      <object_component id="oc-bb">
         <name>.debug_info</name>
         <load_address>0x1f8b0</load_address>
         <run_address>0x1f8b0</run_address>
         <size>0x252</size>
         <input_file_ref idref="fl-d2"/>
      </object_component>
      <object_component id="oc-c7">
         <name>.debug_info</name>
         <load_address>0x1fb02</load_address>
         <run_address>0x1fb02</run_address>
         <size>0x250</size>
         <input_file_ref idref="fl-d2"/>
      </object_component>
      <object_component id="oc-2c1">
         <name>.debug_info</name>
         <load_address>0x1fd52</load_address>
         <run_address>0x1fd52</run_address>
         <size>0x2a5</size>
         <input_file_ref idref="fl-d2"/>
      </object_component>
      <object_component id="oc-b5">
         <name>.debug_info</name>
         <load_address>0x1fff7</load_address>
         <run_address>0x1fff7</run_address>
         <size>0x2a3</size>
         <input_file_ref idref="fl-d2"/>
      </object_component>
      <object_component id="oc-cd">
         <name>.debug_info</name>
         <load_address>0x2029a</load_address>
         <run_address>0x2029a</run_address>
         <size>0x25a</size>
         <input_file_ref idref="fl-d2"/>
      </object_component>
      <object_component id="oc-c0">
         <name>.debug_info</name>
         <load_address>0x204f4</load_address>
         <run_address>0x204f4</run_address>
         <size>0x258</size>
         <input_file_ref idref="fl-d2"/>
      </object_component>
      <object_component id="oc-ea">
         <name>.debug_info</name>
         <load_address>0x2074c</load_address>
         <run_address>0x2074c</run_address>
         <size>0x274</size>
         <input_file_ref idref="fl-d2"/>
      </object_component>
      <object_component id="oc-f0">
         <name>.debug_info</name>
         <load_address>0x209c0</load_address>
         <run_address>0x209c0</run_address>
         <size>0x27e</size>
         <input_file_ref idref="fl-d2"/>
      </object_component>
      <object_component id="oc-3a3">
         <name>.debug_info</name>
         <load_address>0x20c3e</load_address>
         <run_address>0x20c3e</run_address>
         <size>0x68f</size>
         <input_file_ref idref="fl-d3"/>
      </object_component>
      <object_component id="oc-291">
         <name>.debug_info</name>
         <load_address>0x212cd</load_address>
         <run_address>0x212cd</run_address>
         <size>0x12e</size>
         <input_file_ref idref="fl-d3"/>
      </object_component>
      <object_component id="oc-1c9">
         <name>.debug_info</name>
         <load_address>0x213fb</load_address>
         <run_address>0x213fb</run_address>
         <size>0x1d5</size>
         <input_file_ref idref="fl-d3"/>
      </object_component>
      <object_component id="oc-102">
         <name>.debug_info</name>
         <load_address>0x215d0</load_address>
         <run_address>0x215d0</run_address>
         <size>0x219</size>
         <input_file_ref idref="fl-d3"/>
      </object_component>
      <object_component id="oc-27d">
         <name>.debug_info</name>
         <load_address>0x217e9</load_address>
         <run_address>0x217e9</run_address>
         <size>0x3a5</size>
         <input_file_ref idref="fl-d4"/>
      </object_component>
      <object_component id="oc-d2">
         <name>.debug_info</name>
         <load_address>0x21b8e</load_address>
         <run_address>0x21b8e</run_address>
         <size>0x220</size>
         <input_file_ref idref="fl-d4"/>
      </object_component>
      <object_component id="oc-373">
         <name>.debug_info</name>
         <load_address>0x21dae</load_address>
         <run_address>0x21dae</run_address>
         <size>0x1eb</size>
         <input_file_ref idref="fl-d4"/>
      </object_component>
      <object_component id="oc-379">
         <name>.debug_info</name>
         <load_address>0x21f99</load_address>
         <run_address>0x21f99</run_address>
         <size>0x1f9</size>
         <input_file_ref idref="fl-d4"/>
      </object_component>
      <object_component id="oc-401">
         <name>.debug_info</name>
         <load_address>0x22192</load_address>
         <run_address>0x22192</run_address>
         <size>0x346</size>
         <input_file_ref idref="fl-d4"/>
      </object_component>
      <object_component id="oc-385">
         <name>.debug_info</name>
         <load_address>0x224d8</load_address>
         <run_address>0x224d8</run_address>
         <size>0x202</size>
         <input_file_ref idref="fl-d4"/>
      </object_component>
      <object_component id="oc-1d1">
         <name>.debug_info</name>
         <load_address>0x226da</load_address>
         <run_address>0x226da</run_address>
         <size>0x1b0</size>
         <input_file_ref idref="fl-d4"/>
      </object_component>
      <object_component id="oc-380">
         <name>.debug_info</name>
         <load_address>0x2288a</load_address>
         <run_address>0x2288a</run_address>
         <size>0x1ac</size>
         <input_file_ref idref="fl-d4"/>
      </object_component>
      <object_component id="oc-3ba">
         <name>.debug_info</name>
         <load_address>0x22a36</load_address>
         <run_address>0x22a36</run_address>
         <size>0x6f5</size>
         <input_file_ref idref="fl-d6"/>
      </object_component>
      <object_component id="oc-3b4">
         <name>.debug_info</name>
         <load_address>0x2312b</load_address>
         <run_address>0x2312b</run_address>
         <size>0x1c7</size>
         <input_file_ref idref="fl-d6"/>
      </object_component>
      <object_component id="oc-2c5">
         <name>.debug_info</name>
         <load_address>0x232f2</load_address>
         <run_address>0x232f2</run_address>
         <size>0x22b</size>
         <input_file_ref idref="fl-d6"/>
      </object_component>
      <object_component id="oc-2cb">
         <name>.debug_info</name>
         <load_address>0x2351d</load_address>
         <run_address>0x2351d</run_address>
         <size>0x235</size>
         <input_file_ref idref="fl-d6"/>
      </object_component>
      <object_component id="oc-2d7">
         <name>.debug_info</name>
         <load_address>0x23752</load_address>
         <run_address>0x23752</run_address>
         <size>0x238</size>
         <input_file_ref idref="fl-d6"/>
      </object_component>
      <object_component id="oc-3c2">
         <name>.debug_info</name>
         <load_address>0x2398a</load_address>
         <run_address>0x2398a</run_address>
         <size>0x1e9</size>
         <input_file_ref idref="fl-d6"/>
      </object_component>
      <object_component id="oc-2d1">
         <name>.debug_info</name>
         <load_address>0x23b73</load_address>
         <run_address>0x23b73</run_address>
         <size>0x1ed</size>
         <input_file_ref idref="fl-d6"/>
      </object_component>
      <object_component id="oc-3bc">
         <name>.debug_info</name>
         <load_address>0x23d60</load_address>
         <run_address>0x23d60</run_address>
         <size>0x1e9</size>
         <input_file_ref idref="fl-d6"/>
      </object_component>
      <object_component id="oc-40b">
         <name>.debug_info</name>
         <load_address>0x23f49</load_address>
         <run_address>0x23f49</run_address>
         <size>0x131</size>
         <input_file_ref idref="fl-d6"/>
      </object_component>
      <object_component id="oc-1aa">
         <name>.debug_info</name>
         <load_address>0x2407a</load_address>
         <run_address>0x2407a</run_address>
         <size>0x26f</size>
         <input_file_ref idref="fl-d9"/>
      </object_component>
      <object_component id="oc-1ed">
         <name>.debug_info</name>
         <load_address>0x242e9</load_address>
         <run_address>0x242e9</run_address>
         <size>0x1fd</size>
         <input_file_ref idref="fl-d9"/>
      </object_component>
      <object_component id="oc-1e1">
         <name>.debug_info</name>
         <load_address>0x244e6</load_address>
         <run_address>0x244e6</run_address>
         <size>0x1da</size>
         <input_file_ref idref="fl-d9"/>
      </object_component>
      <object_component id="oc-1f3">
         <name>.debug_info</name>
         <load_address>0x246c0</load_address>
         <run_address>0x246c0</run_address>
         <size>0x209</size>
         <input_file_ref idref="fl-d9"/>
      </object_component>
      <object_component id="oc-1db">
         <name>.debug_info</name>
         <load_address>0x248c9</load_address>
         <run_address>0x248c9</run_address>
         <size>0x1d8</size>
         <input_file_ref idref="fl-d9"/>
      </object_component>
      <object_component id="oc-28e">
         <name>.debug_info</name>
         <load_address>0x24aa1</load_address>
         <run_address>0x24aa1</run_address>
         <size>0x725</size>
         <input_file_ref idref="fl-da"/>
      </object_component>
      <object_component id="oc-288">
         <name>.debug_info</name>
         <load_address>0x251c6</load_address>
         <run_address>0x251c6</run_address>
         <size>0x25e</size>
         <input_file_ref idref="fl-da"/>
      </object_component>
      <object_component id="oc-10d">
         <name>.debug_info</name>
         <load_address>0x25424</load_address>
         <run_address>0x25424</run_address>
         <size>0x215</size>
         <input_file_ref idref="fl-da"/>
      </object_component>
      <object_component id="oc-107">
         <name>.debug_info</name>
         <load_address>0x25639</load_address>
         <run_address>0x25639</run_address>
         <size>0x1dd</size>
         <input_file_ref idref="fl-da"/>
      </object_component>
      <object_component id="oc-f5">
         <name>.debug_info</name>
         <load_address>0x25816</load_address>
         <run_address>0x25816</run_address>
         <size>0x248</size>
         <input_file_ref idref="fl-da"/>
      </object_component>
      <object_component id="oc-113">
         <name>.debug_info</name>
         <load_address>0x25a5e</load_address>
         <run_address>0x25a5e</run_address>
         <size>0x1db</size>
         <input_file_ref idref="fl-da"/>
      </object_component>
      <object_component id="oc-173">
         <name>.debug_info</name>
         <load_address>0x25c39</load_address>
         <run_address>0x25c39</run_address>
         <size>0x27c</size>
         <input_file_ref idref="fl-da"/>
      </object_component>
      <object_component id="oc-fb">
         <name>.debug_info</name>
         <load_address>0x25eb5</load_address>
         <run_address>0x25eb5</run_address>
         <size>0x27e</size>
         <input_file_ref idref="fl-da"/>
      </object_component>
      <object_component id="oc-397">
         <name>.debug_info</name>
         <load_address>0x26133</load_address>
         <run_address>0x26133</run_address>
         <size>0x341</size>
         <input_file_ref idref="fl-da"/>
      </object_component>
      <object_component id="oc-221">
         <name>.debug_info</name>
         <load_address>0x26474</load_address>
         <run_address>0x26474</run_address>
         <size>0x1c9</size>
         <input_file_ref idref="fl-db"/>
      </object_component>
      <object_component id="oc-327">
         <name>.debug_info</name>
         <load_address>0x2663d</load_address>
         <run_address>0x2663d</run_address>
         <size>0x19a</size>
         <input_file_ref idref="fl-dc"/>
      </object_component>
      <object_component id="oc-32e">
         <name>.debug_info</name>
         <load_address>0x267d7</load_address>
         <run_address>0x267d7</run_address>
         <size>0x194</size>
         <input_file_ref idref="fl-dc"/>
      </object_component>
      <object_component id="oc-338">
         <name>.debug_info</name>
         <load_address>0x2696b</load_address>
         <run_address>0x2696b</run_address>
         <size>0x2ba</size>
         <input_file_ref idref="fl-dd"/>
      </object_component>
      <object_component id="oc-1e7">
         <name>.debug_info</name>
         <load_address>0x26c25</load_address>
         <run_address>0x26c25</run_address>
         <size>0x26f</size>
         <input_file_ref idref="fl-dd"/>
      </object_component>
      <object_component id="oc-339">
         <name>.debug_info</name>
         <load_address>0x26e94</load_address>
         <run_address>0x26e94</run_address>
         <size>0x2c</size>
         <input_file_ref idref="fl-dd"/>
      </object_component>
      <object_component id="oc-45e">
         <name>.debug_info</name>
         <load_address>0x26ec0</load_address>
         <run_address>0x26ec0</run_address>
         <size>0xa5</size>
      </object_component>
      <object_component id="oc-3d3">
         <name>.debug_line</name>
         <load_address>0x0</load_address>
         <run_address>0x0</run_address>
         <size>0xb4</size>
         <input_file_ref idref="fl-2"/>
      </object_component>
      <object_component id="oc-9d">
         <name>.debug_line</name>
         <load_address>0xb4</load_address>
         <run_address>0xb4</run_address>
         <size>0x4e</size>
         <input_file_ref idref="fl-2"/>
      </object_component>
      <object_component id="oc-202">
         <name>.debug_line</name>
         <load_address>0x102</load_address>
         <run_address>0x102</run_address>
         <size>0x59</size>
         <input_file_ref idref="fl-2"/>
      </object_component>
      <object_component id="oc-20e">
         <name>.debug_line</name>
         <load_address>0x15b</load_address>
         <run_address>0x15b</run_address>
         <size>0x6f</size>
         <input_file_ref idref="fl-2"/>
      </object_component>
      <object_component id="oc-2f3">
         <name>.debug_line</name>
         <load_address>0x1ca</load_address>
         <run_address>0x1ca</run_address>
         <size>0x5b</size>
         <input_file_ref idref="fl-2"/>
      </object_component>
      <object_component id="oc-3d7">
         <name>.debug_line</name>
         <load_address>0x225</load_address>
         <run_address>0x225</run_address>
         <size>0x58</size>
         <input_file_ref idref="fl-2"/>
      </object_component>
      <object_component id="oc-2f8">
         <name>.debug_line</name>
         <load_address>0x27d</load_address>
         <run_address>0x27d</run_address>
         <size>0x79</size>
         <input_file_ref idref="fl-2"/>
      </object_component>
      <object_component id="oc-2fd">
         <name>.debug_line</name>
         <load_address>0x2f6</load_address>
[...]
         <name>dutypinhigh</name>
         <value>0x1f5</value>
         <object_component_ref idref="oc-6d"/>
      </symbol>
      <symbol id="sm-2ca">
         <name>initClock</name>
         <value>0x15f</value>
         <object_component_ref idref="oc-6d"/>
      </symbol>
      <symbol id="sm-2cb">
         <name>configureSampleclock</name>
         <value>0x381</value>
         <object_component_ref idref="oc-6d"/>
      </symbol>
      <symbol id="sm-2cc">
         <name>xlaudio_run</name>
         <value>0x8a9</value>
         <object_component_ref idref="oc-6d"/>
      </symbol>
      <symbol id="sm-2cd">
         <name>xlaudio_colorledoff</name>
         <value>0x2c1</value>
         <object_component_ref idref="oc-6d"/>
      </symbol>
      <symbol id="sm-2ce">
         <name>stopSampleClock</name>
         <value>0x47f</value>
         <object_component_ref idref="oc-6d"/>
      </symbol>
      <symbol id="sm-2cf">
         <name>TA0_N_IRQHandler</name>
         <value>0x5a9</value>
         <object_component_ref idref="oc-6d"/>
      </symbol>
      <symbol id="sm-2d0">
         <name>xlaudio_debugpinlow</name>
         <value>0x1d5</value>
         <object_component_ref idref="oc-6d"/>
      </symbol>
      <symbol id="sm-2d1">
         <name>xlaudio_measurePerfBuffer</name>
         <value>0xab5</value>
         <object_component_ref idref="oc-6d"/>
      </symbol>
      <symbol id="sm-2d2">
         <name>initMic</name>
         <value>0xe5</value>
         <object_component_ref idref="oc-6d"/>
      </symbol>
      <symbol id="sm-2d3">
         <name>configureBuffer</name>
         <value>0x3f3</value>
         <object_component_ref idref="oc-6d"/>
      </symbol>
      <symbol id="sm-2d4">
         <name>debugpininit</name>
         <value>0x1b5</value>
         <object_component_ref idref="oc-6d"/>
      </symbol>
      <symbol id="sm-2f9">
         <name>DAC8311_updateDacOut</name>
         <value>0x1879</value>
         <object_component_ref idref="oc-178"/>
      </symbol>
      <symbol id="sm-2fa">
         <name>DAC8311_init</name>
         <value>0x17e1</value>
         <object_component_ref idref="oc-178"/>
      </symbol>
      <symbol id="sm-2fb">
         <name>DAC8311_setLowPowerMode</name>
         <value>0x1895</value>
         <object_component_ref idref="oc-178"/>
      </symbol>
      <symbol id="sm-424">
         <name>ADC14_configureSingleSampleMode</name>
         <value>0x20d5</value>
         <object_component_ref idref="oc-130"/>
      </symbol>
      <symbol id="sm-425">
         <name>ADC14_enableInterrupt</name>
         <value>0x2571</value>
         <object_component_ref idref="oc-142"/>
      </symbol>
      <symbol id="sm-426">
         <name>ADC14_getInterruptStatus</name>
         <value>0x25d1</value>
         <object_component_ref idref="oc-313"/>
      </symbol>
      <symbol id="sm-427">
         <name>ADC14_enableSampleTimer</name>
         <value>0x2471</value>
         <object_component_ref idref="oc-124"/>
      </symbol>
      <symbol id="sm-428">
         <name>ADC14_enableConversion</name>
         <value>0x26ad</value>
         <object_component_ref idref="oc-1b6"/>
      </symbol>
      <symbol id="sm-429">
         <name>ADC14_setResolution</name>
         <value>0x2799</value>
         <object_component_ref idref="oc-13c"/>
      </symbol>
      <symbol id="sm-42a">
         <name>ADC14_toggleConversionTrigger</name>
         <value>0x25fd</value>
         <object_component_ref idref="oc-1bc"/>
      </symbol>
      <symbol id="sm-42b">
         <name>ADC14_isBusy</name>
         <value>0x28cd</value>
         <object_component_ref idref="oc-1c2"/>
      </symbol>
      <symbol id="sm-42c">
         <name>ADC14_getEnabledInterruptStatus</name>
         <value>0x2401</value>
         <object_component_ref idref="oc-191"/>
      </symbol>
      <symbol id="sm-42d">
         <name>ADC14_initModule</name>
         <value>0x2185</value>
         <object_component_ref idref="oc-11e"/>
      </symbol>
      <symbol id="sm-42e">
         <name>ADC14_setSampleHoldTrigger</name>
         <value>0x2271</value>
         <object_component_ref idref="oc-12a"/>
      </symbol>
      <symbol id="sm-42f">
         <name>ADC14_clearInterruptFlag</name>
         <value>0x2541</value>
         <object_component_ref idref="oc-197"/>
      </symbol>
      <symbol id="sm-430">
         <name>ADC14_configureConversionMemory</name>
         <value>0x1989</value>
         <object_component_ref idref="oc-136"/>
      </symbol>
      <symbol id="sm-431">
         <name>ADC14_enableModule</name>
         <value>0x2949</value>
         <object_component_ref idref="oc-118"/>
      </symbol>
      <symbol id="sm-432">
         <name>ADC14_getResult</name>
         <value>0x26d5</value>
         <object_component_ref idref="oc-19d"/>
      </symbol>
      <symbol id="sm-461">
         <name>CS_setDCOCenteredFrequency</name>
         <value>0x24a5</value>
         <object_component_ref idref="oc-dc"/>
      </symbol>
      <symbol id="sm-462">
         <name>CS_initClockSignal</name>
         <value>0x14b9</value>
         <object_component_ref idref="oc-e2"/>
      </symbol>
      <symbol id="sm-52b">
         <name>DMA_assignInterrupt</name>
         <value>0x1fbd</value>
         <object_component_ref idref="oc-166"/>
      </symbol>
      <symbol id="sm-52c">
         <name>DMA_getChannelAttribute</name>
         <value>0x1c99</value>
         <object_component_ref idref="oc-17e"/>
      </symbol>
      <symbol id="sm-52d">
         <name>DMA_enableModule</name>
         <value>0x296d</value>
         <object_component_ref idref="oc-148"/>
      </symbol>
      <symbol id="sm-52e">
         <name>DMA_enableInterrupt</name>
         <value>0x21d9</value>
         <object_component_ref idref="oc-2b5"/>
      </symbol>
      <symbol id="sm-52f">
         <name>DMA_setChannelTransfer</name>
         <value>0x16f1</value>
         <object_component_ref idref="oc-160"/>
      </symbol>
      <symbol id="sm-530">
         <name>DMA_setChannelControl</name>
         <value>0x23c5</value>
         <object_component_ref idref="oc-15a"/>
      </symbol>
      <symbol id="sm-531">
         <name>DMA_setControlBase</name>
         <value>0x287d</value>
         <object_component_ref idref="oc-14e"/>
      </symbol>
      <symbol id="sm-532">
         <name>DMA_enableChannel</name>
         <value>0x27b9</value>
         <object_component_ref idref="oc-1d4"/>
      </symbol>
      <symbol id="sm-533">
         <name>DMA_disableChannelAttribute</name>
         <value>0x1f59</value>
         <object_component_ref idref="oc-154"/>
      </symbol>
      <symbol id="sm-534">
         <name>DMA_assignChannel</name>
         <value>0xea9</value>
         <object_component_ref idref="oc-16c"/>
      </symbol>
      <symbol id="sm-535">
         <name>DMA_clearErrorStatus</name>
         <value>0x2961</value>
         <object_component_ref idref="oc-184"/>
      </symbol>
      <symbol id="sm-544">
         <name>FlashCtl_setWaitState</name>
         <value>0x22b9</value>
         <object_component_ref idref="oc-d6"/>
      </symbol>
      <symbol id="sm-5ac">
         <name>GPIO_setAsInputPin</name>
         <value>0x2225</value>
         <object_component_ref idref="oc-c4"/>
      </symbol>
      <symbol id="sm-5ad">
         <name>GPIO_setOutputHighOnPin</name>
         <value>0x26fd</value>
         <object_component_ref idref="oc-ca"/>
      </symbol>
      <symbol id="sm-5ae">
         <name>GPIO_setAsInputPinWithPullUpResistor</name>
         <value>0x212d</value>
         <object_component_ref idref="oc-e8"/>
      </symbol>
      <symbol id="sm-5af">
         <name>GPIO_setAsOutputPin</name>
         <value>0x2345</value>
         <object_component_ref idref="oc-b8"/>
      </symbol>
      <symbol id="sm-5b0">
         <name>GPIO_setOutputLowOnPin</name>
         <value>0x2725</value>
         <object_component_ref idref="oc-be"/>
      </symbol>
      <symbol id="sm-5b1">
         <name>GPIO_setAsPeripheralModuleFunctionOutputPin</name>
         <value>0x1c11</value>
         <object_component_ref idref="oc-2be"/>
      </symbol>
      <symbol id="sm-5b2">
         <name>GPIO_getInputPinValue</name>
         <value>0x25a1</value>
         <object_component_ref idref="oc-ee"/>
      </symbol>
      <symbol id="sm-5b3">
         <name>GPIO_setAsPeripheralModuleFunctionInputPin</name>
         <value>0x1b89</value>
         <object_component_ref idref="oc-b2"/>
      </symbol>
      <symbol id="sm-5d9">
         <name>Interrupt_enableMaster</name>
         <value>0x28ed</value>
         <object_component_ref idref="oc-1c8"/>
      </symbol>
      <symbol id="sm-5da">
         <name>Interrupt_enableInterrupt</name>
         <value>0x1d19</value>
         <object_component_ref idref="oc-100"/>
      </symbol>
      <symbol id="sm-665">
         <name>PCM_setCoreVoltageLevel</name>
         <value>0x28fd</value>
         <object_component_ref idref="oc-d0"/>
      </symbol>
      <symbol id="sm-666">
         <name>PCM_getCoreVoltageLevel</name>
         <value>0x201d</value>
         <object_component_ref idref="oc-377"/>
      </symbol>
      <symbol id="sm-667">
         <name>PCM_getPowerMode</name>
         <value>0x207b</value>
         <object_component_ref idref="oc-371"/>
      </symbol>
      <symbol id="sm-668">
         <name>PCM_getPowerState</name>
         <value>0x2891</value>
         <object_component_ref idref="oc-37d"/>
      </symbol>
      <symbol id="sm-669">
         <name>PCM_gotoLPM0</name>
         <value>0x274d</value>
         <object_component_ref idref="oc-1ce"/>
      </symbol>
      <symbol id="sm-66a">
         <name>PCM_setPowerMode</name>
         <value>0x290d</value>
         <object_component_ref idref="oc-383"/>
      </symbol>
      <symbol id="sm-6bd">
         <name>EUSCI_B_SPI_isBusy</name>
         <value>0x27d5</value>
         <object_component_ref idref="oc-2d0"/>
      </symbol>
      <symbol id="sm-6be">
         <name>EUSCI_B_SPI_enable</name>
         <value>0x283b</value>
         <object_component_ref idref="oc-3c1"/>
      </symbol>
      <symbol id="sm-6bf">
         <name>SPI_enableModule</name>
         <value>0x27f1</value>
         <object_component_ref idref="oc-2ca"/>
      </symbol>
      <symbol id="sm-6c0">
         <name>EUSCI_B_SPI_transmitData</name>
         <value>0x2851</value>
         <object_component_ref idref="oc-2d6"/>
      </symbol>
      <symbol id="sm-6c1">
         <name>EUSCI_A_SPI_enable</name>
         <value>0x2825</value>
         <object_component_ref idref="oc-3bb"/>
      </symbol>
      <symbol id="sm-6c2">
         <name>SPI_initMaster</name>
         <value>0x1a3d</value>
         <object_component_ref idref="oc-2c4"/>
      </symbol>
      <symbol id="sm-6fd">
         <name>Timer32_startTimer</name>
         <value>0x2439</value>
         <object_component_ref idref="oc-1f2"/>
      </symbol>
      <symbol id="sm-6fe">
         <name>Timer32_setCount</name>
         <value>0x24d9</value>
         <object_component_ref idref="oc-1ec"/>
      </symbol>
      <symbol id="sm-6ff">
         <name>Timer32_getValue</name>
         <value>0x291d</value>
         <object_component_ref idref="oc-1e0"/>
      </symbol>
      <symbol id="sm-700">
         <name>Timer32_haltTimer</name>
         <value>0x28a5</value>
         <object_component_ref idref="oc-1da"/>
      </symbol>
      <symbol id="sm-701">
         <name>Timer32_initModule</name>
         <value>0x1e89</value>
         <object_component_ref idref="oc-1a9"/>
      </symbol>
      <symbol id="sm-75a">
         <name>Timer_A_enableCaptureCompareInterrupt</name>
         <value>0x2655</value>
         <object_component_ref idref="oc-fa"/>
      </symbol>
      <symbol id="sm-75b">
         <name>Timer_A_clearCaptureCompareInterrupt</name>
         <value>0x2629</value>
         <object_component_ref idref="oc-172"/>
      </symbol>
      <symbol id="sm-75c">
         <name>Timer_A_generatePWM</name>
         <value>0x1e15</value>
         <object_component_ref idref="oc-f4"/>
      </symbol>
      <symbol id="sm-75d">
         <name>Timer_A_startCounter</name>
         <value>0x2867</value>
         <object_component_ref idref="oc-10c"/>
      </symbol>
      <symbol id="sm-75e">
         <name>Timer_A_stopTimer</name>
         <value>0x28b9</value>
         <object_component_ref idref="oc-112"/>
      </symbol>
      <symbol id="sm-75f">
         <name>Timer_A_clearTimer</name>
         <value>0x280d</value>
         <object_component_ref idref="oc-106"/>
      </symbol>
      <symbol id="sm-76b">
         <name>WDT_A_holdTimer</name>
         <value>0x2775</value>
         <object_component_ref idref="oc-220"/>
      </symbol>
      <symbol id="sm-77d">
         <name>CPU_wfi</name>
         <value>0x2985</value>
         <object_component_ref idref="oc-32d"/>
      </symbol>
      <symbol id="sm-77e">
         <name>CPU_cpsie</name>
         <value>0x2955</value>
         <object_component_ref idref="oc-326"/>
      </symbol>
      <symbol id="sm-79f">
         <name>qsort</name>
         <value>0x18cd</value>
         <object_component_ref idref="oc-1e6"/>
      </symbol>
      <symbol id="sm-7a0">
         <name>__TI_static_base__</name>
         <value>0x0</value>
      </symbol>
      <symbol id="sm-7a3">
         <name>__mpu_init</name>
         <value>0x0</value>
      </symbol>
      <symbol id="sm-7a4">
         <name>_system_post_cinit</name>
         <value>0x0</value>
      </symbol>
      <symbol id="sm-7a5">
         <name>NMI_Handler</name>
         <value>0x2945</value>
      </symbol>
      <symbol id="sm-7a6">
         <name>HardFault_Handler</name>
         <value>0x2945</value>
      </symbol>
      <symbol id="sm-7a7">
         <name>MemManage_Handler</name>
         <value>0x2945</value>
      </symbol>
      <symbol id="sm-7a8">
         <name>BusFault_Handler</name>
         <value>0x2945</value>
      </symbol>
      <symbol id="sm-7a9">
         <name>UsageFault_Handler</name>
         <value>0x2945</value>
      </symbol>
      <symbol id="sm-7aa">
         <name>SVC_Handler</name>
         <value>0x2945</value>
      </symbol>
      <symbol id="sm-7ab">
         <name>DebugMon_Handler</name>
         <value>0x2945</value>
      </symbol>
      <symbol id="sm-7ac">
         <name>PendSV_Handler</name>
         <value>0x2945</value>
      </symbol>
      <symbol id="sm-7ad">
         <name>SysTick_Handler</name>
         <value>0x2945</value>
      </symbol>
      <symbol id="sm-7ae">
         <name>PSS_IRQHandler</name>
         <value>0x2945</value>
      </symbol>
      <symbol id="sm-7af">
         <name>CS_IRQHandler</name>
         <value>0x2945</value>
      </symbol>
      <symbol id="sm-7b0">
         <name>PCM_IRQHandler</name>
         <value>0x2945</value>
      </symbol>
      <symbol id="sm-7b1">
         <name>WDT_A_IRQHandler</name>
         <value>0x2945</value>
      </symbol>
      <symbol id="sm-7b2">
         <name>FPU_IRQHandler</name>
         <value>0x2945</value>
      </symbol>
      <symbol id="sm-7b3">
         <name>FLCTL_IRQHandler</name>
         <value>0x2945</value>
      </symbol>
      <symbol id="sm-7b4">
         <name>COMP_E0_IRQHandler</name>
         <value>0x2945</value>
      </symbol>
      <symbol id="sm-7b5">
         <name>COMP_E1_IRQHandler</name>
         <value>0x2945</value>
      </symbol>
      <symbol id="sm-7b6">
         <name>TA0_0_IRQHandler</name>
         <value>0x2945</value>
      </symbol>
      <symbol id="sm-7b7">
         <name>TA0_N_IRQHandler</name>
         <value>0x5a9</value>
      </symbol>
      <symbol id="sm-7b8">
         <name>TA1_0_IRQHandler</name>
         <value>0x2945</value>
      </symbol>
      <symbol id="sm-7b9">
         <name>TA1_N_IRQHandler</name>
         <value>0x2945</value>
      </symbol>
      <symbol id="sm-7ba">
         <name>TA2_0_IRQHandler</name>
         <value>0x2945</value>
      </symbol>
      <symbol id="sm-7bb">
         <name>TA2_N_IRQHandler</name>
         <value>0x2945</value>
      </symbol>
      <symbol id="sm-7bc">
         <name>TA3_0_IRQHandler</name>
         <value>0x2945</value>
      </symbol>
      <symbol id="sm-7bd">
         <name>TA3_N_IRQHandler</name>
         <value>0x2945</value>
      </symbol>
      <symbol id="sm-7be">
         <name>EUSCIA0_IRQHandler</name>
         <value>0x2945</value>
      </symbol>
      <symbol id="sm-7bf">
         <name>EUSCIA1_IRQHandler</name>
         <value>0x2945</value>
      </symbol>
      <symbol id="sm-7c0">
         <name>EUSCIA2_IRQHandler</name>
         <value>0x2945</value>
      </symbol>
      <symbol id="sm-7c1">
         <name>EUSCIA3_IRQHandler</name>
         <value>0x2945</value>
      </symbol>
      <symbol id="sm-7c2">
         <name>EUSCIB0_IRQHandler</name>
         <value>0x2945</value>
      </symbol>
      <symbol id="sm-7c3">
         <name>EUSCIB1_IRQHandler</name>
         <value>0x2945</value>
      </symbol>
      <symbol id="sm-7c4">
         <name>EUSCIB2_IRQHandler</name>
         <value>0x2945</value>
      </symbol>
      <symbol id="sm-7c5">
         <name>EUSCIB3_IRQHandler</name>
         <value>0x2945</value>
      </symbol>
      <symbol id="sm-7c6">
         <name>ADC14_IRQHandler</name>
         <value>0x6a9</value>
      </symbol>
      <symbol id="sm-7c7">
         <name>T32_INT1_IRQHandler</name>
         <value>0x2945</value>
      </symbol>
      <symbol id="sm-7c8">
         <name>T32_INT2_IRQHandler</name>
         <value>0x2945</value>
      </symbol>
      <symbol id="sm-7c9">
         <name>T32_INTC_IRQHandler</name>
         <value>0x2945</value>
      </symbol>
      <symbol id="sm-7ca">
         <name>AES256_IRQHandler</name>
         <value>0x2945</value>
      </symbol>
      <symbol id="sm-7cb">
         <name>RTC_C_IRQHandler</name>
         <value>0x2945</value>
      </symbol>
      <symbol id="sm-7cc">
         <name>DMA_ERR_IRQHandler</name>
         <value>0x671</value>
      </symbol>
      <symbol id="sm-7cd">
         <name>DMA_INT3_IRQHandler</name>
         <value>0x2945</value>
      </symbol>
      <symbol id="sm-7ce">
         <name>DMA_INT2_IRQHandler</name>
         <value>0x2945</value>
      </symbol>
      <symbol id="sm-7cf">
         <name>DMA_INT1_IRQHandler</name>
         <value>0x61d</value>
      </symbol>
      <symbol id="sm-7d0">
         <name>DMA_INT0_IRQHandler</name>
         <value>0x2945</value>
      </symbol>
      <symbol id="sm-7d1">
         <name>PORT1_IRQHandler</name>
         <value>0x2945</value>
      </symbol>
      <symbol id="sm-7d2">
         <name>PORT2_IRQHandler</name>
         <value>0x2945</value>
      </symbol>
      <symbol id="sm-7d3">
         <name>PORT3_IRQHandler</name>
         <value>0x2945</value>
      </symbol>
      <symbol id="sm-7d4">
         <name>PORT4_IRQHandler</name>
         <value>0x2945</value>
      </symbol>
      <symbol id="sm-7d5">
         <name>PORT5_IRQHandler</name>
         <value>0x2945</value>
      </symbol>
      <symbol id="sm-7d6">
         <name>PORT6_IRQHandler</name>
         <value>0x2945</value>
      </symbol>
   </symbol_table>
   <title>Link successful</title>
</link_info>
