******************************************************************************
                  TI ARM Linker PC v20.2.7                     
******************************************************************************
>> Linked Wed Nov  2 15:33:03 2022

OUTPUT FILE NAME:   <lab1_blinkingled.out>
ENTRY POINT SYMBOL: "_c_int00_noargs"  address: 0000250d


MEMORY CONFIGURATION

         name            origin    length      used     unused   attr    fill
----------------------  --------  ---------  --------  --------  ----  --------
  MAIN                  00000000   00040000  00002ad0  0003d530  R  X
  INFO                  00200000   00004000  00000000  00004000  R  X
  SRAM_CODE             01000000   00010000  0000083d  0000f7c3  RW X
  SRAM_DATA             20000000   00010000  0000083d  0000f7c3  RW  


SEGMENT ALLOCATION MAP

run origin  load origin   length   init length attrs members
----------  ----------- ---------- ----------- ----- -------
00000000    00000000    00002ad0   00002ad0    r-x
  00000000    00000000    000000e4   000000e4    r-- .intvecs
  000000e4    000000e4    000028ac   000028ac    r-x .text
  00002990    00002990    00000100   00000100    r-- .const
  00002a90    00002a90    00000040   00000040    r-- .cinit
20000000    20000000    00000640   00000000    rw-
  20000000    20000000    0000061d   00000000    rw- .bss
  20000620    20000620    00000020   00000000    rw- .data
2000fe00    2000fe00    00000200   00000000    rw-
  2000fe00    2000fe00    00000200   00000000    rw- .stack


SECTION ALLOCATION MAP

 output                                  attributes/
section   page    origin      length       input sections
--------  ----  ----------  ----------   ----------------
.intvecs   0    00000000    000000e4     
                  00000000    000000e4     startup_msp432p401r_ccs.obj (.intvecs:retain)

.text      0    000000e4    000028ac     
                  000000e4    00000a90     xlaudio_lib.lib : xlaudio.obj (.text)
                  00000b74    00000334     system_msp432p401r.obj (.text)
                  00000ea8    00000210     msp432p4xx_driverlib.lib : dma.o (.text:DMA_assignChannel)
                  000010b8    00000160                              : adc14.o (.text:_getIndexForMemRegister)
                  00001218    0000015c                              : pcm.o (.text:__PCM_setPowerModeAdvanced)
                  00001374    00000144                              : timer_a.o (.text:privateTimer_AProcessClockSourceDivider)
                  000014b8    00000130                              : cs.o (.text:CS_initClockSignal)
                  000015e8    00000108                              : pcm.o (.text:__PCM_setCoreVoltageLevelAdvanced)
                  000016f0    000000f0                              : dma.o (.text:DMA_setChannelTransfer)
                  000017e0    000000ec     xlaudio_lib.lib : dac8311.obj (.text)
                  000018cc    000000ba     rtsv7M4_T_le_v4SPD16_eabi.lib : qsort.c.obj (.text:qsort)
                  00001986    00000002     --HOLE-- [fill = 0]
                  00001988    000000b4     msp432p4xx_driverlib.lib : adc14.o (.text:ADC14_configureConversionMemory)
                  00001a3c    000000b0                              : spi.o (.text:SPI_initMaster)
                  00001aec    0000009c     rtsv7M4_T_le_v4SPD16_eabi.lib : memcpy_t2.asm.obj (.text)
                  00001b88    00000088     msp432p4xx_driverlib.lib : gpio.o (.text:GPIO_setAsPeripheralModuleFunctionInputPin)
                  00001c10    00000088                              : gpio.o (.text:GPIO_setAsPeripheralModuleFunctionOutputPin)
                  00001c98    00000080                              : dma.o (.text:DMA_getChannelAttribute)
                  00001d18    00000080                              : interrupt.o (.text:Interrupt_enableInterrupt)
                  00001d98    0000007a     rtsv7M4_T_le_v4SPD16_eabi.lib : memset_t2.asm.obj (.text)
                  00001e12    00000002     --HOLE-- [fill = 0]
                  00001e14    00000074     msp432p4xx_driverlib.lib : timer_a.o (.text:Timer_A_generatePWM)
                  00001e88    00000068                              : timer32.o (.text:Timer32_initModule)
                  00001ef0    00000068     rtsv7M4_T_le_v4SPD16_eabi.lib : copy_decompress_lzss.c.obj (.text:decompress:lzss:__TI_decompress_lzss)
                  00001f58    00000064     msp432p4xx_driverlib.lib : dma.o (.text:DMA_disableChannelAttribute)
                  00001fbc    00000060                              : dma.o (.text:DMA_assignInterrupt)
                  0000201c    0000005e                              : pcm.o (.text:PCM_getCoreVoltageLevel)
                  0000207a    0000005a                              : pcm.o (.text:PCM_getPowerMode)
                  000020d4    00000058                              : adc14.o (.text:ADC14_configureSingleSampleMode)
                  0000212c    00000058                              : gpio.o (.text:GPIO_setAsInputPinWithPullUpResistor)
                  00002184    00000054                              : adc14.o (.text:ADC14_initModule)
                  000021d8    0000004c                              : dma.o (.text:DMA_enableInterrupt)
                  00002224    0000004c                              : gpio.o (.text:GPIO_setAsInputPin)
                  00002270    00000048                              : adc14.o (.text:ADC14_setSampleHoldTrigger)
                  000022b8    00000048                              : flash.o (.text:FlashCtl_setWaitState)
                  00002300    00000044     rtsv7M4_T_le_v4SPD16_eabi.lib : autoinit.c.obj (.text:__TI_auto_init_nobinit_nopinit:__TI_auto_init_nobinit_nopinit)
                  00002344    00000040     msp432p4xx_driverlib.lib : gpio.o (.text:GPIO_setAsOutputPin)
                  00002384    00000040                              : spi.o (.text:is_A_Module)
                  000023c4    0000003c                              : dma.o (.text:DMA_setChannelControl)
                  00002400    00000038                              : adc14.o (.text:ADC14_getEnabledInterruptStatus)
                  00002438    00000038                              : timer32.o (.text:Timer32_startTimer)
                  00002470    00000034                              : adc14.o (.text:ADC14_enableSampleTimer)
                  000024a4    00000034                              : cs.o (.text:CS_setDCOCenteredFrequency)
                  000024d8    00000034                              : timer32.o (.text:Timer32_setCount)
                  0000250c    00000034     rtsv7M4_T_le_v4SPD16_eabi.lib : boot_cortex_m.c.obj (.text:_c_int00_noargs:_c_int00_noargs)
                  00002540    00000030     msp432p4xx_driverlib.lib : adc14.o (.text:ADC14_clearInterruptFlag)
                  00002570    00000030                              : adc14.o (.text:ADC14_enableInterrupt)
                  000025a0    00000030                              : gpio.o (.text:GPIO_getInputPinValue)
                  000025d0    0000002c                              : adc14.o (.text:ADC14_getInterruptStatus)
                  000025fc    0000002c                              : adc14.o (.text:ADC14_toggleConversionTrigger)
                  00002628    0000002c                              : timer_a.o (.text:Timer_A_clearCaptureCompareInterrupt)
                  00002654    0000002c                              : timer_a.o (.text:Timer_A_enableCaptureCompareInterrupt)
                  00002680    0000002c     main.obj (.text)
                  000026ac    00000028     msp432p4xx_driverlib.lib : adc14.o (.text:ADC14_enableConversion)
                  000026d4    00000028                              : adc14.o (.text:ADC14_getResult)
                  000026fc    00000028                              : gpio.o (.text:GPIO_setOutputHighOnPin)
                  00002724    00000028                              : gpio.o (.text:GPIO_setOutputLowOnPin)
                  0000274c    00000028                              : pcm.o (.text:PCM_gotoLPM0)
                  00002774    00000024                              : wdt_a.o (.text:WDT_A_holdTimer)
                  00002798    00000020                              : adc14.o (.text:ADC14_setResolution)
                  000027b8    0000001c                              : dma.o (.text:DMA_enableChannel)
                  000027d4    0000001c                              : spi.o (.text:EUSCI_B_SPI_isBusy)
                  000027f0    0000001c                              : spi.o (.text:SPI_enableModule)
                  0000280c    00000018                              : timer_a.o (.text:Timer_A_clearTimer)
                  00002824    00000016                              : spi.o (.text:EUSCI_A_SPI_enable)
                  0000283a    00000016                              : spi.o (.text:EUSCI_B_SPI_enable)
                  00002850    00000016                              : spi.o (.text:EUSCI_B_SPI_transmitData)
                  00002866    00000016                              : timer_a.o (.text:Timer_A_startCounter)
                  0000287c    00000014                              : dma.o (.text:DMA_setControlBase)
                  00002890    00000014                              : pcm.o (.text:PCM_getPowerState)
                  000028a4    00000014                              : timer32.o (.text:Timer32_haltTimer)
                  000028b8    00000014                              : timer_a.o (.text:Timer_A_stopTimer)
                  000028cc    00000010                              : adc14.o (.text:ADC14_isBusy)
                  000028dc    00000010                              : adc14.o (.text:ADCIsConversionRunning)
                  000028ec    00000010                              : interrupt.o (.text:Interrupt_enableMaster)
                  000028fc    00000010                              : pcm.o (.text:PCM_setCoreVoltageLevel)
                  0000290c    00000010                              : pcm.o (.text:PCM_setPowerMode)
                  0000291c    0000000e                              : timer32.o (.text:Timer32_getValue)
                  0000292a    0000000e     rtsv7M4_T_le_v4SPD16_eabi.lib : copy_decompress_none.c.obj (.text:decompress:none:__TI_decompress_none)
                  00002938    0000000e     startup_msp432p401r_ccs.obj (.text)
                  00002946    00000002     --HOLE-- [fill = 0]
                  00002948    0000000c     msp432p4xx_driverlib.lib : adc14.o (.text:ADC14_enableModule)
                  00002954    0000000c                              : cpu.o (.text:CPU_cpsie)
                  00002960    0000000c                              : dma.o (.text:DMA_clearErrorStatus)
                  0000296c    0000000c                              : dma.o (.text:DMA_enableModule)
                  00002978    0000000c     rtsv7M4_T_le_v4SPD16_eabi.lib : copy_zero_init.c.obj (.text:decompress:ZI:__TI_zero_init)
                  00002984    00000004     msp432p4xx_driverlib.lib : cpu.o (.text:CPU_wfi)
                  00002988    00000004     rtsv7M4_T_le_v4SPD16_eabi.lib : pre_init.c.obj (.text:_system_pre_init)
                  0000298c    00000004                                   : exit.c.obj (.text:abort:abort)

.const     0    00002990    00000100     
                  00002990    00000080     msp432p4xx_driverlib.lib : adc14.o (.const:_ctlRegs)
                  00002a10    00000030                              : gpio.o (.const:GPIO_PORT_TO_BASE)
                  00002a40    00000020     xlaudio_lib.lib : xlaudio.obj (.const:$P$T0$1)
                  00002a60    0000001c                     : dac8311.obj (.const:$P$T0$1)
                  00002a7c    0000000a                     : xlaudio.obj (.const:$P$T1$2)
                  00002a86    00000002     --HOLE-- [fill = 0]
                  00002a88    00000008     msp432p4xx_driverlib.lib : interrupt.o (.const:g_pulEnRegs)

.cinit     0    00002a90    00000040     
                  00002a90    00000016     (.cinit..data.load) [load image, compression = lzss]
                  00002aa6    00000002     --HOLE-- [fill = 0]
                  00002aa8    0000000c     (__TI_handler_table)
                  00002ab4    00000004     --HOLE-- [fill = 0]
                  00002ab8    00000008     (.cinit..bss.load) [load image, compression = zero_init]
                  00002ac0    00000010     (__TI_cinit_table)

.init_array 
*          0    00000000    00000000     UNINITIALIZED

.binit     0    00000000    00000000     

.bss       0    20000000    0000061d     UNINITIALIZED
                  20000000    00000200     xlaudio_lib.lib : xlaudio.obj (.bss:dmaControlTable)
                  20000200    00000100     (.common:glbPingADC)
                  20000300    00000100     (.common:glbPingDAC)
                  20000400    00000100     (.common:glbPongADC)
                  20000500    00000100     (.common:glbPongDAC)
                  20000600    00000018     (.common:glbPWMConfig)
                  20000618    00000004                     : xlaudio.obj (.bss)
                  2000061c    00000001     (.common:glbIO)

.data      0    20000620    00000020     UNINITIALIZED
                  20000620    0000001c     xlaudio_lib.lib : xlaudio.obj (.data)
                  2000063c    00000004     system_msp432p401r.obj (.data)

.stack     0    2000fe00    00000200     UNINITIALIZED
                  2000fe00    00000004     rtsv7M4_T_le_v4SPD16_eabi.lib : boot_cortex_m.c.obj (.stack)
                  2000fe04    000001fc     --HOLE--

__llvm_prf_cnts 
*          0    20000000    00000000     UNINITIALIZED

MODULE SUMMARY

       Module                        code    ro data   rw data
       ------                        ----    -------   -------
    .\
       system_msp432p401r.obj        820     0         8      
       startup_msp432p401r_ccs.obj   14      228       0      
       main.obj                      44      0         0      
    +--+-----------------------------+-------+---------+---------+
       Total:                        878     228       8      
                                                              
    C:/Users/Cristian/workspace_v12/xlaudio_lib/Debug/xlaudio_lib.lib
       xlaudio.obj                   2704    42        3186   
       dac8311.obj                   236     28        0      
    +--+-----------------------------+-------+---------+---------+
       Total:                        2940    70        3186   
                                                              
    C:/ti/simplelink_msp432p4_sdk_3_40_01_02/source/ti/devices/msp432p4xx/driverlib/ccs/msp432p4xx_driverlib.lib
       adc14.o                       1224    128       0      
       dma.o                         1300    0         0      
       pcm.o                         888     0         0      
       gpio.o                        628     48        0      
       timer_a.o                     594     0         0      
       spi.o                         362     0         0      
       cs.o                          356     0         0      
       timer32.o                     246     0         0      
       interrupt.o                   144     8         0      
       flash.o                       72      0         0      
       wdt_a.o                       36      0         0      
       cpu.o                         16      0         0      
    +--+-----------------------------+-------+---------+---------+
       Total:                        5866    184       0      
                                                              
    C:\ti\ccs1210\ccs\tools\compiler\ti-cgt-arm_20.2.7.LTS\lib\rtsv7M4_T_le_v4SPD16_eabi.lib
       qsort.c.obj                   186     0         0      
       memcpy_t2.asm.obj             156     0         0      
       memset_t2.asm.obj             122     0         0      
       copy_decompress_lzss.c.obj    104     0         0      
       autoinit.c.obj                68      0         0      
       boot_cortex_m.c.obj           52      0         0      
       copy_decompress_none.c.obj    14      0         0      
       copy_zero_init.c.obj          12      0         0      
       exit.c.obj                    4       0         0      
       pre_init.c.obj                4       0         0      
    +--+-----------------------------+-------+---------+---------+
       Total:                        722     0         0      
                                                              
       Stack:                        0       0         1024   
       Linker Generated:             0       58        0      
    +--+-----------------------------+-------+---------+---------+
       Grand Total:                  10406   540       4218   


LINKER GENERATED COPY TABLES

__TI_cinit_table @ 00002ac0 records: 2, size/record: 8, table size: 16
	.data: load addr=00002a90, load size=00000016 bytes, run addr=20000620, run size=00000020 bytes, compression=lzss
	.bss: load addr=00002ab8, load size=00000008 bytes, run addr=20000000, run size=0000061d bytes, compression=zero_init


LINKER GENERATED HANDLER TABLE

__TI_handler_table @ 00002aa8 records: 3, size/record: 4, table size: 12
	index: 0, handler: __TI_decompress_lzss
	index: 1, handler: __TI_decompress_none
	index: 2, handler: __TI_zero_init


GLOBAL SYMBOLS: SORTED ALPHABETICALLY BY Name 

address   name                                       
-------   ----                                       
000006a9  ADC14_IRQHandler                           
000006a9  ADC14_IRQHandler                           
00002541  ADC14_clearInterruptFlag                   
00001989  ADC14_configureConversionMemory            
000020d5  ADC14_configureSingleSampleMode            
000026ad  ADC14_enableConversion                     
00002571  ADC14_enableInterrupt                      
00002949  ADC14_enableModule                         
00002471  ADC14_enableSampleTimer                    
00002401  ADC14_getEnabledInterruptStatus            
000025d1  ADC14_getInterruptStatus                   
000026d5  ADC14_getResult                            
00002185  ADC14_initModule                           
000028cd  ADC14_isBusy                               
00002799  ADC14_setResolution                        
00002271  ADC14_setSampleHoldTrigger                 
000025fd  ADC14_toggleConversionTrigger              
00002945  AES256_IRQHandler                          
00002945  BusFault_Handler                           
0000298d  C$$EXIT                                    
00002945  COMP_E0_IRQHandler                         
00002945  COMP_E1_IRQHandler                         
00002955  CPU_cpsie                                  
00002985  CPU_wfi                                    
00002945  CS_IRQHandler                              
000014b9  CS_initClockSignal                         
000024a5  CS_setDCOCenteredFrequency                 
000017e1  DAC8311_init                               
00001895  DAC8311_setLowPowerMode                    
00001879  DAC8311_updateDacOut                       
00000671  DMA_ERR_IRQHandler                         
00000671  DMA_ERR_IRQHandler                         
00002945  DMA_INT0_IRQHandler                        
0000061d  DMA_INT1_IRQHandler                        
0000061d  DMA_INT1_IRQHandler                        
00002945  DMA_INT2_IRQHandler                        
00002945  DMA_INT3_IRQHandler                        
00000ea9  DMA_assignChannel                          
00001fbd  DMA_assignInterrupt                        
00002961  DMA_clearErrorStatus                       
00001f59  DMA_disableChannelAttribute                
000027b9  DMA_enableChannel                          
000021d9  DMA_enableInterrupt                        
0000296d  DMA_enableModule                           
00001c99  DMA_getChannelAttribute                    
000023c5  DMA_setChannelControl                      
000016f1  DMA_setChannelTransfer                     
0000287d  DMA_setControlBase                         
00002945  DebugMon_Handler                           
00002945  Default_Handler                            
00002945  EUSCIA0_IRQHandler                         
00002945  EUSCIA1_IRQHandler                         
00002945  EUSCIA2_IRQHandler                         
00002945  EUSCIA3_IRQHandler                         
00002945  EUSCIB0_IRQHandler                         
00002945  EUSCIB1_IRQHandler                         
00002945  EUSCIB2_IRQHandler                         
00002945  EUSCIB3_IRQHandler                         
00002825  EUSCI_A_SPI_enable                         
0000283b  EUSCI_B_SPI_enable                         
000027d5  EUSCI_B_SPI_isBusy                         
00002851  EUSCI_B_SPI_transmitData                   
00002945  FLCTL_IRQHandler                           
00002945  FPU_IRQHandler                             
000022b9  FlashCtl_setWaitState                      
000025a1  GPIO_getInputPinValue                      
00002225  GPIO_setAsInputPin                         
0000212d  GPIO_setAsInputPinWithPullUpResistor       
00002345  GPIO_setAsOutputPin                        
00001b89  GPIO_setAsPeripheralModuleFunctionInputPin 
00001c11  GPIO_setAsPeripheralModuleFunctionOutputPin
000026fd  GPIO_setOutputHighOnPin                    
00002725  GPIO_setOutputLowOnPin                     
00002945  HardFault_Handler                          
00001d19  Interrupt_enableInterrupt                  
000028ed  Interrupt_enableMaster                     
00002945  MemManage_Handler                          
00002945  NMI_Handler                                
00002945  PCM_IRQHandler                             
0000201d  PCM_getCoreVoltageLevel                    
0000207b  PCM_getPowerMode                           
00002891  PCM_getPowerState                          
0000274d  PCM_gotoLPM0                               
000028fd  PCM_setCoreVoltageLevel                    
0000290d  PCM_setPowerMode                           
00002945  PORT1_IRQHandler                           
00002945  PORT2_IRQHandler                           
00002945  PORT3_IRQHandler                           
00002945  PORT4_IRQHandler                           
00002945  PORT5_IRQHandler                           
00002945  PORT6_IRQHandler                           
00002945  PSS_IRQHandler                             
00002945  PendSV_Handler                             
00002945  RTC_C_IRQHandler                           
00002939  Reset_Handler                              
000027f1  SPI_enableModule                           
00001a3d  SPI_initMaster                             
00002945  SVC_Handler                                
00002945  SysTick_Handler                            
2000063c  SystemCoreClock                            
00000b75  SystemCoreClockUpdate                      
00000ded  SystemInit                                 
00002945  T32_INT1_IRQHandler                        
00002945  T32_INT2_IRQHandler                        
00002945  T32_INTC_IRQHandler                        
00002945  TA0_0_IRQHandler                           
000005a9  TA0_N_IRQHandler                           
000005a9  TA0_N_IRQHandler                           
00002945  TA1_0_IRQHandler                           
00002945  TA1_N_IRQHandler                           
00002945  TA2_0_IRQHandler                           
00002945  TA2_N_IRQHandler                           
00002945  TA3_0_IRQHandler                           
00002945  TA3_N_IRQHandler                           
0000291d  Timer32_getValue                           
000028a5  Timer32_haltTimer                          
00001e89  Timer32_initModule                         
000024d9  Timer32_setCount                           
00002439  Timer32_startTimer                         
00002629  Timer_A_clearCaptureCompareInterrupt       
0000280d  Timer_A_clearTimer                         
00002655  Timer_A_enableCaptureCompareInterrupt      
00001e15  Timer_A_generatePWM                        
00002867  Timer_A_startCounter                       
000028b9  Timer_A_stopTimer                          
00002945  UsageFault_Handler                         
4000480c  WDTCTL_SYM                                 
00002945  WDT_A_IRQHandler                           
00002775  WDT_A_holdTimer                            
20010000  __STACK_END                                
00000200  __STACK_SIZE                               
00002ac0  __TI_CINIT_Base                            
00002ad0  __TI_CINIT_Limit                           
00002aa8  __TI_Handler_Table_Base                    
00002ab4  __TI_Handler_Table_Limit                   
00002301  __TI_auto_init_nobinit_nopinit             
00001ef1  __TI_decompress_lzss                       
0000292b  __TI_decompress_none                       
ffffffff  __TI_pprof_out_hndl                        
ffffffff  __TI_prof_data_size                        
ffffffff  __TI_prof_data_start                       
00000000  __TI_static_base__                         
00002979  __TI_zero_init                             
00001d99  __aeabi_memclr                             
00001d99  __aeabi_memclr4                            
00001d99  __aeabi_memclr8                            
00001aed  __aeabi_memcpy                             
00001aed  __aeabi_memcpy4                            
00001aed  __aeabi_memcpy8                            
00001d9b  __aeabi_memset                             
00001d9b  __aeabi_memset4                            
00001d9b  __aeabi_memset8                            
ffffffff  __binit__                                  
ffffffff  __c_args__                                 
UNDEFED   __mpu_init                                 
2000fe00  __stack                                    
20000000  __start___llvm_prf_cnts                    
20000000  __stop___llvm_prf_cnts                     
0000250d  _c_int00_noargs                            
UNDEFED   _system_post_cinit                         
00002989  _system_pre_init                           
0000298d  abort                                      
ffffffff  binit                                      
00000341  blockingerror                              
00000239  colorledinit                               
000009c9  comp_uint32                                
000003f3  configureBuffer                            
00000381  configureSampleclock                       
000001b5  debugpininit                               
000001f5  dutypinhigh                                
000001e1  dutypininit                                
00000201  dutypinlow                                 
0000020d  errorledinit                               
20000623  glbADCPPRead                               
20000622  glbADCPPWrite                              
20000628  glbActiveDACBuf                            
20000620  glbBUFLEN                                  
20000634  glbBufferCallback                          
2000062c  glbDACBufIndex                             
20000625  glbDACPPRead                               
20000624  glbDACPPWrite                              
2000061c  glbIO                                      
20000600  glbPWMConfig                               
20000200  glbPingADC                                 
20000300  glbPingDAC                                 
20000400  glbPongADC                                 
20000500  glbPongDAC                                 
20000630  glbSampleCallback                          
0000048b  initADC                                    
0000014b  initAmp                                    
0000015f  initClock                                  
000000e5  initMic                                    
000002dd  initPushButton                             
00000127  initSwitch                                 
00000719  initTimer32                                
00000000  interruptVectors                           
00002681  main                                       
000009df  median                                     
00001aed  memcpy                                     
00001da1  memset                                     
0000013f  micOff                                     
00000133  micOn                                      
000009a5  perfLap                                    
000018cd  qsort                                      
00000469  startSampleClock                           
00000997  stopPerf                                   
0000047f  stopSampleClock                            
00000765  xlaudio__init_poll                         
000002a5  xlaudio_colorledblue                       
00000289  xlaudio_colorledgreen                      
000002c1  xlaudio_colorledoff                        
0000026d  xlaudio_colorledred                        
000001c9  xlaudio_debugpinhigh                       
000001d5  xlaudio_debugpinlow                        
000009f9  xlaudio_delay                              
0000022d  xlaudio_errorledoff                        
00000221  xlaudio_errorledon                         
00000745  xlaudio_init                               
00000825  xlaudio_init_dma                           
000007b9  xlaudio_init_intr                          
00000ab5  xlaudio_measurePerfBuffer                  
00000a35  xlaudio_measurePerfSample                  
000002f1  xlaudio_pushButtonLeftDown                 
00000305  xlaudio_pushButtonLeftUp                   
00000319  xlaudio_pushButtonRightDown                
0000032d  xlaudio_pushButtonRightUp                  
000008a9  xlaudio_run                                


GLOBAL SYMBOLS: SORTED BY Symbol Address 

address   name                                       
-------   ----                                       
00000000  __TI_static_base__                         
00000000  interruptVectors                           
000000e5  initMic                                    
00000127  initSwitch                                 
00000133  micOn                                      
0000013f  micOff                                     
0000014b  initAmp                                    
0000015f  initClock                                  
000001b5  debugpininit                               
000001c9  xlaudio_debugpinhigh                       
000001d5  xlaudio_debugpinlow                        
000001e1  dutypininit                                
000001f5  dutypinhigh                                
00000200  __STACK_SIZE                               
00000201  dutypinlow                                 
0000020d  errorledinit                               
00000221  xlaudio_errorledon                         
0000022d  xlaudio_errorledoff                        
00000239  colorledinit                               
0000026d  xlaudio_colorledred                        
00000289  xlaudio_colorledgreen                      
000002a5  xlaudio_colorledblue                       
000002c1  xlaudio_colorledoff                        
000002dd  initPushButton                             
000002f1  xlaudio_pushButtonLeftDown                 
00000305  xlaudio_pushButtonLeftUp                   
00000319  xlaudio_pushButtonRightDown                
0000032d  xlaudio_pushButtonRightUp                  
00000341  blockingerror                              
00000381  configureSampleclock                       
000003f3  configureBuffer                            
00000469  startSampleClock                           
0000047f  stopSampleClock                            
0000048b  initADC                                    
000005a9  TA0_N_IRQHandler                           
000005a9  TA0_N_IRQHandler                           
0000061d  DMA_INT1_IRQHandler                        
0000061d  DMA_INT1_IRQHandler                        
00000671  DMA_ERR_IRQHandler                         
00000671  DMA_ERR_IRQHandler                         
000006a9  ADC14_IRQHandler                           
000006a9  ADC14_IRQHandler                           
00000719  initTimer32                                
00000745  xlaudio_init                               
00000765  xlaudio__init_poll                         
000007b9  xlaudio_init_intr                          
00000825  xlaudio_init_dma                           
000008a9  xlaudio_run                                
00000997  stopPerf                                   
000009a5  perfLap                                    
000009c9  comp_uint32                                
000009df  median                                     
000009f9  xlaudio_delay                              
00000a35  xlaudio_measurePerfSample                  
00000ab5  xlaudio_measurePerfBuffer                  
00000b75  SystemCoreClockUpdate                      
00000ded  SystemInit                                 
00000ea9  DMA_assignChannel                          
000014b9  CS_initClockSignal                         
000016f1  DMA_setChannelTransfer                     
000017e1  DAC8311_init                               
00001879  DAC8311_updateDacOut                       
00001895  DAC8311_setLowPowerMode                    
000018cd  qsort                                      
00001989  ADC14_configureConversionMemory            
00001a3d  SPI_initMaster                             
00001aed  __aeabi_memcpy                             
00001aed  __aeabi_memcpy4                            
00001aed  __aeabi_memcpy8                            
00001aed  memcpy                                     
00001b89  GPIO_setAsPeripheralModuleFunctionInputPin 
00001c11  GPIO_setAsPeripheralModuleFunctionOutputPin
00001c99  DMA_getChannelAttribute                    
00001d19  Interrupt_enableInterrupt                  
00001d99  __aeabi_memclr                             
00001d99  __aeabi_memclr4                            
00001d99  __aeabi_memclr8                            
00001d9b  __aeabi_memset                             
00001d9b  __aeabi_memset4                            
00001d9b  __aeabi_memset8                            
00001da1  memset                                     
00001e15  Timer_A_generatePWM                        
00001e89  Timer32_initModule                         
00001ef1  __TI_decompress_lzss                       
00001f59  DMA_disableChannelAttribute                
00001fbd  DMA_assignInterrupt                        
0000201d  PCM_getCoreVoltageLevel                    
0000207b  PCM_getPowerMode                           
000020d5  ADC14_configureSingleSampleMode            
0000212d  GPIO_setAsInputPinWithPullUpResistor       
00002185  ADC14_initModule                           
000021d9  DMA_enableInterrupt                        
00002225  GPIO_setAsInputPin                         
00002271  ADC14_setSampleHoldTrigger                 
000022b9  FlashCtl_setWaitState                      
00002301  __TI_auto_init_nobinit_nopinit             
00002345  GPIO_setAsOutputPin                        
000023c5  DMA_setChannelControl                      
00002401  ADC14_getEnabledInterruptStatus            
00002439  Timer32_startTimer                         
00002471  ADC14_enableSampleTimer                    
000024a5  CS_setDCOCenteredFrequency                 
000024d9  Timer32_setCount                           
0000250d  _c_int00_noargs                            
00002541  ADC14_clearInterruptFlag                   
00002571  ADC14_enableInterrupt                      
000025a1  GPIO_getInputPinValue                      
000025d1  ADC14_getInterruptStatus                   
000025fd  ADC14_toggleConversionTrigger              
00002629  Timer_A_clearCaptureCompareInterrupt       
00002655  Timer_A_enableCaptureCompareInterrupt      
00002681  main                                       
000026ad  ADC14_enableConversion                     
000026d5  ADC14_getResult                            
000026fd  GPIO_setOutputHighOnPin                    
00002725  GPIO_setOutputLowOnPin                     
0000274d  PCM_gotoLPM0                               
00002775  WDT_A_holdTimer                            
00002799  ADC14_setResolution                        
000027b9  DMA_enableChannel                          
000027d5  EUSCI_B_SPI_isBusy                         
000027f1  SPI_enableModule                           
0000280d  Timer_A_clearTimer                         
00002825  EUSCI_A_SPI_enable                         
0000283b  EUSCI_B_SPI_enable                         
00002851  EUSCI_B_SPI_transmitData                   
00002867  Timer_A_startCounter                       
0000287d  DMA_setControlBase                         
00002891  PCM_getPowerState                          
000028a5  Timer32_haltTimer                          
000028b9  Timer_A_stopTimer                          
000028cd  ADC14_isBusy                               
000028ed  Interrupt_enableMaster                     
000028fd  PCM_setCoreVoltageLevel                    
0000290d  PCM_setPowerMode                           
0000291d  Timer32_getValue                           
0000292b  __TI_decompress_none                       
00002939  Reset_Handler                              
00002945  AES256_IRQHandler                          
00002945  BusFault_Handler                           
00002945  COMP_E0_IRQHandler                         
00002945  COMP_E1_IRQHandler                         
00002945  CS_IRQHandler                              
00002945  DMA_INT0_IRQHandler                        
00002945  DMA_INT2_IRQHandler                        
00002945  DMA_INT3_IRQHandler                        
00002945  DebugMon_Handler                           
00002945  Default_Handler                            
00002945  EUSCIA0_IRQHandler                         
00002945  EUSCIA1_IRQHandler                         
00002945  EUSCIA2_IRQHandler                         
00002945  EUSCIA3_IRQHandler                         
00002945  EUSCIB0_IRQHandler                         
00002945  EUSCIB1_IRQHandler                         
00002945  EUSCIB2_IRQHandler                         
00002945  EUSCIB3_IRQHandler                         
00002945  FLCTL_IRQHandler                           
00002945  FPU_IRQHandler                             
00002945  HardFault_Handler                          
00002945  MemManage_Handler                          
00002945  NMI_Handler                                
00002945  PCM_IRQHandler                             
00002945  PORT1_IRQHandler                           
00002945  PORT2_IRQHandler                           
00002945  PORT3_IRQHandler                           
00002945  PORT4_IRQHandler                           
00002945  PORT5_IRQHandler                           
00002945  PORT6_IRQHandler                           
00002945  PSS_IRQHandler                             
00002945  PendSV_Handler                             
00002945  RTC_C_IRQHandler                           
00002945  SVC_Handler                                
00002945  SysTick_Handler                            
00002945  T32_INT1_IRQHandler                        
00002945  T32_INT2_IRQHandler                        
00002945  T32_INTC_IRQHandler                        
00002945  TA0_0_IRQHandler                           
00002945  TA1_0_IRQHandler                           
00002945  TA1_N_IRQHandler                           
00002945  TA2_0_IRQHandler                           
00002945  TA2_N_IRQHandler                           
00002945  TA3_0_IRQHandler                           
00002945  TA3_N_IRQHandler                           
00002945  UsageFault_Handler                         
00002945  WDT_A_IRQHandler                           
00002949  ADC14_enableModule                         
00002955  CPU_cpsie                                  
00002961  DMA_clearErrorStatus                       
0000296d  DMA_enableModule                           
00002979  __TI_zero_init                             
00002985  CPU_wfi                                    
00002989  _system_pre_init                           
0000298d  C$$EXIT                                    
0000298d  abort                                      
00002aa8  __TI_Handler_Table_Base                    
00002ab4  __TI_Handler_Table_Limit                   
00002ac0  __TI_CINIT_Base                            
00002ad0  __TI_CINIT_Limit                           
20000000  __start___llvm_prf_cnts                    
20000000  __stop___llvm_prf_cnts                     
20000200  glbPingADC                                 
20000300  glbPingDAC                                 
20000400  glbPongADC                                 
20000500  glbPongDAC                                 
20000600  glbPWMConfig                               
2000061c  glbIO                                      
20000620  glbBUFLEN                                  
20000622  glbADCPPWrite                              
20000623  glbADCPPRead                               
20000624  glbDACPPWrite                              
20000625  glbDACPPRead                               
20000628  glbActiveDACBuf                            
2000062c  glbDACBufIndex                             
20000630  glbSampleCallback                          
20000634  glbBufferCallback                          
2000063c  SystemCoreClock                            
2000fe00  __stack                                    
20010000  __STACK_END                                
4000480c  WDTCTL_SYM                                 
ffffffff  __TI_pprof_out_hndl                        
ffffffff  __TI_prof_data_size                        
ffffffff  __TI_prof_data_start                       
ffffffff  __binit__                                  
ffffffff  __c_args__                                 
ffffffff  binit                                      
UNDEFED   __mpu_init                                 
UNDEFED   _system_post_cinit                         

[227 symbols]
